This file contains any messages produced by compilers while
running configure, to aid debugging if configure makes a mistake.

It was created by libpsl configure 0.23.3, which was
generated by GNU Autoconf 2.73.  Invocation command line was

  $ ./configure --prefix=/home/bloink/Work/unnamedlinuxdistro/fs --disable-static

## --------- ##
## Platform. ##
## --------- ##

hostname = aerynos
uname -m = x86_64
uname -r = 7.1.8-50.stable
uname -s = Linux
uname -v = #1 SMP PREEMPT_DYNAMIC 2026-08-15

/usr/bin/uname -p = unknown
/bin/uname -X     = unknown

/bin/arch              = x86_64
/usr/bin/arch -k       = unknown
/usr/convex/getsysinfo = unknown
/usr/bin/hostinfo      = unknown
/bin/machine           = unknown
/usr/bin/oslevel       = unknown
/bin/universe          = unknown

PATH: /usr/bin/
PATH: /home/bloink/.npm-global/bin/
PATH: /usr/local/sbin/
PATH: /usr/local/bin/
PATH: /usr/sbin/
PATH: /usr/bin/
PATH: /sbin/
PATH: /bin/


## ----------- ##
## Core tests. ##
## ----------- ##

configure:3015: looking for aux files: config.rpath config.guess config.sub ltmain.sh ar-lib compile missing install-sh
configure:3028:  trying ./build-aux/
configure:3057:   ./build-aux/config.rpath found
configure:3057:   ./build-aux/config.guess found
configure:3057:   ./build-aux/config.sub found
configure:3057:   ./build-aux/ltmain.sh found
configure:3057:   ./build-aux/ar-lib found
configure:3057:   ./build-aux/compile found
configure:3057:   ./build-aux/missing found
configure:3039:   ./build-aux/install-sh found
configure:3212: checking for a BSD-compatible install
configure:3286: result: /usr/bin/install -c
configure:3297: checking whether sleep supports fractional seconds
configure:3313: result: yes
configure:3316: checking filesystem timestamp resolution
configure:3451: result: 0.01
configure:3456: checking whether build environment is sane
configure:3501: result: yes
configure:3672: checking for a race-free mkdir -p
configure:3715: result: /bin/mkdir -p
configure:3722: checking for gawk
configure:3743: found /usr/bin/gawk
configure:3755: result: gawk
configure:3766: checking whether make sets $(MAKE)
configure:3790: result: yes
configure:3816: checking whether make supports nested variables
configure:3835: result: yes
configure:3849: checking xargs -n works
configure:3865: result: yes
configure:3945: checking whether UID '1000' is supported by ustar format
configure:3951: result: yes
configure:3958: checking whether GID '1000' is supported by ustar format
configure:3964: result: yes
configure:3972: checking how to create a ustar tar archive
configure:3983: tar --version
tar (GNU tar) 1.35
Copyright (C) 2023 Free Software Foundation, Inc.
License GPLv3+: GNU GPL version 3 or later <https://gnu.org/licenses/gpl.html>.
This is free software: you are free to change and redistribute it.
There is NO WARRANTY, to the extent permitted by law.

Written by John Gilmore and Jay Fenlason.
configure:3986: $? = 0
configure:4026: tardir=conftest.dir && eval tar --format=ustar -chf - "$tardir" >conftest.tar
configure:4029: $? = 0
configure:4033: tar -xf - <conftest.tar
configure:4036: $? = 0
configure:4038: cat conftest.dir/file
GrepMe
configure:4041: $? = 0
configure:4056: result: gnutar
configure:4151: checking for gcc
configure:4172: found /usr/bin/gcc
configure:4184: result: gcc
configure:4543: checking for C compiler version
configure:4552: gcc --version >&5
gcc (Alpine 15.2.0) 15.2.0
Copyright (C) 2025 Free Software Foundation, Inc.
This is free software; see the source for copying conditions.  There is NO
warranty; not even for MERCHANTABILITY or FITNESS FOR A PARTICULAR PURPOSE.

configure:4563: $? = 0
configure:4552: gcc -v >&5
Using built-in specs.
COLLECT_GCC=gcc
COLLECT_LTO_WRAPPER=/usr/libexec/gcc/x86_64-alpine-linux-musl/15.2.0/lto-wrapper
Target: x86_64-alpine-linux-musl
Configured with: /home/buildozer/aports/main/gcc/src/gcc-15.2.0/configure --prefix=/usr --mandir=/usr/share/man --infodir=/usr/share/info --build=x86_64-alpine-linux-musl --host=x86_64-alpine-linux-musl --target=x86_64-alpine-linux-musl --enable-checking=release --disable-cet --disable-fixed-point --disable-libstdcxx-pch --disable-multilib --disable-nls --disable-werror --disable-symvers --enable-__cxa_atexit --enable-default-pie --enable-default-ssp --enable-languages=c,c++,d,objc,go,fortran,ada --enable-link-serialization=2 --enable-linker-build-id --disable-libssp --enable-libsanitizer --enable-shared --enable-threads --enable-tls --with-bugurl=https://gitlab.alpinelinux.org/alpine/aports/-/issues --with-system-zlib --with-linker-hash-style=gnu --with-pkgversion='Alpine 15.2.0'
Thread model: posix
Supported LTO compression algorithms: zlib
gcc version 15.2.0 (Alpine 15.2.0) 
configure:4563: $? = 0
configure:4552: gcc -V >&5
gcc: error: unrecognized command-line option '-V'
gcc: fatal error: no input files
compilation terminated.
configure:4563: $? = 1
configure:4552: gcc -qversion >&5
gcc: error: unrecognized command-line option '-qversion'; did you mean '--version'?
gcc: fatal error: no input files
compilation terminated.
configure:4563: $? = 1
configure:4552: gcc -version >&5
gcc: error: unrecognized command-line option '-version'
gcc: fatal error: no input files
compilation terminated.
configure:4563: $? = 1
configure:4583: checking whether the C compiler works
configure:4605: gcc    conftest.c  >&5
configure:4609: $? = 0
configure:4660: result: yes
configure:4664: checking for C compiler default output file name
configure:4666: result: a.out
configure:4672: checking for suffix of executables
configure:4679: gcc -o conftest    conftest.c  >&5
configure:4683: $? = 0
configure:4707: result: 
configure:4731: checking whether we are cross compiling
configure:4739: gcc -o conftest    conftest.c  >&5
configure:4743: $? = 0
configure:4750: ./conftest
configure:4754: $? = 0
configure:4769: result: no
configure:4775: checking for suffix of object files
configure:4798: gcc -c   conftest.c >&5
configure:4802: $? = 0
configure:4826: result: o
configure:4830: checking whether the compiler supports GNU C
configure:4850: gcc -c   conftest.c >&5
configure:4850: $? = 0
configure:4862: result: yes
configure:4873: checking whether gcc accepts -g
configure:4894: gcc -c -g  conftest.c >&5
configure:4894: $? = 0
configure:4941: result: yes
configure:4961: checking for gcc option to enable C23 features
configure:4976: gcc  -c -g -O2  conftest.c >&5
conftest.c:72:11: error: unknown type name 'nullptr_t'
   72 | constexpr nullptr_t null_pointer = nullptr;
      |           ^~~~~~~~~
conftest.c:72:36: error: incompatible types when initializing type 'int' using type 'typeof (nullptr)'
   72 | constexpr nullptr_t null_pointer = nullptr;
      |                                    ^~~~~~~
configure:4976: $? = 1
configure: failed program was:
| /* confdefs.h */
| #define PACKAGE_NAME "libpsl"
| #define PACKAGE_TARNAME "libpsl"
| #define PACKAGE_VERSION "0.23.3"
| #define PACKAGE_STRING "libpsl 0.23.3"
| #define PACKAGE_BUGREPORT "tim.ruehsen@gmx.de"
| #define PACKAGE_URL "https://github.com/rockdaboot/libpsl"
| /* end confdefs.h.  */
| 
| /* Does the compiler advertise conformance to C17 or earlier?
|    Although GCC 14 does not do that, even with -std=gnu23,
|    it is close enough, and defines __STDC_VERSION == 202000L.  */
| #if !defined __STDC_VERSION__ || __STDC_VERSION__ <= 201710L
| # error "Compiler advertises conformance to C17 or earlier"
| #endif
| 
| // Check alignas.
| char alignas (double) c23_aligned_as_double;
| char alignas (0) c23_no_special_alignment;
| extern char c23_aligned_as_int;
| char alignas (0) alignas (int) c23_aligned_as_int;
| 
| // Check alignof.
| enum
| {
|   c23_int_alignment = alignof (int),
|   c23_int_array_alignment = alignof (int[100]),
|   c23_char_alignment = alignof (char)
| };
| static_assert (0 < -alignof (int), "alignof is signed");
| 
| int function_with_unnamed_parameter (int) { return 0; }
| 
| void c23_noreturn ();
| 
| /* Test parsing of string and char UTF-8 literals (including hex escapes).
|    The parens pacify GCC 15.  */
| bool use_u8 = (!sizeof u8"\xFF") == (!u8'x');
| 
| bool check_that_bool_works = true | false | !nullptr;
| #if !true
| # error "true does not work in #if"
| #endif
| #if false
| #elifdef __STDC_VERSION__
| #else
| # error "#elifdef does not work"
| #endif
| 
| #ifndef __has_c_attribute
| # error "__has_c_attribute not defined"
| #endif
| 
| #ifndef __has_include
| # error "__has_include not defined"
| #endif
| 
| #define LPAREN() (
| #define FORTY_TWO(x) 42
| #define VA_OPT_TEST(r, x, ...) __VA_OPT__ (FORTY_TWO r x))
| static_assert (VA_OPT_TEST (LPAREN (), 0, <:-) == 42);
| 
| static_assert (0b101010 == 42);
| static_assert (0B101010 == 42);
| static_assert (0xDEAD'BEEF == 3'735'928'559);
| static_assert (0.500'000'000 == 0.5);
| 
| enum unsignedish : unsigned int { uione = 1 };
| static_assert (0 < -uione);
| 
| #include <stddef.h>
| constexpr nullptr_t null_pointer = nullptr;
| 
| static typeof (1 + 1L) two () { return 2; }
| static long int three () { return 3; }
| 
| 
| int
| main (int, char **)
| {
|   int ok = 0;
|   
|   {
|     label_before_declaration:
|       int arr[10] = {};
|       if (arr[0])
|         goto label_before_declaration;
|       if (!arr[0])
|         goto label_at_end_of_block;
|     label_at_end_of_block:
|   }
|   ok |= !null_pointer;
|   ok |= two != three;
| 
|   return ok;
| }
| 
configure:4976: gcc -std=gnu23 -c -g -O2  conftest.c >&5
conftest.c:72:11: error: unknown type name 'nullptr_t'
   72 | constexpr nullptr_t null_pointer = nullptr;
      |           ^~~~~~~~~
conftest.c:72:36: error: incompatible types when initializing type 'int' using type 'typeof (nullptr)'
   72 | constexpr nullptr_t null_pointer = nullptr;
      |                                    ^~~~~~~
configure:4976: $? = 1
configure: failed program was:
| /* confdefs.h */
| #define PACKAGE_NAME "libpsl"
| #define PACKAGE_TARNAME "libpsl"
| #define PACKAGE_VERSION "0.23.3"
| #define PACKAGE_STRING "libpsl 0.23.3"
| #define PACKAGE_BUGREPORT "tim.ruehsen@gmx.de"
| #define PACKAGE_URL "https://github.com/rockdaboot/libpsl"
| /* end confdefs.h.  */
| 
| /* Does the compiler advertise conformance to C17 or earlier?
|    Although GCC 14 does not do that, even with -std=gnu23,
|    it is close enough, and defines __STDC_VERSION == 202000L.  */
| #if !defined __STDC_VERSION__ || __STDC_VERSION__ <= 201710L
| # error "Compiler advertises conformance to C17 or earlier"
| #endif
| 
| // Check alignas.
| char alignas (double) c23_aligned_as_double;
| char alignas (0) c23_no_special_alignment;
| extern char c23_aligned_as_int;
| char alignas (0) alignas (int) c23_aligned_as_int;
| 
| // Check alignof.
| enum
| {
|   c23_int_alignment = alignof (int),
|   c23_int_array_alignment = alignof (int[100]),
|   c23_char_alignment = alignof (char)
| };
| static_assert (0 < -alignof (int), "alignof is signed");
| 
| int function_with_unnamed_parameter (int) { return 0; }
| 
| void c23_noreturn ();
| 
| /* Test parsing of string and char UTF-8 literals (including hex escapes).
|    The parens pacify GCC 15.  */
| bool use_u8 = (!sizeof u8"\xFF") == (!u8'x');
| 
| bool check_that_bool_works = true | false | !nullptr;
| #if !true
| # error "true does not work in #if"
| #endif
| #if false
| #elifdef __STDC_VERSION__
| #else
| # error "#elifdef does not work"
| #endif
| 
| #ifndef __has_c_attribute
| # error "__has_c_attribute not defined"
| #endif
| 
| #ifndef __has_include
| # error "__has_include not defined"
| #endif
| 
| #define LPAREN() (
| #define FORTY_TWO(x) 42
| #define VA_OPT_TEST(r, x, ...) __VA_OPT__ (FORTY_TWO r x))
| static_assert (VA_OPT_TEST (LPAREN (), 0, <:-) == 42);
| 
| static_assert (0b101010 == 42);
| static_assert (0B101010 == 42);
| static_assert (0xDEAD'BEEF == 3'735'928'559);
| static_assert (0.500'000'000 == 0.5);
| 
| enum unsignedish : unsigned int { uione = 1 };
| static_assert (0 < -uione);
| 
| #include <stddef.h>
| constexpr nullptr_t null_pointer = nullptr;
| 
| static typeof (1 + 1L) two () { return 2; }
| static long int three () { return 3; }
| 
| 
| int
| main (int, char **)
| {
|   int ok = 0;
|   
|   {
|     label_before_declaration:
|       int arr[10] = {};
|       if (arr[0])
|         goto label_before_declaration;
|       if (!arr[0])
|         goto label_at_end_of_block;
|     label_at_end_of_block:
|   }
|   ok |= !null_pointer;
|   ok |= two != three;
| 
|   return ok;
| }
| 
configure:4990: result: unsupported
configure:5010: checking for gcc option to enable C11 features
configure:5025: gcc  -c -g -O2  conftest.c >&5
configure:5025: $? = 0
configure:5044: result: none needed
configure:5168: checking whether gcc understands -c and -o together
configure:5191: gcc -c conftest.c -o conftest2.o
configure:5194: $? = 0
configure:5191: gcc -c conftest.c -o conftest2.o
configure:5194: $? = 0
configure:5210: result: yes
configure:5230: checking whether make supports the include directive
configure:5245: make -f confmf.GNU && cat confinc.out
this is the am__doit target
configure:5248: $? = 0
configure:5267: result: yes (GNU style)
configure:5293: checking dependency style of gcc
configure:5406: result: gcc3
configure:5478: checking for ar
configure:5499: found /usr/bin/ar
configure:5511: result: ar
configure:5538: checking the archiver (ar) interface
configure:5555: gcc -c -g -O2  conftest.c >&5
configure:5555: $? = 0
configure:5558: ar cr libconftest.a conftest.o >&5
configure:5561: $? = 0
configure:5590: result: ar
configure:5642: checking build system type
configure:5658: result: x86_64-pc-linux-musl
configure:5678: checking host system type
configure:5693: result: x86_64-pc-linux-musl
configure:5734: checking how to print strings
configure:5761: result: printf
configure:5782: checking for a sed that does not truncate output
configure:5854: result: /bin/sed
configure:5872: checking for grep that handles long lines and -e
configure:5938: result: /bin/grep
configure:5943: checking for egrep
configure:6013: result: /bin/grep -E
configure:6020: checking for fgrep
configure:6090: result: /bin/grep -F
configure:6127: checking for ld used by gcc
configure:6196: result: /usr/x86_64-alpine-linux-musl/bin/ld
configure:6203: checking if the linker (/usr/x86_64-alpine-linux-musl/bin/ld) is GNU ld
configure:6220: result: yes
configure:6232: checking for BSD- or MS-compatible name lister (nm)
configure:6288: result: /usr/bin/nm -B
configure:6430: checking the name lister (/usr/bin/nm -B) interface
configure:6438: gcc -c -g -O2  conftest.c >&5
configure:6441: /usr/bin/nm -B "conftest.o"
configure:6444: output
0000000000000000 B some_variable
configure:6452: result: BSD nm
configure:6455: checking whether ln -s works
configure:6459: result: yes
configure:6467: checking the maximum length of command line arguments
configure:6600: result: 98304
configure:6648: checking how to convert x86_64-pc-linux-musl file names to x86_64-pc-linux-musl format
configure:6690: result: func_convert_file_noop
configure:6697: checking how to convert x86_64-pc-linux-musl file names to toolchain format
configure:6719: result: func_convert_file_noop
configure:6726: checking for /usr/x86_64-alpine-linux-musl/bin/ld option to reload object files
configure:6735: result: -r
configure:6768: checking for file
configure:6789: found /usr/bin/file
configure:6802: result: file
configure:6865: checking for objdump
configure:6886: found /usr/bin/objdump
configure:6898: result: objdump
configure:6927: checking how to recognize dependent libraries
configure:7136: result: pass_all
configure:7227: checking for dlltool
configure:7263: result: no
configure:7290: checking how to associate runtime and link libraries
configure:7319: result: printf %s\n
configure:7379: checking for ranlib
configure:7400: found /usr/bin/ranlib
configure:7412: result: ranlib
configure:7575: checking for archiver @FILE support
configure:7593: gcc -c -g -O2  conftest.c >&5
configure:7593: $? = 0
configure:7597: ar cr libconftest.a @conftest.lst >&5
configure:7600: $? = 0
configure:7605: ar cr libconftest.a @conftest.lst >&5
ar: conftest.o: No such file or directory
configure:7608: $? = 1
configure:7621: result: @
configure:7685: checking for strip
configure:7706: found /usr/bin/strip
configure:7718: result: strip
configure:7821: checking command to parse /usr/bin/nm -B output from gcc object
configure:7975: gcc -c -g -O2  conftest.c >&5
configure:7978: $? = 0
configure:7982: /usr/bin/nm -B conftest.o | /bin/sed -n -e 's/^.*[	 ]\([ABCDGIRSTW][ABCDGIRSTW]*\)[	 ][	 ]*\([_A-Za-z][_A-Za-z0-9]*\)$/\1 \2 \2/p' | /bin/sed '/ __gnu_lto/d' > conftest.nm
configure:8048: gcc -o conftest -g -O2   conftest.c conftstm.o >&5
configure:8051: $? = 0
configure:8090: result: ok
configure:8137: checking for sysroot
configure:8171: result: no
configure:8178: checking for a working dd
configure:8223: result: /bin/dd
configure:8227: checking how to truncate binary pipes
configure:8244: result: /bin/dd bs=4096 count=1
configure:8381: gcc -c -g -O2  conftest.c >&5
configure:8384: $? = 0
configure:8584: checking for mt
configure:8620: result: no
configure:8640: checking if : is a manifest tool
configure:8647: : '-?'
configure:8656: result: no
configure:9453: checking for stdio.h
configure:9453: gcc -c -g -O2  conftest.c >&5
configure:9453: $? = 0
configure:9453: result: yes
configure:9453: checking for stdlib.h
configure:9453: gcc -c -g -O2  conftest.c >&5
configure:9453: $? = 0
configure:9453: result: yes
configure:9453: checking for string.h
configure:9453: gcc -c -g -O2  conftest.c >&5
configure:9453: $? = 0
configure:9453: result: yes
configure:9453: checking for inttypes.h
configure:9453: gcc -c -g -O2  conftest.c >&5
configure:9453: $? = 0
configure:9453: result: yes
configure:9453: checking for stdint.h
configure:9453: gcc -c -g -O2  conftest.c >&5
configure:9453: $? = 0
configure:9453: result: yes
configure:9453: checking for strings.h
configure:9453: gcc -c -g -O2  conftest.c >&5
configure:9453: $? = 0
configure:9453: result: yes
configure:9453: checking for sys/stat.h
configure:9453: gcc -c -g -O2  conftest.c >&5
configure:9453: $? = 0
configure:9453: result: yes
configure:9453: checking for sys/types.h
configure:9453: gcc -c -g -O2  conftest.c >&5
configure:9453: $? = 0
configure:9453: result: yes
configure:9453: checking for unistd.h
configure:9453: gcc -c -g -O2  conftest.c >&5
configure:9453: $? = 0
configure:9453: result: yes
configure:9478: checking for dlfcn.h
configure:9478: gcc -c -g -O2  conftest.c >&5
configure:9478: $? = 0
configure:9478: result: yes
configure:10115: checking for objdir
configure:10132: result: .libs
configure:10398: checking if gcc supports -fno-rtti -fno-exceptions
configure:10417: gcc -c -g -O2  -fno-rtti -fno-exceptions conftest.c >&5
cc1: warning: command-line option '-fno-rtti' is valid for C++/D/ObjC++ but not for C
configure:10421: $? = 0
configure:10435: result: no
configure:10814: checking for gcc option to produce PIC
configure:10823: result: -fPIC -DPIC
configure:10831: checking if gcc PIC flag -fPIC -DPIC works
configure:10850: gcc -c -g -O2  -fPIC -DPIC -DPIC conftest.c >&5
configure:10854: $? = 0
configure:10868: result: yes
configure:10897: checking if gcc static flag -static works
configure:10927: result: yes
configure:10942: checking if gcc supports -c -o file.o
configure:10964: gcc -c -g -O2  -o out/conftest2.o conftest.c >&5
configure:10968: $? = 0
configure:10991: result: yes
configure:10999: checking if gcc supports -c -o file.o
configure:11048: result: yes
configure:11081: checking whether the gcc linker (/usr/x86_64-alpine-linux-musl/bin/ld -m elf_x86_64) supports shared libraries
configure:12369: result: yes
configure:12406: checking whether -lc should be explicitly linked in
configure:12415: gcc -c -g -O2  conftest.c >&5
configure:12418: $? = 0
configure:12433: gcc -shared  -fPIC -DPIC conftest.o  -v -Wl,-soname -Wl,conftest -o conftest 2\>\&1 \| /bin/grep  -lc  \>/dev/null 2\>\&1
configure:12436: $? = 0
configure:12451: result: no
configure:12611: checking dynamic linker characteristics
configure:13230: gcc -o conftest -g -O2   -Wl,-rpath -Wl,/foo conftest.c  >&5
configure:13230: $? = 0
configure:14013: result: GNU/Linux ld.so
configure:14135: checking how to hardcode library paths into programs
configure:14160: result: immediate
configure:14760: checking whether stripping libraries is possible
configure:14769: result: yes
configure:14811: checking if libtool supports shared libraries
configure:14813: result: yes
configure:14816: checking whether to build shared libraries
configure:14841: result: yes
configure:14844: checking whether to build static libraries
configure:14848: result: no
configure:14898: checking for gcc option to support large files
configure:14933: gcc -c -g -O2  conftest.c >&5
configure:14933: $? = 0
configure:14939: gcc -c -g -O2  -DFTYPE=ino_t conftest.c >&5
configure:14939: $? = 0
configure:14964: result: none needed
configure:15065: checking for inline
configure:15082: gcc -c -g -O2  conftest.c >&5
configure:15082: $? = 0
configure:15092: result: inline
configure:15116: checking whether the -Werror option is usable
configure:15135: gcc -c -g -O2 -Werror  conftest.c >&5
configure:15135: $? = 0
configure:15147: result: yes
configure:15149: checking for simple visibility declarations
configure:15181: gcc -c -g -O2 -fvisibility=hidden -Werror  conftest.c >&5
configure:15181: $? = 0
configure:15193: result: yes
configure:15207: checking for socket in -lsocket
configure:15236: gcc -o conftest -g -O2   conftest.c -lsocket   >&5
/usr/lib/gcc/x86_64-alpine-linux-musl/15.2.0/../../../../x86_64-alpine-linux-musl/bin/ld: cannot find -lsocket: No such file or directory
collect2: error: ld returned 1 exit status
configure:15236: $? = 1
configure: failed program was:
| /* confdefs.h */
| #define PACKAGE_NAME "libpsl"
| #define PACKAGE_TARNAME "libpsl"
| #define PACKAGE_VERSION "0.23.3"
| #define PACKAGE_STRING "libpsl 0.23.3"
| #define PACKAGE_BUGREPORT "tim.ruehsen@gmx.de"
| #define PACKAGE_URL "https://github.com/rockdaboot/libpsl"
| #define HAVE_STDIO_H 1
| #define HAVE_STDLIB_H 1
| #define HAVE_STRING_H 1
| #define HAVE_INTTYPES_H 1
| #define HAVE_STDINT_H 1
| #define HAVE_STRINGS_H 1
| #define HAVE_SYS_STAT_H 1
| #define HAVE_SYS_TYPES_H 1
| #define HAVE_UNISTD_H 1
| #define STDC_HEADERS 1
| #define HAVE_DLFCN_H 1
| #define LT_OBJDIR ".libs/"
| #define HAVE_VISIBILITY 1
| /* end confdefs.h.  */
| 
| /* Override any GCC internal prototype to avoid an error.
|    Use char because int might match the return type of a GCC
|    builtin and then its argument prototype would still apply.
|    The 'extern "C"' is for builds by C++ compilers;
|    although this is not generally supported in C code supporting it here
|    has little cost and some practical benefit (sr 110532).  */
| #ifdef __cplusplus
| extern "C"
| #endif
| char socket (void);
| int
| main (void)
| {
| return socket ();
|   ;
|   return 0;
| }
configure:15248: result: no
configure:15352: checking for ld
configure:15485: result: /usr/x86_64-alpine-linux-musl/bin/ld -m elf_x86_64
configure:15492: checking if the linker (/usr/x86_64-alpine-linux-musl/bin/ld -m elf_x86_64) is GNU ld
configure:15509: result: yes
configure:15517: checking for shared library run path origin
configure:15532: result: done
configure:15555: checking 32-bit host C ABI
configure:15608: gcc -c -g -O2  conftest.c >&5
configure:15608: $? = 0
configure:15622: result: no
configure:15632: checking how to run the C preprocessor
configure:15658: gcc -E  conftest.c
configure:15658: $? = 0
configure:15674: gcc -E  conftest.c
conftest.c:22:10: fatal error: ac_nonexistent.h: No such file or directory
   22 | #include <ac_nonexistent.h>
      |          ^~~~~~~~~~~~~~~~~~
compilation terminated.
configure:15674: $? = 1
configure: failed program was:
| /* confdefs.h */
| #define PACKAGE_NAME "libpsl"
| #define PACKAGE_TARNAME "libpsl"
| #define PACKAGE_VERSION "0.23.3"
| #define PACKAGE_STRING "libpsl 0.23.3"
| #define PACKAGE_BUGREPORT "tim.ruehsen@gmx.de"
| #define PACKAGE_URL "https://github.com/rockdaboot/libpsl"
| #define HAVE_STDIO_H 1
| #define HAVE_STDLIB_H 1
| #define HAVE_STRING_H 1
| #define HAVE_INTTYPES_H 1
| #define HAVE_STDINT_H 1
| #define HAVE_STRINGS_H 1
| #define HAVE_SYS_STAT_H 1
| #define HAVE_SYS_TYPES_H 1
| #define HAVE_UNISTD_H 1
| #define STDC_HEADERS 1
| #define HAVE_DLFCN_H 1
| #define LT_OBJDIR ".libs/"
| #define HAVE_VISIBILITY 1
| /* end confdefs.h.  */
| #include <ac_nonexistent.h>
configure:15703: result: gcc -E
configure:15717: gcc -E  conftest.c
configure:15717: $? = 0
configure:15733: gcc -E  conftest.c
conftest.c:22:10: fatal error: ac_nonexistent.h: No such file or directory
   22 | #include <ac_nonexistent.h>
      |          ^~~~~~~~~~~~~~~~~~
compilation terminated.
configure:15733: $? = 1
configure: failed program was:
| /* confdefs.h */
| #define PACKAGE_NAME "libpsl"
| #define PACKAGE_TARNAME "libpsl"
| #define PACKAGE_VERSION "0.23.3"
| #define PACKAGE_STRING "libpsl 0.23.3"
| #define PACKAGE_BUGREPORT "tim.ruehsen@gmx.de"
| #define PACKAGE_URL "https://github.com/rockdaboot/libpsl"
| #define HAVE_STDIO_H 1
| #define HAVE_STDLIB_H 1
| #define HAVE_STRING_H 1
| #define HAVE_INTTYPES_H 1
| #define HAVE_STDINT_H 1
| #define HAVE_STRINGS_H 1
| #define HAVE_SYS_STAT_H 1
| #define HAVE_SYS_TYPES_H 1
| #define HAVE_UNISTD_H 1
| #define STDC_HEADERS 1
| #define HAVE_DLFCN_H 1
| #define LT_OBJDIR ".libs/"
| #define HAVE_VISIBILITY 1
| /* end confdefs.h.  */
| #include <ac_nonexistent.h>
configure:15766: checking for egrep -e
configure:15896: result: /bin/grep -E
configure:15904: checking for ELF binary format
configure:15930: result: yes
configure:15982: checking for the common suffixes of directories in the library search path
configure:16059: result: lib,lib,lib
configure:16591: checking for iconv
configure:16616: gcc -o conftest -g -O2   conftest.c  >&5
configure:16616: $? = 0
configure:16653: result: yes
configure:16656: checking for working iconv
configure:16829: gcc -o conftest -g -O2   conftest.c  >&5
configure:16829: $? = 0
configure:16829: ./conftest
configure:16829: $? = 0
configure:16844: result: yes
configure:16872: checking whether iconv is compatible with its POSIX signature
configure:16897: gcc -c -g -O2  conftest.c >&5
configure:16897: $? = 0
configure:16908: result: yes
configure:18648: checking for libunistring
configure:18671: gcc -o conftest -g -O2 -I/home/bloink/Work/unnamedlinuxdistro/fs/include  conftest.c /home/bloink/Work/unnamedlinuxdistro/fs/lib/libunistring.so -Wl,-rpath -Wl,/home/bloink/Work/unnamedlinuxdistro/fs/lib  >&5
configure:18671: $? = 0
configure:18684: result: yes
configure:18691: checking how to link with libunistring
configure:18693: result: /home/bloink/Work/unnamedlinuxdistro/fs/lib/libunistring.so -Wl,-rpath -Wl,/home/bloink/Work/unnamedlinuxdistro/fs/lib
configure:18711: checking for libunistring version
configure:18717: gcc -o conftest -g -O2 -I/home/bloink/Work/unnamedlinuxdistro/fs/include  conftest.c  >&5
configure:18717: $? = 0
configure:18717: ./conftest
configure:18717: $? = 0
configure:18816: result: 1.4.2
configure:18841: checking whether NLS is requested
configure:18852: result: yes
configure:18892: checking for msgfmt
configure:18929: result: no
configure:18935: checking for gmsgfmt
configure:18972: result: :
configure:19017: checking for xgettext
configure:19054: result: no
configure:19096: checking for msgmerge
configure:19132: result: no
configure:19230: checking for CFPreferencesCopyAppValue
configure:19249: gcc -o conftest -g -O2 -I/home/bloink/Work/unnamedlinuxdistro/fs/include  conftest.c  -Wl,-framework -Wl,CoreFoundation >&5
conftest.c:25:10: fatal error: CoreFoundation/CFPreferences.h: No such file or directory
   25 | #include <CoreFoundation/CFPreferences.h>
      |          ^~~~~~~~~~~~~~~~~~~~~~~~~~~~~~~~
compilation terminated.
configure:19249: $? = 1
configure: failed program was:
| /* confdefs.h */
| #define PACKAGE_NAME "libpsl"
| #define PACKAGE_TARNAME "libpsl"
| #define PACKAGE_VERSION "0.23.3"
| #define PACKAGE_STRING "libpsl 0.23.3"
| #define PACKAGE_BUGREPORT "tim.ruehsen@gmx.de"
| #define PACKAGE_URL "https://github.com/rockdaboot/libpsl"
| #define HAVE_STDIO_H 1
| #define HAVE_STDLIB_H 1
| #define HAVE_STRING_H 1
| #define HAVE_INTTYPES_H 1
| #define HAVE_STDINT_H 1
| #define HAVE_STRINGS_H 1
| #define HAVE_SYS_STAT_H 1
| #define HAVE_SYS_TYPES_H 1
| #define HAVE_UNISTD_H 1
| #define STDC_HEADERS 1
| #define HAVE_DLFCN_H 1
| #define LT_OBJDIR ".libs/"
| #define HAVE_VISIBILITY 1
| #define HAVE_ICONV 1
| #define ICONV_CONST 
| #define HAVE_LIBUNISTRING 1
| /* end confdefs.h.  */
| #include <CoreFoundation/CFPreferences.h>
| int
| main (void)
| {
| CFPreferencesCopyAppValue(NULL, NULL)
|   ;
|   return 0;
| }
configure:19261: result: no
configure:19268: checking for CFLocaleCopyPreferredLanguages
configure:19287: gcc -o conftest -g -O2 -I/home/bloink/Work/unnamedlinuxdistro/fs/include  conftest.c  -Wl,-framework -Wl,CoreFoundation >&5
conftest.c:25:10: fatal error: CoreFoundation/CFLocale.h: No such file or directory
   25 | #include <CoreFoundation/CFLocale.h>
      |          ^~~~~~~~~~~~~~~~~~~~~~~~~~~
compilation terminated.
configure:19287: $? = 1
configure: failed program was:
| /* confdefs.h */
| #define PACKAGE_NAME "libpsl"
| #define PACKAGE_TARNAME "libpsl"
| #define PACKAGE_VERSION "0.23.3"
| #define PACKAGE_STRING "libpsl 0.23.3"
| #define PACKAGE_BUGREPORT "tim.ruehsen@gmx.de"
| #define PACKAGE_URL "https://github.com/rockdaboot/libpsl"
| #define HAVE_STDIO_H 1
| #define HAVE_STDLIB_H 1
| #define HAVE_STRING_H 1
| #define HAVE_INTTYPES_H 1
| #define HAVE_STDINT_H 1
| #define HAVE_STRINGS_H 1
| #define HAVE_SYS_STAT_H 1
| #define HAVE_SYS_TYPES_H 1
| #define HAVE_UNISTD_H 1
| #define STDC_HEADERS 1
| #define HAVE_DLFCN_H 1
| #define LT_OBJDIR ".libs/"
| #define HAVE_VISIBILITY 1
| #define HAVE_ICONV 1
| #define ICONV_CONST 
| #define HAVE_LIBUNISTRING 1
| /* end confdefs.h.  */
| #include <CoreFoundation/CFLocale.h>
| int
| main (void)
| {
| CFLocaleCopyPreferredLanguages();
|   ;
|   return 0;
| }
configure:19299: result: no
configure:19356: checking for GNU gettext in libc
configure:19390: gcc -o conftest -g -O2 -I/home/bloink/Work/unnamedlinuxdistro/fs/include  conftest.c  >&5
configure:19390: $? = 0
configure:19410: result: yes
configure:20367: checking whether to use NLS
configure:20369: result: yes
configure:20372: checking where the gettext function comes from
configure:20383: result: libc
configure:20508: checking for pkg-config
configure:20531: found /usr/bin/pkg-config
configure:20544: result: /usr/bin/pkg-config
configure:20569: checking pkg-config is at least version 0.9.0
configure:20572: result: yes
configure:20587: checking for gtk-doc
configure:20590: $PKG_CONFIG --exists --print-errors "$gtk_doc_requires"
Package gtk-doc was not found in the pkg-config search path.
Perhaps you should add the directory containing `gtk-doc.pc'
to the PKG_CONFIG_PATH environment variable
Package 'gtk-doc' not found
configure:20593: $? = 1
configure:20599: result: no
configure:20603: WARNING:
  You will not be able to create source packages with 'make dist'
  because gtk-doc >= 1.15 is not found.
configure:20613: checking for gtkdoc-check
configure:20649: result: no
configure:20656: checking for gtkdoc-check
configure:20695: result: no
configure:20704: checking for gtkdoc-rebase
configure:20743: result: no
configure:20754: checking for gtkdoc-mkpdf
configure:20793: result: no
configure:20822: checking whether to build gtk-doc documentation
configure:20824: result: no
configure:20837: checking for glib-2.0 >= 2.10.0 gobject-2.0  >= 2.10.0
configure:20844: $PKG_CONFIG --exists --print-errors "glib-2.0 >= 2.10.0 gobject-2.0  >= 2.10.0"
Package glib-2.0 was not found in the pkg-config search path.
Perhaps you should add the directory containing `glib-2.0.pc'
to the PKG_CONFIG_PATH environment variable
Package 'glib-2.0' not found
Package 'gobject-2.0' not found
configure:20847: $? = 1
configure:20861: $PKG_CONFIG --exists --print-errors "glib-2.0 >= 2.10.0 gobject-2.0  >= 2.10.0"
Package glib-2.0 was not found in the pkg-config search path.
Perhaps you should add the directory containing `glib-2.0.pc'
to the PKG_CONFIG_PATH environment variable
Package 'glib-2.0' not found
Package 'gobject-2.0' not found
configure:20864: $? = 1
configure:20878: result: no
Package 'glib-2.0' not found
Package 'gobject-2.0' not found
configure:21579: checking for pkg-config
configure:21615: result: /usr/bin/pkg-config
configure:21640: checking pkg-config is at least version 0.9.0
configure:21643: result: yes
configure:22005: checking for libidn2
configure:22012: $PKG_CONFIG --exists --print-errors "libidn2"
Package libidn2 was not found in the pkg-config search path.
Perhaps you should add the directory containing `libidn2.pc'
to the PKG_CONFIG_PATH environment variable
Package 'libidn2' not found
configure:22015: $? = 1
configure:22029: $PKG_CONFIG --exists --print-errors "libidn2"
Package libidn2 was not found in the pkg-config search path.
Perhaps you should add the directory containing `libidn2.pc'
to the PKG_CONFIG_PATH environment variable
Package 'libidn2' not found
configure:22032: $? = 1
configure:22046: result: no
Package 'libidn2' not found
configure:22279: checking for icu-uc
configure:22286: $PKG_CONFIG --exists --print-errors "icu-uc"
Package icu-uc was not found in the pkg-config search path.
Perhaps you should add the directory containing `icu-uc.pc'
to the PKG_CONFIG_PATH environment variable
Package 'icu-uc' not found
configure:22289: $? = 1
configure:22303: $PKG_CONFIG --exists --print-errors "icu-uc"
Package icu-uc was not found in the pkg-config search path.
Perhaps you should add the directory containing `icu-uc.pc'
to the PKG_CONFIG_PATH environment variable
Package 'icu-uc' not found
configure:22306: $? = 1
configure:22320: result: no
Package 'icu-uc' not found
configure:22522: checking for ICU unicode library
configure:22539: gcc -o conftest -g -O2 -I/home/bloink/Work/unnamedlinuxdistro/fs/include  conftest.c -licuuc  >&5
conftest.c:30:18: fatal error: unicode/ustring.h: No such file or directory
   30 |         #include <unicode/ustring.h>
      |                  ^~~~~~~~~~~~~~~~~~~
compilation terminated.
configure:22539: $? = 1
configure: failed program was:
| /* confdefs.h */
| #define PACKAGE_NAME "libpsl"
| #define PACKAGE_TARNAME "libpsl"
| #define PACKAGE_VERSION "0.23.3"
| #define PACKAGE_STRING "libpsl 0.23.3"
| #define PACKAGE_BUGREPORT "tim.ruehsen@gmx.de"
| #define PACKAGE_URL "https://github.com/rockdaboot/libpsl"
| #define HAVE_STDIO_H 1
| #define HAVE_STDLIB_H 1
| #define HAVE_STRING_H 1
| #define HAVE_INTTYPES_H 1
| #define HAVE_STDINT_H 1
| #define HAVE_STRINGS_H 1
| #define HAVE_SYS_STAT_H 1
| #define HAVE_SYS_TYPES_H 1
| #define HAVE_UNISTD_H 1
| #define STDC_HEADERS 1
| #define HAVE_DLFCN_H 1
| #define LT_OBJDIR ".libs/"
| #define HAVE_VISIBILITY 1
| #define HAVE_ICONV 1
| #define ICONV_CONST 
| #define HAVE_LIBUNISTRING 1
| #define ENABLE_NLS 1
| #define HAVE_GETTEXT 1
| #define HAVE_DCGETTEXT 1
| #define ENABLE_BUILTIN 1
| /* end confdefs.h.  */
| 
|         #include <unicode/ustring.h>
| int
| main (void)
| {
| u_strToUTF8(NULL, 0, NULL, NULL, 0, NULL);
| 
|   ;
|   return 0;
| }
| 
configure:22554: result: no
configure:23026: checking for library containing clock_gettime
configure:23062: gcc -o conftest -g -O2 -I/home/bloink/Work/unnamedlinuxdistro/fs/include  conftest.c  >&5
configure:23062: $? = 0
configure:23084: result: none required
configure:23209: checking for clock_gettime
configure:23209: gcc -o conftest -g -O2 -I/home/bloink/Work/unnamedlinuxdistro/fs/include  conftest.c  >&5
configure:23209: $? = 0
configure:23209: result: yes
configure:23215: checking for fmemopen
configure:23215: gcc -o conftest -g -O2 -I/home/bloink/Work/unnamedlinuxdistro/fs/include  conftest.c  >&5
configure:23215: $? = 0
configure:23215: result: yes
configure:23221: checking for nl_langinfo
configure:23221: gcc -o conftest -g -O2 -I/home/bloink/Work/unnamedlinuxdistro/fs/include  conftest.c  >&5
configure:23221: $? = 0
configure:23221: result: yes
configure:23228: checking for gcc options to detect undeclared functions
configure:23250: gcc -c -g -O2  -I/home/bloink/Work/unnamedlinuxdistro/fs/include conftest.c >&5
conftest.c: In function 'main':
conftest.c:36:8: error: 'strchr' undeclared (first use in this function)
   36 | (void) strchr;
      |        ^~~~~~
conftest.c:1:1: note: 'strchr' is defined in header '<string.h>'; this is probably fixable by adding '#include <string.h>'
    1 | /* confdefs.h */
conftest.c:36:8: note: each undeclared identifier is reported only once for each function it appears in
   36 | (void) strchr;
      |        ^~~~~~
configure:23250: $? = 1
configure: failed program was:
| /* confdefs.h */
| #define PACKAGE_NAME "libpsl"
| #define PACKAGE_TARNAME "libpsl"
| #define PACKAGE_VERSION "0.23.3"
| #define PACKAGE_STRING "libpsl 0.23.3"
| #define PACKAGE_BUGREPORT "tim.ruehsen@gmx.de"
| #define PACKAGE_URL "https://github.com/rockdaboot/libpsl"
| #define HAVE_STDIO_H 1
| #define HAVE_STDLIB_H 1
| #define HAVE_STRING_H 1
| #define HAVE_INTTYPES_H 1
| #define HAVE_STDINT_H 1
| #define HAVE_STRINGS_H 1
| #define HAVE_SYS_STAT_H 1
| #define HAVE_SYS_TYPES_H 1
| #define HAVE_UNISTD_H 1
| #define STDC_HEADERS 1
| #define HAVE_DLFCN_H 1
| #define LT_OBJDIR ".libs/"
| #define HAVE_VISIBILITY 1
| #define HAVE_ICONV 1
| #define ICONV_CONST 
| #define HAVE_LIBUNISTRING 1
| #define ENABLE_NLS 1
| #define HAVE_GETTEXT 1
| #define HAVE_DCGETTEXT 1
| #define ENABLE_BUILTIN 1
| #define HAVE_CLOCK_GETTIME 1
| #define HAVE_FMEMOPEN 1
| #define HAVE_NL_LANGINFO 1
| /* end confdefs.h.  */
| 
| int
| main (void)
| {
| (void) strchr;
|   ;
|   return 0;
| }
configure:23277: gcc -c -g -O2  -I/home/bloink/Work/unnamedlinuxdistro/fs/include conftest.c >&5
configure:23277: $? = 0
configure:23297: result: none needed
configure:23311: checking for gcc options to ignore future-version functions
configure:23333: gcc -c -g -O2 -I/home/bloink/Work/unnamedlinuxdistro/fs/include conftest.c >&5 -Werror=unguarded-availability-new
cc1: error: '-Werror=unguarded-availability-new': no option '-Wunguarded-availability-new'
configure:23333: $? = 1
configure: failed program was:
| /* confdefs.h */
| #define PACKAGE_NAME "libpsl"
| #define PACKAGE_TARNAME "libpsl"
| #define PACKAGE_VERSION "0.23.3"
| #define PACKAGE_STRING "libpsl 0.23.3"
| #define PACKAGE_BUGREPORT "tim.ruehsen@gmx.de"
| #define PACKAGE_URL "https://github.com/rockdaboot/libpsl"
| #define HAVE_STDIO_H 1
| #define HAVE_STDLIB_H 1
| #define HAVE_STRING_H 1
| #define HAVE_INTTYPES_H 1
| #define HAVE_STDINT_H 1
| #define HAVE_STRINGS_H 1
| #define HAVE_SYS_STAT_H 1
| #define HAVE_SYS_TYPES_H 1
| #define HAVE_UNISTD_H 1
| #define STDC_HEADERS 1
| #define HAVE_DLFCN_H 1
| #define LT_OBJDIR ".libs/"
| #define HAVE_VISIBILITY 1
| #define HAVE_ICONV 1
| #define ICONV_CONST 
| #define HAVE_LIBUNISTRING 1
| #define ENABLE_NLS 1
| #define HAVE_GETTEXT 1
| #define HAVE_DCGETTEXT 1
| #define ENABLE_BUILTIN 1
| #define HAVE_CLOCK_GETTIME 1
| #define HAVE_FMEMOPEN 1
| #define HAVE_NL_LANGINFO 1
| /* end confdefs.h.  */
| #if ! (defined __APPLE__ && defined __MACH__)
| 	   #error "-Werror=unguarded-availability-new not needed here"
| 	  #endif
| 
| int
| main (void)
| {
| 
|   ;
|   return 0;
| }
configure:23345: result: none needed
configure:23354: checking whether localtime_r is declared
configure:23354: gcc -c -g -O2  -I/home/bloink/Work/unnamedlinuxdistro/fs/include conftest.c >&5
conftest.c: In function 'main':
conftest.c:67:10: error: 'localtime_r' undeclared (first use in this function); did you mean 'locale_t'?
   67 |   (void) localtime_r;
      |          ^~~~~~~~~~~
      |          locale_t
conftest.c:67:10: note: each undeclared identifier is reported only once for each function it appears in
configure:23354: $? = 1
configure: failed program was:
| /* confdefs.h */
| #define PACKAGE_NAME "libpsl"
| #define PACKAGE_TARNAME "libpsl"
| #define PACKAGE_VERSION "0.23.3"
| #define PACKAGE_STRING "libpsl 0.23.3"
| #define PACKAGE_BUGREPORT "tim.ruehsen@gmx.de"
| #define PACKAGE_URL "https://github.com/rockdaboot/libpsl"
| #define HAVE_STDIO_H 1
| #define HAVE_STDLIB_H 1
| #define HAVE_STRING_H 1
| #define HAVE_INTTYPES_H 1
| #define HAVE_STDINT_H 1
| #define HAVE_STRINGS_H 1
| #define HAVE_SYS_STAT_H 1
| #define HAVE_SYS_TYPES_H 1
| #define HAVE_UNISTD_H 1
| #define STDC_HEADERS 1
| #define HAVE_DLFCN_H 1
| #define LT_OBJDIR ".libs/"
| #define HAVE_VISIBILITY 1
| #define HAVE_ICONV 1
| #define ICONV_CONST 
| #define HAVE_LIBUNISTRING 1
| #define ENABLE_NLS 1
| #define HAVE_GETTEXT 1
| #define HAVE_DCGETTEXT 1
| #define ENABLE_BUILTIN 1
| #define HAVE_CLOCK_GETTIME 1
| #define HAVE_FMEMOPEN 1
| #define HAVE_NL_LANGINFO 1
| /* end confdefs.h.  */
| #include <stddef.h>
| #ifdef HAVE_STDIO_H
| # include <stdio.h>
| #endif
| #ifdef HAVE_STDLIB_H
| # include <stdlib.h>
| #endif
| #ifdef HAVE_STRING_H
| # include <string.h>
| #endif
| #ifdef HAVE_INTTYPES_H
| # include <inttypes.h>
| #endif
| #ifdef HAVE_STDINT_H
| # include <stdint.h>
| #endif
| #ifdef HAVE_STRINGS_H
| # include <strings.h>
| #endif
| #ifdef HAVE_SYS_TYPES_H
| # include <sys/types.h>
| #endif
| #ifdef HAVE_SYS_STAT_H
| # include <sys/stat.h>
| #endif
| #ifdef HAVE_UNISTD_H
| # include <unistd.h>
| #endif
| int
| main (void)
| {
| #ifndef localtime_r
| #ifdef __cplusplus
|   (void) localtime_r;
| #else
|   (void) localtime_r;
| #endif
| #endif
| 
|   ;
|   return 0;
| }
configure:23354: result: no
configure:23365: checking for dirent.h
configure:23365: gcc -c -g -O2 -I/home/bloink/Work/unnamedlinuxdistro/fs/include conftest.c >&5
configure:23365: $? = 0
configure:23365: result: yes
configure:23447: checking that generated files are newer than configure
configure:23453: result: done
configure:23558: creating ./config.status

## ---------------------- ##
## Running config.status. ##
## ---------------------- ##

This file was extended by libpsl config.status 0.23.3, which was
generated by GNU Autoconf 2.73.  Invocation command line was

  CONFIG_FILES    = 
  CONFIG_HEADERS  = 
  CONFIG_LINKS    = 
  CONFIG_COMMANDS = 
  $ ./config.status 

on aerynos

config.status:1206: creating include/libpsl.h
config.status:1206: creating tools/psl.1
config.status:1206: creating Makefile
config.status:1206: creating include/Makefile
config.status:1206: creating src/Makefile
config.status:1206: creating tools/Makefile
config.status:1206: creating po/Makefile.in
config.status:1206: creating fuzz/Makefile
config.status:1206: creating tests/Makefile
config.status:1206: creating docs/libpsl/Makefile
config.status:1206: creating docs/libpsl/version.xml
config.status:1206: creating libpsl.pc
config.status:1206: creating msvc/Makefile
config.status:1206: creating msvc/config.h.win32
config.status:1206: creating msvc/config-msvc.mak
config.status:1206: creating config.h
config.status:1435: executing depfiles commands
config.status:1510: cd src       && sed -e '/# am--include-marker/d' Makefile         | make -f - am--depfiles
config.status:1517: $? = 0
config.status:1510: cd tools       && sed -e '/# am--include-marker/d' Makefile         | make -f - am--depfiles
config.status:1517: $? = 0
config.status:1510: cd fuzz       && sed -e '/# am--include-marker/d' Makefile         | make -f - am--depfiles
config.status:1517: $? = 0
config.status:1510: cd tests       && sed -e '/# am--include-marker/d' Makefile         | make -f - am--depfiles
config.status:1517: $? = 0
config.status:1435: executing libtool commands
config.status:1435: executing po-directories commands
configure:25749: Summary of build options:

  Version:           0.23.3
  Host OS:           linux-musl
  Install prefix:    /home/bloink/Work/unnamedlinuxdistro/fs
  Compiler:          gcc
  CFlags:            -g -O2 -I/home/bloink/Work/unnamedlinuxdistro/fs/include
  LDFlags:           
  Libs:              
  Runtime:           no
  Builtin:           yes
  PSL Dist File:     
  PSL File:          $(top_srcdir)/list/public_suffix_list.dat
  PSL Test File:     $(top_srcdir)/list/tests/tests.txt
  Sanitizers:        UBSan no, ASan no, CFI no
  Docs:              no
  Man pages:         no
  Tests:             Valgrind testing not enabled
  Fuzzing build:     no, 


## ---------------- ##
## Cache variables. ##
## ---------------- ##

ac_cv_build='x86_64-pc-linux-musl'
ac_cv_c_compiler_gnu='yes'
ac_cv_c_future_darwin_options='none needed'
ac_cv_c_inline='inline'
ac_cv_c_undeclared_builtin_options='none needed'
ac_cv_env_CC_set=''
ac_cv_env_CC_value=''
ac_cv_env_CFLAGS_set=''
ac_cv_env_CFLAGS_value=''
ac_cv_env_CPPFLAGS_set=''
ac_cv_env_CPPFLAGS_value=''
ac_cv_env_CPP_set=''
ac_cv_env_CPP_value=''
ac_cv_env_GTKDOC_DEPS_CFLAGS_set=''
ac_cv_env_GTKDOC_DEPS_CFLAGS_value=''
ac_cv_env_GTKDOC_DEPS_LIBS_set=''
ac_cv_env_GTKDOC_DEPS_LIBS_value=''
ac_cv_env_LDFLAGS_set=''
ac_cv_env_LDFLAGS_value=''
ac_cv_env_LIBICU_CFLAGS_set=''
ac_cv_env_LIBICU_CFLAGS_value=''
ac_cv_env_LIBICU_LIBS_set=''
ac_cv_env_LIBICU_LIBS_value=''
ac_cv_env_LIBIDN2_CFLAGS_set=''
ac_cv_env_LIBIDN2_CFLAGS_value=''
ac_cv_env_LIBIDN2_LIBS_set=''
ac_cv_env_LIBIDN2_LIBS_value=''
ac_cv_env_LIBIDN_CFLAGS_set=''
ac_cv_env_LIBIDN_CFLAGS_value=''
ac_cv_env_LIBIDN_LIBS_set=''
ac_cv_env_LIBIDN_LIBS_value=''
ac_cv_env_LIBS_set=''
ac_cv_env_LIBS_value=''
ac_cv_env_LT_SYS_LIBRARY_PATH_set=''
ac_cv_env_LT_SYS_LIBRARY_PATH_value=''
ac_cv_env_PKG_CONFIG_LIBDIR_set=''
ac_cv_env_PKG_CONFIG_LIBDIR_value=''
ac_cv_env_PKG_CONFIG_PATH_set=''
ac_cv_env_PKG_CONFIG_PATH_value=''
ac_cv_env_PKG_CONFIG_set=''
ac_cv_env_PKG_CONFIG_value=''
ac_cv_env_PYTHON_set=''
ac_cv_env_PYTHON_value=''
ac_cv_env_build_alias_set=''
ac_cv_env_build_alias_value=''
ac_cv_env_host_alias_set=''
ac_cv_env_host_alias_value=''
ac_cv_env_target_alias_set=''
ac_cv_env_target_alias_value=''
ac_cv_func_clock_gettime='yes'
ac_cv_func_fmemopen='yes'
ac_cv_func_nl_langinfo='yes'
ac_cv_have_decl_localtime_r='no'
ac_cv_header_dirent_h='yes'
ac_cv_header_dlfcn_h='yes'
ac_cv_header_inttypes_h='yes'
ac_cv_header_stdint_h='yes'
ac_cv_header_stdio_h='yes'
ac_cv_header_stdlib_h='yes'
ac_cv_header_string_h='yes'
ac_cv_header_strings_h='yes'
ac_cv_header_sys_stat_h='yes'
ac_cv_header_sys_types_h='yes'
ac_cv_header_unistd_h='yes'
ac_cv_host='x86_64-pc-linux-musl'
ac_cv_lib_socket_socket='no'
ac_cv_libunistring='yes'
ac_cv_objext='o'
ac_cv_path_EGREP='/bin/grep -E'
ac_cv_path_EGREP_TRADITIONAL='/bin/grep -E'
ac_cv_path_FGREP='/bin/grep -F'
ac_cv_path_GMSGFMT=':'
ac_cv_path_GREP='/bin/grep'
ac_cv_path_MSGFMT=':'
ac_cv_path_MSGMERGE=':'
ac_cv_path_SED='/bin/sed'
ac_cv_path_XGETTEXT=':'
ac_cv_path_ac_pt_PKG_CONFIG='/usr/bin/pkg-config'
ac_cv_path_install='/usr/bin/install -c'
ac_cv_path_lt_DD='/bin/dd'
ac_cv_path_mkdir='/bin/mkdir'
ac_cv_prog_AWK='gawk'
ac_cv_prog_CPP='gcc -E'
ac_cv_prog_FILECMD='file'
ac_cv_prog_ac_ct_AR='ar'
ac_cv_prog_ac_ct_CC='gcc'
ac_cv_prog_ac_ct_OBJDUMP='objdump'
ac_cv_prog_ac_ct_RANLIB='ranlib'
ac_cv_prog_ac_ct_STRIP='strip'
ac_cv_prog_cc_c11=''
ac_cv_prog_cc_c23='no'
ac_cv_prog_cc_g='yes'
ac_cv_prog_cc_stdc=''
ac_cv_prog_make_make_set='yes'
ac_cv_search_clock_gettime='none required'
ac_cv_sys_largefile_opts='none needed'
acl_cv_hardcode_direct='no'
acl_cv_hardcode_libdir_flag_spec='${wl}-rpath ${wl}$libdir'
acl_cv_hardcode_libdir_separator=''
acl_cv_hardcode_minus_L='no'
acl_cv_libdirstems='lib,lib,lib'
acl_cv_libext='a'
acl_cv_libname_spec='lib$name'
acl_cv_library_names_spec='$libname$shrext'
acl_cv_prog_gnu_ld='yes'
acl_cv_rpath='done'
acl_cv_shlibext='so'
acl_cv_wl='-Wl,'
am_cv_CC_dependencies_compiler_type='gcc3'
am_cv_ar_interface='ar'
am_cv_filesystem_timestamp_resolution='0.01'
am_cv_func_iconv='yes'
am_cv_func_iconv_summary='yes, in libc'
am_cv_func_iconv_works='yes'
am_cv_lib_iconv='no'
am_cv_make_support_nested_variables='yes'
am_cv_prog_cc_c_o='yes'
am_cv_prog_tar_ustar='gnutar'
am_cv_sleep_fractional_seconds='yes'
am_cv_xargs_n_works='yes'
gl_cv_cc_vis_werror='yes'
gl_cv_cc_visibility='yes'
gl_cv_elf='yes'
gl_cv_host_cpu_c_abi_32bit='no'
gl_cv_iconv_nonconst='yes'
gl_cv_libunistring_version='1.4.2'
gt_cv_func_CFLocaleCopyPreferredLanguages='no'
gt_cv_func_CFPreferencesCopyAppValue='no'
gt_cv_func_gnugettext2_libc='yes'
lt_cv_ar_at_file='@'
lt_cv_archive_cmds_need_lc='no'
lt_cv_deplibs_check_method='pass_all'
lt_cv_file_magic_cmd='$MAGIC_CMD'
lt_cv_file_magic_test_file=''
lt_cv_ld_reload_flag='-r'
lt_cv_nm_interface='BSD nm'
lt_cv_objdir='.libs'
lt_cv_path_LD='/usr/x86_64-alpine-linux-musl/bin/ld'
lt_cv_path_NM='/usr/bin/nm -B'
lt_cv_path_manifest_tool='no'
lt_cv_prog_compiler_c_o='yes'
lt_cv_prog_compiler_pic='-fPIC -DPIC'
lt_cv_prog_compiler_pic_works='yes'
lt_cv_prog_compiler_rtti_exceptions='no'
lt_cv_prog_compiler_static_works='yes'
lt_cv_prog_gnu_ld='yes'
lt_cv_sharedlib_from_linklib_cmd='printf %s\n'
lt_cv_shlibpath_overrides_runpath='yes'
lt_cv_sys_global_symbol_pipe='/bin/sed -n -e '"'"'s/^.*[	 ]\([ABCDGIRSTW][ABCDGIRSTW]*\)[	 ][	 ]*\([_A-Za-z][_A-Za-z0-9]*\)$/\1 \2 \2/p'"'"' | /bin/sed '"'"'/ __gnu_lto/d'"'"
lt_cv_sys_global_symbol_to_c_name_address='/bin/sed -n -e '"'"'s/^: \(.*\) .*$/  {"\1", (void *) 0},/p'"'"' -e '"'"'s/^[ABCDGIRSTW][ABCDGIRSTW]* .* \(.*\)$/  {"\1", (void *) \&\1},/p'"'"
lt_cv_sys_global_symbol_to_c_name_address_lib_prefix='/bin/sed -n -e '"'"'s/^: \(.*\) .*$/  {"\1", (void *) 0},/p'"'"' -e '"'"'s/^[ABCDGIRSTW][ABCDGIRSTW]* .* \(lib.*\)$/  {"\1", (void *) \&\1},/p'"'"' -e '"'"'s/^[ABCDGIRSTW][ABCDGIRSTW]* .* \(.*\)$/  {"lib\1", (void *) \&\1},/p'"'"
lt_cv_sys_global_symbol_to_cdecl='/bin/sed -n -e '"'"'s/^T .* \(.*\)$/extern int \1();/p'"'"' -e '"'"'s/^[ABCDGIRSTW][ABCDGIRSTW]* .* \(.*\)$/extern char \1;/p'"'"
lt_cv_sys_global_symbol_to_import=''
lt_cv_sys_max_cmd_len='98304'
lt_cv_to_host_file_cmd='func_convert_file_noop'
lt_cv_to_tool_file_cmd='func_convert_file_noop'
lt_cv_truncate_bin='/bin/dd bs=4096 count=1'

## ----------------- ##
## Output variables. ##
## ----------------- ##

ACLOCAL='${SHELL} '\''/home/bloink/Work/unnamedlinuxdistro/libpsl/build-aux/missing'\'' aclocal-1.18'
AMDEPBACKSLASH='\'
AMDEP_FALSE='#'
AMDEP_TRUE=''
AMTAR='$${TAR-tar}'
AM_BACKSLASH='\'
AM_CFLAGS=' '
AM_CPPFLAGS='-I$(top_builddir)/include -I$(top_srcdir)/include'
AM_DEFAULT_V='$(AM_DEFAULT_VERBOSITY)'
AM_DEFAULT_VERBOSITY='0'
AM_LDFLAGS=''
AM_V='$(V)'
AR='ar'
AS='as'
AUTOCONF='${SHELL} '\''/home/bloink/Work/unnamedlinuxdistro/libpsl/build-aux/missing'\'' autoconf'
AUTOHEADER='${SHELL} '\''/home/bloink/Work/unnamedlinuxdistro/libpsl/build-aux/missing'\'' autoheader'
AUTOMAKE='${SHELL} '\''/home/bloink/Work/unnamedlinuxdistro/libpsl/build-aux/missing'\'' automake-1.18'
AWK='gawk'
CC='gcc'
CCDEPMODE='depmode=gcc3'
CFLAGS='-g -O2'
CFLAG_VISIBILITY='-fvisibility=hidden'
COPYRIGHT_MONTH='August'
COPYRIGHT_YEAR='2026'
CPP='gcc -E'
CPPFLAGS='-I/home/bloink/Work/unnamedlinuxdistro/fs/include'
CSCOPE='cscope'
CTAGS='ctags'
CYGPATH_W='echo'
DEFS='-DHAVE_CONFIG_H'
DEPDIR='.deps'
DESIRED_LINGUAS='$(ALL_LINGUAS)'
DLLTOOL='false'
DSYMUTIL=''
DUMPBIN=''
ECHO_C=''
ECHO_N='-n'
ECHO_T=''
EGREP='/bin/grep -E'
ENABLE_BUILTIN_FALSE='#'
ENABLE_BUILTIN_TRUE=''
ENABLE_GTK_DOC_FALSE=''
ENABLE_GTK_DOC_TRUE='#'
ENABLE_MAN_FALSE=''
ENABLE_MAN_TRUE='#'
ETAGS='etags'
EXEEXT=''
FGREP='/bin/grep -F'
FILECMD='file'
FUZZING_FALSE=''
FUZZING_TRUE='#'
GETTEXT_MACRO_VERSION='0.24'
GMSGFMT=':'
GMSGFMT_015=':'
GREP='/bin/grep'
GTKDOC_CHECK=''
GTKDOC_CHECK_PATH=''
GTKDOC_DEPS_CFLAGS=''
GTKDOC_DEPS_LIBS=''
GTKDOC_MKPDF=''
GTKDOC_REBASE='true'
GTK_DOC_BUILD_HTML_FALSE='#'
GTK_DOC_BUILD_HTML_TRUE=''
GTK_DOC_BUILD_PDF_FALSE=''
GTK_DOC_BUILD_PDF_TRUE='#'
GTK_DOC_USE_LIBTOOL_FALSE=''
GTK_DOC_USE_LIBTOOL_TRUE='#'
GTK_DOC_USE_REBASE_FALSE='#'
GTK_DOC_USE_REBASE_TRUE=''
HAVE_GTK_DOC_FALSE=''
HAVE_GTK_DOC_TRUE='#'
HAVE_LIBUNISTRING='yes'
HAVE_VALGRIND=''
HAVE_VISIBILITY='1'
HTML_DIR='${datadir}/gtk-doc/html'
INSTALL_DATA='${INSTALL} -m 644'
INSTALL_PROGRAM='${INSTALL}'
INSTALL_SCRIPT='${INSTALL}'
INSTALL_STRIP_PROGRAM='$(install_sh) -c -s'
INTLLIBS=''
INTL_MACOSX_LIBS=''
LD='/usr/x86_64-alpine-linux-musl/bin/ld -m elf_x86_64'
LDFLAGS=''
LIBICONV=''
LIBICU_CFLAGS=''
LIBICU_LIBS=''
LIBIDN2_CFLAGS=''
LIBIDN2_LIBS=''
LIBIDN_CFLAGS=''
LIBIDN_LIBS=''
LIBINTL=''
LIBOBJS=''
LIBPSL_DOCS=''
LIBPSL_SO_VERSION='8:8:3'
LIBPSL_VERSION='0.23.3'
LIBPSL_VERSION_MAJOR='0'
LIBPSL_VERSION_MINOR='23'
LIBPSL_VERSION_NUMBER='0x001703'
LIBPSL_VERSION_PATCH='3'
LIBS=''
LIBTOOL='$(SHELL) $(top_builddir)/libtool'
LIBUNISTRING='/home/bloink/Work/unnamedlinuxdistro/fs/lib/libunistring.so -Wl,-rpath -Wl,/home/bloink/Work/unnamedlinuxdistro/fs/lib'
LIBUNISTRING_PREFIX='/home/bloink/Work/unnamedlinuxdistro/fs'
LIB_FUZZING_ENGINE=''
LIPO=''
LN_S='ln -s'
LTLIBICONV=''
LTLIBINTL=''
LTLIBOBJS=''
LTLIBUNISTRING='-L/home/bloink/Work/unnamedlinuxdistro/fs/lib -lunistring -R/home/bloink/Work/unnamedlinuxdistro/fs/lib'
LT_SYS_LIBRARY_PATH=''
MAKEINFO='${SHELL} '\''/home/bloink/Work/unnamedlinuxdistro/libpsl/build-aux/missing'\'' makeinfo'
MANIFEST_TOOL=':'
MKDIR_P='/bin/mkdir -p'
MSGFMT=':'
MSGMERGE=':'
MSGMERGE_FOR_MSGFMT_OPTION='--no-location --quiet'
NM='/usr/bin/nm -B'
NMEDIT=''
OBJDUMP='objdump'
OBJEXT='o'
OTOOL64=''
OTOOL=''
PACKAGE='libpsl'
PACKAGE_BUGREPORT='tim.ruehsen@gmx.de'
PACKAGE_NAME='libpsl'
PACKAGE_STRING='libpsl 0.23.3'
PACKAGE_TARNAME='libpsl'
PACKAGE_URL='https://github.com/rockdaboot/libpsl'
PACKAGE_VERSION='0.23.3'
PATH_SEPARATOR=':'
PKG_CONFIG='/usr/bin/pkg-config'
PKG_CONFIG_LIBDIR=''
PKG_CONFIG_PATH=''
POSUB='po'
PSL_DISTFILE=''
PSL_FILE='$(top_srcdir)/list/public_suffix_list.dat'
PSL_TESTFILE='$(top_srcdir)/list/tests/tests.txt'
PYTHON=''
PYTHON_EXEC_PREFIX=''
PYTHON_PLATFORM=''
PYTHON_PREFIX=''
PYTHON_VERSION=''
RANLIB='ranlib'
SED='/bin/sed'
SET_MAKE=''
SHELL='/bin/sh'
STRIP='strip'
USE_NLS='yes'
VALGRIND_ENVIRONMENT=''
VERSION='0.23.3'
WITH_LIBICUCORE_FALSE=''
WITH_LIBICUCORE_TRUE='#'
WITH_LIBICU_FALSE=''
WITH_LIBICU_TRUE='#'
WITH_LIBIDN2_FALSE=''
WITH_LIBIDN2_TRUE='#'
WITH_LIBIDN_FALSE=''
WITH_LIBIDN_TRUE='#'
XGETTEXT=':'
XGETTEXT_015=':'
XGETTEXT_EXTRA_OPTIONS=''
XSLTPROC=''
ac_ct_AR='ar'
ac_ct_CC='gcc'
ac_ct_DUMPBIN=''
am__EXEEXT_FALSE=''
am__EXEEXT_TRUE='#'
am__fastdepCC_FALSE='#'
am__fastdepCC_TRUE=''
am__include='include'
am__isrc=''
am__leading_dot='.'
am__nodep='_no'
am__quote=''
am__rm_f_notfound=''
am__tar='tar --format=ustar -chf - "$$tardir"'
am__untar='tar -xf -'
am__xargs_n='xargs -n'
bindir='${exec_prefix}/bin'
build='x86_64-pc-linux-musl'
build_alias=''
build_cpu='x86_64'
build_os='linux-musl'
build_vendor='pc'
datadir='${datarootdir}'
datarootdir='${prefix}/share'
docdir='${datarootdir}/doc/${PACKAGE_TARNAME}'
dvidir='${docdir}'
exec_prefix='${prefix}'
host='x86_64-pc-linux-musl'
host_alias=''
host_cpu='x86_64'
host_os='linux-musl'
host_vendor='pc'
htmldir='${docdir}'
includedir='${prefix}/include'
infodir='${datarootdir}/info'
install_sh='${SHELL} /home/bloink/Work/unnamedlinuxdistro/libpsl/build-aux/install-sh'
libdir='${exec_prefix}/lib'
libexecdir='${exec_prefix}/libexec'
libpsl_pc_Cflags=''
libpsl_pc_Cflags_private=''
libpsl_pc_Libs=''
libpsl_pc_Libs_private=''
libpsl_pc_Requires=''
libpsl_pc_Requires_private=''
localedir='${datarootdir}/locale'
localedir_c='"/home/bloink/Work/unnamedlinuxdistro/fs/share/locale"'
localedir_c_make='\"$(localedir)\"'
localstatedir='${prefix}/var'
mandir='${datarootdir}/man'
mkdir_p='$(MKDIR_P)'
oldincludedir='/usr/include'
pdfdir='${docdir}'
pkgpyexecdir=''
pkgpythondir=''
prefix='/home/bloink/Work/unnamedlinuxdistro/fs'
program_transform_name='s,x,x,'
psdir='${docdir}'
pyexecdir=''
pythondir=''
runstatedir='${localstatedir}/run'
runtime_CFLAGS=''
runtime_LIBS=''
sbindir='${exec_prefix}/sbin'
sharedstatedir='${prefix}/com'
sysconfdir='${prefix}/etc'
target_alias=''

## ----------- ##
## confdefs.h. ##
## ----------- ##

/* confdefs.h */
#define PACKAGE_NAME "libpsl"
#define PACKAGE_TARNAME "libpsl"
#define PACKAGE_VERSION "0.23.3"
#define PACKAGE_STRING "libpsl 0.23.3"
#define PACKAGE_BUGREPORT "tim.ruehsen@gmx.de"
#define PACKAGE_URL "https://github.com/rockdaboot/libpsl"
#define HAVE_STDIO_H 1
#define HAVE_STDLIB_H 1
#define HAVE_STRING_H 1
#define HAVE_INTTYPES_H 1
#define HAVE_STDINT_H 1
#define HAVE_STRINGS_H 1
#define HAVE_SYS_STAT_H 1
#define HAVE_SYS_TYPES_H 1
#define HAVE_UNISTD_H 1
#define STDC_HEADERS 1
#define HAVE_DLFCN_H 1
#define LT_OBJDIR ".libs/"
#define HAVE_VISIBILITY 1
#define HAVE_ICONV 1
#define ICONV_CONST 
#define HAVE_LIBUNISTRING 1
#define ENABLE_NLS 1
#define HAVE_GETTEXT 1
#define HAVE_DCGETTEXT 1
#define ENABLE_BUILTIN 1
#define HAVE_CLOCK_GETTIME 1
#define HAVE_FMEMOPEN 1
#define HAVE_NL_LANGINFO 1
#define HAVE_DECL_LOCALTIME_R 0
#define HAVE_DIRENT_H 1

configure: exit 
