This file contains any messages produced by compilers while
running configure, to aid debugging if configure makes a mistake.

It was created by GNU Awk Bundled Extensions configure 5.4.1, which was
generated by GNU Autoconf 2.71.  Invocation command line was

  $ ./configure --disable-option-checking --prefix=/usr --disable-nls --cache-file=/dev/null --srcdir=.

## --------- ##
## Platform. ##
## --------- ##

hostname = nobara-laptop
uname -m = x86_64
uname -r = 7.1.4-200.nobara.fc44.x86_64
uname -s = Linux
uname -v = #1 SMP PREEMPT_DYNAMIC Mon Jul 20 03:39:43 UTC 2026

/usr/bin/uname -p = unknown
/bin/uname -X     = unknown

/bin/arch              = x86_64
/usr/bin/arch -k       = unknown
/usr/convex/getsysinfo = unknown
/usr/bin/hostinfo      = unknown
/bin/machine           = unknown
/usr/bin/oslevel       = unknown
/bin/universe          = unknown

PATH: /home/sonakrie/.local/bin/
PATH: /home/sonakrie/bin/
PATH: /usr/local/sbin/
PATH: /usr/local/bin/
PATH: /usr/sbin/
PATH: /usr/bin/
PATH: /sbin/
PATH: /bin/


## ----------- ##
## Core tests. ##
## ----------- ##

configure:2792: looking for aux files: ltmain.sh ar-lib config.rpath compile config.guess config.sub missing install-sh
configure:2805:  trying ./../build-aux/
configure:2834:   ./../build-aux/ltmain.sh found
configure:2834:   ./../build-aux/ar-lib found
configure:2834:   ./../build-aux/config.rpath found
configure:2834:   ./../build-aux/compile found
configure:2834:   ./../build-aux/config.guess found
configure:2834:   ./../build-aux/config.sub found
configure:2834:   ./../build-aux/missing found
configure:2816:   ./../build-aux/install-sh found
configure:2969: checking for a BSD-compatible install
configure:3042: result: ./build-aux/install-sh -c
configure:3053: checking whether build environment is sane
configure:3108: result: yes
configure:3267: checking for a race-free mkdir -p
configure:3311: result: /bin/mkdir -p
configure:3318: checking for gawk
configure:3353: result: no
configure:3318: checking for mawk
configure:3353: result: no
configure:3318: checking for nawk
configure:3353: result: no
configure:3318: checking for awk
configure:3339: found /usr/bin/awk
configure:3350: result: awk
configure:3361: checking whether make sets $(MAKE)
configure:3384: result: yes
configure:3414: checking whether make supports nested variables
configure:3432: result: yes
configure:3587: checking build system type
configure:3602: result: x86_64-pc-linux-musl
configure:3622: checking host system type
configure:3636: result: x86_64-pc-linux-musl
configure:3763: checking whether make supports the include directive
configure:3778: make -f confmf.GNU && cat confinc.out
this is the am__doit target
configure:3781: $? = 0
configure:3800: result: yes (GNU style)
configure:3876: checking for gcc
configure:3897: found /usr/bin/gcc
configure:3908: result: gcc
configure:4261: checking for C compiler version
configure:4270: gcc --version >&5
gcc (Alpine 15.2.0) 15.2.0
Copyright (C) 2025 Free Software Foundation, Inc.
This is free software; see the source for copying conditions.  There is NO
warranty; not even for MERCHANTABILITY or FITNESS FOR A PARTICULAR PURPOSE.

configure:4281: $? = 0
configure:4270: gcc -v >&5
Using built-in specs.
COLLECT_GCC=gcc
COLLECT_LTO_WRAPPER=/usr/libexec/gcc/x86_64-alpine-linux-musl/15.2.0/lto-wrapper
Target: x86_64-alpine-linux-musl
Configured with: /home/buildozer/aports/main/gcc/src/gcc-15.2.0/configure --prefix=/usr --mandir=/usr/share/man --infodir=/usr/share/info --build=x86_64-alpine-linux-musl --host=x86_64-alpine-linux-musl --target=x86_64-alpine-linux-musl --enable-checking=release --disable-cet --disable-fixed-point --disable-libstdcxx-pch --disable-multilib --disable-nls --disable-werror --disable-symvers --enable-__cxa_atexit --enable-default-pie --enable-default-ssp --enable-languages=c,c++,d,objc,go,fortran,ada --enable-link-serialization=2 --enable-linker-build-id --disable-libssp --enable-libsanitizer --enable-shared --enable-threads --enable-tls --with-bugurl=https://gitlab.alpinelinux.org/alpine/aports/-/issues --with-system-zlib --with-linker-hash-style=gnu --with-pkgversion='Alpine 15.2.0'
Thread model: posix
Supported LTO compression algorithms: zlib
gcc version 15.2.0 (Alpine 15.2.0) 
configure:4281: $? = 0
configure:4270: gcc -V >&5
gcc: error: unrecognized command-line option '-V'
gcc: fatal error: no input files
compilation terminated.
configure:4281: $? = 1
configure:4270: gcc -qversion >&5
gcc: error: unrecognized command-line option '-qversion'; did you mean '--version'?
gcc: fatal error: no input files
compilation terminated.
configure:4281: $? = 1
configure:4270: gcc -version >&5
gcc: error: unrecognized command-line option '-version'
gcc: fatal error: no input files
compilation terminated.
configure:4281: $? = 1
configure:4301: checking whether the C compiler works
configure:4323: gcc    conftest.c  >&5
configure:4327: $? = 0
configure:4377: result: yes
configure:4380: checking for C compiler default output file name
configure:4382: result: a.out
configure:4388: checking for suffix of executables
configure:4395: gcc -o conftest    conftest.c  >&5
configure:4399: $? = 0
configure:4422: result: 
configure:4444: checking whether we are cross compiling
configure:4452: gcc -o conftest    conftest.c  >&5
configure:4456: $? = 0
configure:4463: ./conftest
configure:4467: $? = 0
configure:4482: result: no
configure:4487: checking for suffix of object files
configure:4510: gcc -c   conftest.c >&5
configure:4514: $? = 0
configure:4536: result: o
configure:4540: checking whether the compiler supports GNU C
configure:4560: gcc -c   conftest.c >&5
configure:4560: $? = 0
configure:4570: result: yes
configure:4581: checking whether gcc accepts -g
configure:4602: gcc -c -g  conftest.c >&5
configure:4602: $? = 0
configure:4646: result: yes
configure:4666: checking for gcc option to enable C11 features
configure:4681: gcc  -c -g -O2  conftest.c >&5
conftest.c: In function 'e':
conftest.c:25:14: warning: old-style function definition [-Wold-style-definition]
   25 | static char *e (p, i)
      |              ^
configure:4681: $? = 0
configure:4699: result: none needed
configure:4815: checking whether gcc understands -c and -o together
configure:4838: gcc -c conftest.c -o conftest2.o
configure:4841: $? = 0
configure:4838: gcc -c conftest.c -o conftest2.o
configure:4841: $? = 0
configure:4853: result: yes
configure:4872: checking dependency style of gcc
configure:4984: result: gcc3
configure:5004: checking for stdio.h
configure:5004: gcc -c -g -O2  conftest.c >&5
configure:5004: $? = 0
configure:5004: result: yes
configure:5004: checking for stdlib.h
configure:5004: gcc -c -g -O2  conftest.c >&5
configure:5004: $? = 0
configure:5004: result: yes
configure:5004: checking for string.h
configure:5004: gcc -c -g -O2  conftest.c >&5
configure:5004: $? = 0
configure:5004: result: yes
configure:5004: checking for inttypes.h
configure:5004: gcc -c -g -O2  conftest.c >&5
configure:5004: $? = 0
configure:5004: result: yes
configure:5004: checking for stdint.h
configure:5004: gcc -c -g -O2  conftest.c >&5
configure:5004: $? = 0
configure:5004: result: yes
configure:5004: checking for strings.h
configure:5004: gcc -c -g -O2  conftest.c >&5
configure:5004: $? = 0
configure:5004: result: yes
configure:5004: checking for sys/stat.h
configure:5004: gcc -c -g -O2  conftest.c >&5
configure:5004: $? = 0
configure:5004: result: yes
configure:5004: checking for sys/types.h
configure:5004: gcc -c -g -O2  conftest.c >&5
configure:5004: $? = 0
configure:5004: result: yes
configure:5004: checking for unistd.h
configure:5004: gcc -c -g -O2  conftest.c >&5
configure:5004: $? = 0
configure:5004: result: yes
configure:5004: checking for wchar.h
configure:5004: gcc -c -g -O2  conftest.c >&5
configure:5004: $? = 0
configure:5004: result: yes
configure:5004: checking for minix/config.h
configure:5004: gcc -c -g -O2  conftest.c >&5
conftest.c:49:10: fatal error: minix/config.h: No such file or directory
   49 | #include <minix/config.h>
      |          ^~~~~~~~~~~~~~~~
compilation terminated.
configure:5004: $? = 1
configure: failed program was:
| /* confdefs.h */
| #define PACKAGE_NAME "GNU Awk Bundled Extensions"
| #define PACKAGE_TARNAME "gawk-extensions"
| #define PACKAGE_VERSION "5.4.1"
| #define PACKAGE_STRING "GNU Awk Bundled Extensions 5.4.1"
| #define PACKAGE_BUGREPORT "bug-gawk@gnu.org"
| #define PACKAGE_URL "https://www.gnu.org/software/gawk-extensions/"
| #define PACKAGE "gawk-extensions"
| #define VERSION "5.4.1"
| #define HAVE_STDIO_H 1
| #define HAVE_STDLIB_H 1
| #define HAVE_STRING_H 1
| #define HAVE_INTTYPES_H 1
| #define HAVE_STDINT_H 1
| #define HAVE_STRINGS_H 1
| #define HAVE_SYS_STAT_H 1
| #define HAVE_SYS_TYPES_H 1
| #define HAVE_UNISTD_H 1
| #define HAVE_WCHAR_H 1
| /* end confdefs.h.  */
| #include <stddef.h>
| #ifdef HAVE_STDIO_H
| # include <stdio.h>
| #endif
| #ifdef HAVE_STDLIB_H
| # include <stdlib.h>
| #endif
| #ifdef HAVE_STRING_H
| # include <string.h>
| #endif
| #ifdef HAVE_INTTYPES_H
| # include <inttypes.h>
| #endif
| #ifdef HAVE_STDINT_H
| # include <stdint.h>
| #endif
| #ifdef HAVE_STRINGS_H
| # include <strings.h>
| #endif
| #ifdef HAVE_SYS_TYPES_H
| # include <sys/types.h>
| #endif
| #ifdef HAVE_SYS_STAT_H
| # include <sys/stat.h>
| #endif
| #ifdef HAVE_UNISTD_H
| # include <unistd.h>
| #endif
| #include <minix/config.h>
configure:5004: result: no
configure:5004: checking for sys/time.h
configure:5004: gcc -c -g -O2  conftest.c >&5
configure:5004: $? = 0
configure:5004: result: yes
configure:5035: checking whether it is safe to define __EXTENSIONS__
configure:5054: gcc -c -g -O2  conftest.c >&5
configure:5054: $? = 0
configure:5062: result: yes
configure:5065: checking whether _XOPEN_SOURCE should be defined
configure:5087: gcc -c -g -O2  conftest.c >&5
configure:5087: $? = 0
configure:5114: result: no
configure:5171: checking for z/OS USS compilation
configure:5186: result: no
configure:5287: checking for a sed that does not truncate output
configure:5357: result: /bin/sed
configure:5363: checking whether NLS is requested
configure:5373: result: no
configure:5413: checking for msgfmt
configure:5430: trying /usr/bin/msgfmt...
0 translated messages.
configure:5446: result: /usr/bin/msgfmt
configure:5455: checking for gmsgfmt
configure:5491: result: /usr/bin/msgfmt
configure:5536: checking for xgettext
configure:5553: trying /usr/bin/xgettext...
/usr/bin/xgettext: warning: file '/dev/null' extension '' is unknown; will try C
configure:5569: result: /usr/bin/xgettext
configure:5614: checking for msgmerge
configure:5631: trying /usr/bin/msgmerge...
configure:5646: result: /usr/bin/msgmerge
configure:5714: checking for ld used by gcc
configure:5842: result: /usr/x86_64-alpine-linux-musl/bin/ld
configure:5849: checking if the linker (/usr/x86_64-alpine-linux-musl/bin/ld) is GNU ld
configure:5865: result: yes
configure:5873: checking for shared library run path origin
configure:5887: result: done
configure:5909: checking 32-bit host C ABI
configure:5962: gcc -c -g -O2  conftest.c >&5
configure:5962: $? = 0
configure:5974: result: no
configure:5984: checking how to run the C preprocessor
configure:6010: gcc -E  conftest.c
configure:6010: $? = 0
configure:6025: gcc -E  conftest.c
conftest.c:39:10: fatal error: ac_nonexistent.h: No such file or directory
   39 | #include <ac_nonexistent.h>
      |          ^~~~~~~~~~~~~~~~~~
compilation terminated.
configure:6025: $? = 1
configure: failed program was:
| /* confdefs.h */
| #define PACKAGE_NAME "GNU Awk Bundled Extensions"
| #define PACKAGE_TARNAME "gawk-extensions"
| #define PACKAGE_VERSION "5.4.1"
| #define PACKAGE_STRING "GNU Awk Bundled Extensions 5.4.1"
| #define PACKAGE_BUGREPORT "bug-gawk@gnu.org"
| #define PACKAGE_URL "https://www.gnu.org/software/gawk-extensions/"
| #define PACKAGE "gawk-extensions"
| #define VERSION "5.4.1"
| #define HAVE_STDIO_H 1
| #define HAVE_STDLIB_H 1
| #define HAVE_STRING_H 1
| #define HAVE_INTTYPES_H 1
| #define HAVE_STDINT_H 1
| #define HAVE_STRINGS_H 1
| #define HAVE_SYS_STAT_H 1
| #define HAVE_SYS_TYPES_H 1
| #define HAVE_UNISTD_H 1
| #define HAVE_WCHAR_H 1
| #define HAVE_SYS_TIME_H 1
| #define STDC_HEADERS 1
| #define _ALL_SOURCE 1
| #define _DARWIN_C_SOURCE 1
| #define _GNU_SOURCE 1
| #define _HPUX_ALT_XOPEN_SOCKET_API 1
| #define _NETBSD_SOURCE 1
| #define _OPENBSD_SOURCE 1
| #define _POSIX_PTHREAD_SEMANTICS 1
| #define __STDC_WANT_IEC_60559_ATTRIBS_EXT__ 1
| #define __STDC_WANT_IEC_60559_BFP_EXT__ 1
| #define __STDC_WANT_IEC_60559_DFP_EXT__ 1
| #define __STDC_WANT_IEC_60559_FUNCS_EXT__ 1
| #define __STDC_WANT_IEC_60559_TYPES_EXT__ 1
| #define __STDC_WANT_LIB_EXT2__ 1
| #define __STDC_WANT_MATH_SPEC_FUNCS__ 1
| #define _TANDEM_SOURCE 1
| #define __EXTENSIONS__ 1
| /* end confdefs.h.  */
| #include <ac_nonexistent.h>
configure:6052: result: gcc -E
configure:6066: gcc -E  conftest.c
configure:6066: $? = 0
configure:6081: gcc -E  conftest.c
conftest.c:39:10: fatal error: ac_nonexistent.h: No such file or directory
   39 | #include <ac_nonexistent.h>
      |          ^~~~~~~~~~~~~~~~~~
compilation terminated.
configure:6081: $? = 1
configure: failed program was:
| /* confdefs.h */
| #define PACKAGE_NAME "GNU Awk Bundled Extensions"
| #define PACKAGE_TARNAME "gawk-extensions"
| #define PACKAGE_VERSION "5.4.1"
| #define PACKAGE_STRING "GNU Awk Bundled Extensions 5.4.1"
| #define PACKAGE_BUGREPORT "bug-gawk@gnu.org"
| #define PACKAGE_URL "https://www.gnu.org/software/gawk-extensions/"
| #define PACKAGE "gawk-extensions"
| #define VERSION "5.4.1"
| #define HAVE_STDIO_H 1
| #define HAVE_STDLIB_H 1
| #define HAVE_STRING_H 1
| #define HAVE_INTTYPES_H 1
| #define HAVE_STDINT_H 1
| #define HAVE_STRINGS_H 1
| #define HAVE_SYS_STAT_H 1
| #define HAVE_SYS_TYPES_H 1
| #define HAVE_UNISTD_H 1
| #define HAVE_WCHAR_H 1
| #define HAVE_SYS_TIME_H 1
| #define STDC_HEADERS 1
| #define _ALL_SOURCE 1
| #define _DARWIN_C_SOURCE 1
| #define _GNU_SOURCE 1
| #define _HPUX_ALT_XOPEN_SOCKET_API 1
| #define _NETBSD_SOURCE 1
| #define _OPENBSD_SOURCE 1
| #define _POSIX_PTHREAD_SEMANTICS 1
| #define __STDC_WANT_IEC_60559_ATTRIBS_EXT__ 1
| #define __STDC_WANT_IEC_60559_BFP_EXT__ 1
| #define __STDC_WANT_IEC_60559_DFP_EXT__ 1
| #define __STDC_WANT_IEC_60559_FUNCS_EXT__ 1
| #define __STDC_WANT_IEC_60559_TYPES_EXT__ 1
| #define __STDC_WANT_LIB_EXT2__ 1
| #define __STDC_WANT_MATH_SPEC_FUNCS__ 1
| #define _TANDEM_SOURCE 1
| #define __EXTENSIONS__ 1
| /* end confdefs.h.  */
| #include <ac_nonexistent.h>
configure:6112: checking for grep that handles long lines and -e
configure:6176: result: /bin/grep
configure:6181: checking for egrep
configure:6249: result: /bin/grep -E
configure:6258: checking for ELF binary format
configure:6282: result: yes
configure:6334: checking for the common suffixes of directories in the library search path
configure:6410: result: lib,lib,lib
configure:6935: checking for CFPreferencesCopyAppValue
configure:6954: gcc -o conftest -g -O2   conftest.c  -Wl,-framework -Wl,CoreFoundation >&5
conftest.c:39:10: fatal error: CoreFoundation/CFPreferences.h: No such file or directory
   39 | #include <CoreFoundation/CFPreferences.h>
      |          ^~~~~~~~~~~~~~~~~~~~~~~~~~~~~~~~
compilation terminated.
configure:6954: $? = 1
configure: failed program was:
| /* confdefs.h */
| #define PACKAGE_NAME "GNU Awk Bundled Extensions"
| #define PACKAGE_TARNAME "gawk-extensions"
| #define PACKAGE_VERSION "5.4.1"
| #define PACKAGE_STRING "GNU Awk Bundled Extensions 5.4.1"
| #define PACKAGE_BUGREPORT "bug-gawk@gnu.org"
| #define PACKAGE_URL "https://www.gnu.org/software/gawk-extensions/"
| #define PACKAGE "gawk-extensions"
| #define VERSION "5.4.1"
| #define HAVE_STDIO_H 1
| #define HAVE_STDLIB_H 1
| #define HAVE_STRING_H 1
| #define HAVE_INTTYPES_H 1
| #define HAVE_STDINT_H 1
| #define HAVE_STRINGS_H 1
| #define HAVE_SYS_STAT_H 1
| #define HAVE_SYS_TYPES_H 1
| #define HAVE_UNISTD_H 1
| #define HAVE_WCHAR_H 1
| #define HAVE_SYS_TIME_H 1
| #define STDC_HEADERS 1
| #define _ALL_SOURCE 1
| #define _DARWIN_C_SOURCE 1
| #define _GNU_SOURCE 1
| #define _HPUX_ALT_XOPEN_SOCKET_API 1
| #define _NETBSD_SOURCE 1
| #define _OPENBSD_SOURCE 1
| #define _POSIX_PTHREAD_SEMANTICS 1
| #define __STDC_WANT_IEC_60559_ATTRIBS_EXT__ 1
| #define __STDC_WANT_IEC_60559_BFP_EXT__ 1
| #define __STDC_WANT_IEC_60559_DFP_EXT__ 1
| #define __STDC_WANT_IEC_60559_FUNCS_EXT__ 1
| #define __STDC_WANT_IEC_60559_TYPES_EXT__ 1
| #define __STDC_WANT_LIB_EXT2__ 1
| #define __STDC_WANT_MATH_SPEC_FUNCS__ 1
| #define _TANDEM_SOURCE 1
| #define __EXTENSIONS__ 1
| /* end confdefs.h.  */
| #include <CoreFoundation/CFPreferences.h>
| int
| main (void)
| {
| CFPreferencesCopyAppValue(NULL, NULL)
|   ;
|   return 0;
| }
configure:6964: result: no
configure:6971: checking for CFLocaleCopyPreferredLanguages
configure:6990: gcc -o conftest -g -O2   conftest.c  -Wl,-framework -Wl,CoreFoundation >&5
conftest.c:39:10: fatal error: CoreFoundation/CFLocale.h: No such file or directory
   39 | #include <CoreFoundation/CFLocale.h>
      |          ^~~~~~~~~~~~~~~~~~~~~~~~~~~
compilation terminated.
configure:6990: $? = 1
configure: failed program was:
| /* confdefs.h */
| #define PACKAGE_NAME "GNU Awk Bundled Extensions"
| #define PACKAGE_TARNAME "gawk-extensions"
| #define PACKAGE_VERSION "5.4.1"
| #define PACKAGE_STRING "GNU Awk Bundled Extensions 5.4.1"
| #define PACKAGE_BUGREPORT "bug-gawk@gnu.org"
| #define PACKAGE_URL "https://www.gnu.org/software/gawk-extensions/"
| #define PACKAGE "gawk-extensions"
| #define VERSION "5.4.1"
| #define HAVE_STDIO_H 1
| #define HAVE_STDLIB_H 1
| #define HAVE_STRING_H 1
| #define HAVE_INTTYPES_H 1
| #define HAVE_STDINT_H 1
| #define HAVE_STRINGS_H 1
| #define HAVE_SYS_STAT_H 1
| #define HAVE_SYS_TYPES_H 1
| #define HAVE_UNISTD_H 1
| #define HAVE_WCHAR_H 1
| #define HAVE_SYS_TIME_H 1
| #define STDC_HEADERS 1
| #define _ALL_SOURCE 1
| #define _DARWIN_C_SOURCE 1
| #define _GNU_SOURCE 1
| #define _HPUX_ALT_XOPEN_SOCKET_API 1
| #define _NETBSD_SOURCE 1
| #define _OPENBSD_SOURCE 1
| #define _POSIX_PTHREAD_SEMANTICS 1
| #define __STDC_WANT_IEC_60559_ATTRIBS_EXT__ 1
| #define __STDC_WANT_IEC_60559_BFP_EXT__ 1
| #define __STDC_WANT_IEC_60559_DFP_EXT__ 1
| #define __STDC_WANT_IEC_60559_FUNCS_EXT__ 1
| #define __STDC_WANT_IEC_60559_TYPES_EXT__ 1
| #define __STDC_WANT_LIB_EXT2__ 1
| #define __STDC_WANT_MATH_SPEC_FUNCS__ 1
| #define _TANDEM_SOURCE 1
| #define __EXTENSIONS__ 1
| /* end confdefs.h.  */
| #include <CoreFoundation/CFLocale.h>
| int
| main (void)
| {
| CFLocaleCopyPreferredLanguages();
|   ;
|   return 0;
| }
configure:7000: result: no
configure:8018: checking whether to use NLS
configure:8020: result: no
configure:8093: checking for nl_langinfo and CODESET
configure:8110: gcc -o conftest -g -O2   conftest.c  >&5
configure:8110: $? = 0
configure:8120: result: yes
configure:8129: checking for LC_MESSAGES
configure:8146: gcc -o conftest -g -O2   conftest.c  >&5
configure:8146: $? = 0
configure:8155: result: yes
configure:8164: checking for struct stat.st_blksize
configure:8164: gcc -c -g -O2  conftest.c >&5
configure:8164: $? = 0
configure:8164: result: yes
configure:8229: checking for ar
configure:8250: found /usr/bin/ar
configure:8261: result: ar
configure:8287: checking the archiver (ar) interface
configure:8304: gcc -c -g -O2  conftest.c >&5
configure:8304: $? = 0
configure:8307: ar cru libconftest.a conftest.o >&5
ar: `u' modifier ignored since `D' is the default (see `U')
configure:8310: $? = 0
configure:8338: result: ar
configure:8366: checking for special C compiler options needed for large files
configure:8414: result: no
configure:8420: checking for _FILE_OFFSET_BITS value needed for large files
configure:8446: gcc -c -g -O2  conftest.c >&5
configure:8446: $? = 0
configure:8480: result: no
configure:8562: checking whether C compiler accepts 
configure:8582: gcc -c -g -O2    conftest.c >&5
configure:8582: $? = 0
configure:8591: result: yes
configure:8606: checking size of void *
configure:8612: gcc -o conftest -g -O2   conftest.c  >&5
configure:8612: $? = 0
configure:8612: ./conftest
configure:8612: $? = 0
configure:8627: result: 8
configure:8639: checking for mmap
configure:8639: gcc -o conftest -g -O2   conftest.c  >&5
configure:8639: $? = 0
configure:8639: result: yes
configure:8645: checking for munmap
configure:8645: gcc -o conftest -g -O2   conftest.c  >&5
configure:8645: $? = 0
configure:8645: result: yes
configure:8670: gcc -c -g -O2  conftest.c >&5
configure:8670: $? = 0
configure:8790: checking how to print strings
configure:8817: result: printf
configure:8838: checking for a sed that does not truncate output
configure:8908: result: /bin/sed
configure:8926: checking for fgrep
configure:8994: result: /bin/grep -F
configure:9030: checking for ld used by gcc
configure:9098: result: /usr/x86_64-alpine-linux-musl/bin/ld
configure:9105: checking if the linker (/usr/x86_64-alpine-linux-musl/bin/ld) is GNU ld
configure:9121: result: yes
configure:9133: checking for BSD- or MS-compatible name lister (nm)
configure:9188: result: /usr/bin/nm -B
configure:9328: checking the name lister (/usr/bin/nm -B) interface
configure:9336: gcc -c -g -O2  conftest.c >&5
configure:9339: /usr/bin/nm -B "conftest.o"
configure:9342: output
0000000000000000 B some_variable
configure:9349: result: BSD nm
configure:9352: checking whether ln -s works
configure:9356: result: yes
configure:9364: checking the maximum length of command line arguments
configure:9496: result: 98304
configure:9544: checking how to convert x86_64-pc-linux-musl file names to x86_64-pc-linux-musl format
configure:9585: result: func_convert_file_noop
configure:9592: checking how to convert x86_64-pc-linux-musl file names to toolchain format
configure:9613: result: func_convert_file_noop
configure:9620: checking for /usr/x86_64-alpine-linux-musl/bin/ld option to reload object files
configure:9628: result: -r
configure:9707: checking for file
configure:9728: found /usr/bin/file
configure:9739: result: file
configure:9815: checking for objdump
configure:9836: found /usr/bin/objdump
configure:9847: result: objdump
configure:9876: checking how to recognize dependent libraries
configure:10077: result: pass_all
configure:10167: checking for dlltool
configure:10202: result: no
configure:10229: checking how to associate runtime and link libraries
configure:10257: result: printf %s\n
configure:10407: checking for archiver @FILE support
configure:10425: gcc -c -g -O2  conftest.c >&5
configure:10425: $? = 0
configure:10429: ar cr libconftest.a @conftest.lst >&5
configure:10432: $? = 0
configure:10437: ar cr libconftest.a @conftest.lst >&5
ar: conftest.o: No such file or directory
configure:10440: $? = 1
configure:10452: result: @
configure:10515: checking for strip
configure:10536: found /usr/bin/strip
configure:10547: result: strip
configure:10624: checking for ranlib
configure:10645: found /usr/bin/ranlib
configure:10656: result: ranlib
configure:10758: checking command to parse /usr/bin/nm -B output from gcc object
configure:10912: gcc -c -g -O2  conftest.c >&5
configure:10915: $? = 0
configure:10919: /usr/bin/nm -B conftest.o \| /bin/sed -n -e 's/^.*[ ]\([ABCDGIRSTW][ABCDGIRSTW]*\)[ ][ ]*\([_A-Za-z][_A-Za-z0-9]*\)$/\1 \2 \2/p' | /bin/sed '/ __gnu_lto/d' \> conftest.nm
configure:10922: $? = 0
configure:10988: gcc -o conftest -g -O2   conftest.c conftstm.o >&5
configure:10991: $? = 0
configure:11029: result: ok
configure:11076: checking for sysroot
configure:11107: result: no
configure:11114: checking for a working dd
configure:11158: result: /bin/dd
configure:11162: checking how to truncate binary pipes
configure:11178: result: /bin/dd bs=4096 count=1
configure:11315: gcc -c -g -O2  conftest.c >&5
configure:11318: $? = 0
configure:11515: checking for mt
configure:11550: result: no
configure:11570: checking if : is a manifest tool
configure:11577: : '-?'
configure:11585: result: no
configure:12306: checking for dlfcn.h
configure:12306: gcc -c -g -O2  conftest.c >&5
configure:12306: $? = 0
configure:12306: result: yes
configure:12892: checking for objdir
configure:12908: result: .libs
configure:13172: checking if gcc supports -fno-rtti -fno-exceptions
configure:13191: gcc -c -g -O2  -fno-rtti -fno-exceptions conftest.c >&5
cc1: warning: command-line option '-fno-rtti' is valid for C++/D/ObjC++ but not for C
configure:13195: $? = 0
configure:13208: result: no
configure:13572: checking for gcc option to produce PIC
configure:13580: result: -fPIC -DPIC
configure:13588: checking if gcc PIC flag -fPIC -DPIC works
configure:13607: gcc -c -g -O2  -fPIC -DPIC -DPIC conftest.c >&5
configure:13611: $? = 0
configure:13624: result: yes
configure:13653: checking if gcc static flag -static works
configure:13682: result: yes
configure:13697: checking if gcc supports -c -o file.o
configure:13719: gcc -c -g -O2  -o out/conftest2.o conftest.c >&5
configure:13723: $? = 0
configure:13745: result: yes
configure:13753: checking if gcc supports -c -o file.o
configure:13801: result: yes
configure:13834: checking whether the gcc linker (/usr/x86_64-alpine-linux-musl/bin/ld -m elf_x86_64) supports shared libraries
configure:15102: result: yes
configure:15139: checking whether -lc should be explicitly linked in
configure:15148: gcc -c -g -O2  conftest.c >&5
configure:15151: $? = 0
configure:15166: gcc -shared  -fPIC -DPIC conftest.o  -v -Wl,-soname -Wl,conftest -o conftest 2\>\&1 \| /bin/grep  -lc  \>/dev/null 2\>\&1
configure:15169: $? = 0
configure:15183: result: no
configure:15343: checking dynamic linker characteristics
configure:15925: gcc -o conftest -g -O2   -Wl,-rpath -Wl,/foo conftest.c  >&5
configure:15925: $? = 0
configure:16164: result: GNU/Linux ld.so
configure:16286: checking how to hardcode library paths into programs
configure:16311: result: immediate
configure:16863: checking whether stripping libraries is possible
configure:16872: result: yes
configure:16914: checking if libtool supports shared libraries
configure:16916: result: yes
configure:16919: checking whether to build shared libraries
configure:16944: result: yes
configure:16947: checking whether to build static libraries
configure:16951: result: no
configure:16997: checking for special development options
configure:17008: result: no
configure:17012: checking for fnmatch.h
configure:17012: gcc -c -g -O2 -Wall  conftest.c >&5
configure:17012: $? = 0
configure:17012: result: yes
configure:17018: checking for limits.h
configure:17018: gcc -c -g -O2 -Wall  conftest.c >&5
configure:17018: $? = 0
configure:17018: result: yes
configure:17024: checking for sys/mkdev.h
configure:17024: gcc -c -g -O2 -Wall  conftest.c >&5
conftest.c:77:10: fatal error: sys/mkdev.h: No such file or directory
   77 | #include <sys/mkdev.h>
      |          ^~~~~~~~~~~~~
compilation terminated.
configure:17024: $? = 1
configure: failed program was:
| /* confdefs.h */
| #define PACKAGE_NAME "GNU Awk Bundled Extensions"
| #define PACKAGE_TARNAME "gawk-extensions"
| #define PACKAGE_VERSION "5.4.1"
| #define PACKAGE_STRING "GNU Awk Bundled Extensions 5.4.1"
| #define PACKAGE_BUGREPORT "bug-gawk@gnu.org"
| #define PACKAGE_URL "https://www.gnu.org/software/gawk-extensions/"
| #define PACKAGE "gawk-extensions"
| #define VERSION "5.4.1"
| #define HAVE_STDIO_H 1
| #define HAVE_STDLIB_H 1
| #define HAVE_STRING_H 1
| #define HAVE_INTTYPES_H 1
| #define HAVE_STDINT_H 1
| #define HAVE_STRINGS_H 1
| #define HAVE_SYS_STAT_H 1
| #define HAVE_SYS_TYPES_H 1
| #define HAVE_UNISTD_H 1
| #define HAVE_WCHAR_H 1
| #define HAVE_SYS_TIME_H 1
| #define STDC_HEADERS 1
| #define _ALL_SOURCE 1
| #define _DARWIN_C_SOURCE 1
| #define _GNU_SOURCE 1
| #define _HPUX_ALT_XOPEN_SOCKET_API 1
| #define _NETBSD_SOURCE 1
| #define _OPENBSD_SOURCE 1
| #define _POSIX_PTHREAD_SEMANTICS 1
| #define __STDC_WANT_IEC_60559_ATTRIBS_EXT__ 1
| #define __STDC_WANT_IEC_60559_BFP_EXT__ 1
| #define __STDC_WANT_IEC_60559_DFP_EXT__ 1
| #define __STDC_WANT_IEC_60559_FUNCS_EXT__ 1
| #define __STDC_WANT_IEC_60559_TYPES_EXT__ 1
| #define __STDC_WANT_LIB_EXT2__ 1
| #define __STDC_WANT_MATH_SPEC_FUNCS__ 1
| #define _TANDEM_SOURCE 1
| #define __EXTENSIONS__ 1
| #define HAVE_LANGINFO_CODESET 1
| #define HAVE_LC_MESSAGES 1
| #define HAVE_STRUCT_STAT_ST_BLKSIZE 1
| #define SIZEOF_VOID_P 8
| #define USE_PERSISTENT_MALLOC 1
| #define HAVE_ADDR_NO_RANDOMIZE 1
| #define HAVE_DLFCN_H 1
| #define LT_OBJDIR ".libs/"
| #define HAVE_FNMATCH_H 1
| #define HAVE_LIMITS_H 1
| /* end confdefs.h.  */
| #include <stddef.h>
| #ifdef HAVE_STDIO_H
| # include <stdio.h>
| #endif
| #ifdef HAVE_STDLIB_H
| # include <stdlib.h>
| #endif
| #ifdef HAVE_STRING_H
| # include <string.h>
| #endif
| #ifdef HAVE_INTTYPES_H
| # include <inttypes.h>
| #endif
| #ifdef HAVE_STDINT_H
| # include <stdint.h>
| #endif
| #ifdef HAVE_STRINGS_H
| # include <strings.h>
| #endif
| #ifdef HAVE_SYS_TYPES_H
| # include <sys/types.h>
| #endif
| #ifdef HAVE_SYS_STAT_H
| # include <sys/stat.h>
| #endif
| #ifdef HAVE_UNISTD_H
| # include <unistd.h>
| #endif
| #include <sys/mkdev.h>
configure:17024: result: no
configure:17030: checking for sys/param.h
configure:17030: gcc -c -g -O2 -Wall  conftest.c >&5
configure:17030: $? = 0
configure:17030: result: yes
configure:17036: checking for sys/select.h
configure:17036: gcc -c -g -O2 -Wall  conftest.c >&5
configure:17036: $? = 0
configure:17036: result: yes
configure:17042: checking for sys/statvfs.h
configure:17042: gcc -c -g -O2 -Wall  conftest.c >&5
configure:17042: $? = 0
configure:17042: result: yes
configure:17048: checking for sys/sysmacros.h
configure:17048: gcc -c -g -O2 -Wall  conftest.c >&5
configure:17048: $? = 0
configure:17048: result: yes
configure:17054: checking for sys/time.h
configure:17054: result: yes
configure:17060: checking for uchar.h
configure:17060: gcc -c -g -O2 -Wall  conftest.c >&5
configure:17060: $? = 0
configure:17060: result: yes
configure:17071: checking for dirent.h that defines DIR
configure:17091: gcc -c -g -O2 -Wall  conftest.c >&5
configure:17091: $? = 0
configure:17100: result: yes
configure:17114: checking for library containing opendir
configure:17144: gcc -o conftest -g -O2 -Wall   conftest.c  >&5
configure:17144: $? = 0
configure:17164: result: none required
configure:17261: checking whether mpfr via "-lmpfr -lgmp" is present and usable
configure:17288: gcc -o conftest -g -O2 -Wall   conftest.c  -lmpfr -lgmp >&5
conftest.c:59:10: fatal error: mpfr.h: No such file or directory
   59 | #include <mpfr.h>
      |          ^~~~~~~~
compilation terminated.
configure:17288: $? = 1
configure: failed program was:
| /* confdefs.h */
| #define PACKAGE_NAME "GNU Awk Bundled Extensions"
| #define PACKAGE_TARNAME "gawk-extensions"
| #define PACKAGE_VERSION "5.4.1"
| #define PACKAGE_STRING "GNU Awk Bundled Extensions 5.4.1"
| #define PACKAGE_BUGREPORT "bug-gawk@gnu.org"
| #define PACKAGE_URL "https://www.gnu.org/software/gawk-extensions/"
| #define PACKAGE "gawk-extensions"
| #define VERSION "5.4.1"
| #define HAVE_STDIO_H 1
| #define HAVE_STDLIB_H 1
| #define HAVE_STRING_H 1
| #define HAVE_INTTYPES_H 1
| #define HAVE_STDINT_H 1
| #define HAVE_STRINGS_H 1
| #define HAVE_SYS_STAT_H 1
| #define HAVE_SYS_TYPES_H 1
| #define HAVE_UNISTD_H 1
| #define HAVE_WCHAR_H 1
| #define HAVE_SYS_TIME_H 1
| #define STDC_HEADERS 1
| #define _ALL_SOURCE 1
| #define _DARWIN_C_SOURCE 1
| #define _GNU_SOURCE 1
| #define _HPUX_ALT_XOPEN_SOCKET_API 1
| #define _NETBSD_SOURCE 1
| #define _OPENBSD_SOURCE 1
| #define _POSIX_PTHREAD_SEMANTICS 1
| #define __STDC_WANT_IEC_60559_ATTRIBS_EXT__ 1
| #define __STDC_WANT_IEC_60559_BFP_EXT__ 1
| #define __STDC_WANT_IEC_60559_DFP_EXT__ 1
| #define __STDC_WANT_IEC_60559_FUNCS_EXT__ 1
| #define __STDC_WANT_IEC_60559_TYPES_EXT__ 1
| #define __STDC_WANT_LIB_EXT2__ 1
| #define __STDC_WANT_MATH_SPEC_FUNCS__ 1
| #define _TANDEM_SOURCE 1
| #define __EXTENSIONS__ 1
| #define HAVE_LANGINFO_CODESET 1
| #define HAVE_LC_MESSAGES 1
| #define HAVE_STRUCT_STAT_ST_BLKSIZE 1
| #define SIZEOF_VOID_P 8
| #define USE_PERSISTENT_MALLOC 1
| #define HAVE_ADDR_NO_RANDOMIZE 1
| #define HAVE_DLFCN_H 1
| #define LT_OBJDIR ".libs/"
| #define HAVE_FNMATCH_H 1
| #define HAVE_LIMITS_H 1
| #define HAVE_SYS_PARAM_H 1
| #define HAVE_SYS_SELECT_H 1
| #define HAVE_SYS_STATVFS_H 1
| #define HAVE_SYS_SYSMACROS_H 1
| #define HAVE_SYS_TIME_H 1
| #define HAVE_UCHAR_H 1
| #define HAVE_DIRENT_H 1
| /* end confdefs.h.  */
| 
| 
| #include <stdio.h>
| #include <mpfr.h>
| #include <gmp.h>
| 
| int
| main (void)
| {
| 
| mpfr_t p;
| mpz_t z;
| mpfr_init(p);
| mpz_init(z);
| mpfr_printf("%Rf%Zd", p, z);
| mpfr_clear(p);
| mpz_clear(z);
| 
|   ;
|   return 0;
| }
configure:17297: result: no
configure:17319: checking for library containing fmod
configure:17349: gcc -o conftest -g -O2 -Wall   conftest.c  >&5
conftest.c:60:6: warning: conflicting types for built-in function 'fmod'; expected 'double(double,  double)' [-Wbuiltin-declaration-mismatch]
   60 | char fmod ();
      |      ^~~~
conftest.c:1:1: note: 'fmod' is declared in header '<math.h>'
    1 | /* confdefs.h */
configure:17349: $? = 0
configure:17369: result: none required
configure:17378: checking for fdopendir
configure:17378: gcc -o conftest -g -O2 -Wall   conftest.c  >&5
configure:17378: $? = 0
configure:17378: result: yes
configure:17384: checking for fmod
configure:17384: gcc -o conftest -g -O2 -Wall   conftest.c  >&5
conftest.c:73:6: warning: conflicting types for built-in function 'fmod'; expected 'double(double,  double)' [-Wbuiltin-declaration-mismatch]
   73 | char fmod ();
      |      ^~~~
conftest.c:65:1: note: 'fmod' is declared in header '<math.h>'
   64 | #include <limits.h>
   65 | #undef fmod
configure:17384: $? = 0
configure:17384: result: yes
configure:17390: checking for fnmatch
configure:17390: gcc -o conftest -g -O2 -Wall   conftest.c  >&5
configure:17390: $? = 0
configure:17390: result: yes
configure:17396: checking for getdtablesize
configure:17396: gcc -o conftest -g -O2 -Wall   conftest.c  >&5
configure:17396: $? = 0
configure:17396: result: yes
configure:17402: checking for clock_gettime
configure:17402: gcc -o conftest -g -O2 -Wall   conftest.c  >&5
configure:17402: $? = 0
configure:17402: result: yes
configure:17408: checking for gettimeofday
configure:17408: gcc -o conftest -g -O2 -Wall   conftest.c  >&5
configure:17408: $? = 0
configure:17408: result: yes
configure:17414: checking for nanosleep
configure:17414: gcc -o conftest -g -O2 -Wall   conftest.c  >&5
configure:17414: $? = 0
configure:17414: result: yes
configure:17420: checking for select
configure:17420: gcc -o conftest -g -O2 -Wall   conftest.c  >&5
configure:17420: $? = 0
configure:17420: result: yes
configure:17426: checking for statvfs
configure:17426: gcc -o conftest -g -O2 -Wall   conftest.c  >&5
configure:17426: $? = 0
configure:17426: result: yes
configure:17432: checking for mbrtoc32
configure:17432: gcc -o conftest -g -O2 -Wall   conftest.c  >&5
configure:17432: $? = 0
configure:17432: result: yes
configure:17438: checking for c32rtomb
configure:17438: gcc -o conftest -g -O2 -Wall   conftest.c  >&5
configure:17438: $? = 0
configure:17438: result: yes
configure:17444: checking for GetSystemTimeAsFileTime
configure:17444: gcc -o conftest -g -O2 -Wall   conftest.c  >&5
/usr/lib/gcc/x86_64-alpine-linux-musl/15.2.0/../../../../x86_64-alpine-linux-musl/bin/ld: /tmp/cccboImH.o: in function `main':
/home/sonakrie/Work/testicular_linux/gawk/extension/conftest.c:94:(.text.startup+0x5): undefined reference to `GetSystemTimeAsFileTime'
collect2: error: ld returned 1 exit status
configure:17444: $? = 1
configure: failed program was:
| /* confdefs.h */
| #define PACKAGE_NAME "GNU Awk Bundled Extensions"
| #define PACKAGE_TARNAME "gawk-extensions"
| #define PACKAGE_VERSION "5.4.1"
| #define PACKAGE_STRING "GNU Awk Bundled Extensions 5.4.1"
| #define PACKAGE_BUGREPORT "bug-gawk@gnu.org"
| #define PACKAGE_URL "https://www.gnu.org/software/gawk-extensions/"
| #define PACKAGE "gawk-extensions"
| #define VERSION "5.4.1"
| #define HAVE_STDIO_H 1
| #define HAVE_STDLIB_H 1
| #define HAVE_STRING_H 1
| #define HAVE_INTTYPES_H 1
| #define HAVE_STDINT_H 1
| #define HAVE_STRINGS_H 1
| #define HAVE_SYS_STAT_H 1
| #define HAVE_SYS_TYPES_H 1
| #define HAVE_UNISTD_H 1
| #define HAVE_WCHAR_H 1
| #define HAVE_SYS_TIME_H 1
| #define STDC_HEADERS 1
| #define _ALL_SOURCE 1
| #define _DARWIN_C_SOURCE 1
| #define _GNU_SOURCE 1
| #define _HPUX_ALT_XOPEN_SOCKET_API 1
| #define _NETBSD_SOURCE 1
| #define _OPENBSD_SOURCE 1
| #define _POSIX_PTHREAD_SEMANTICS 1
| #define __STDC_WANT_IEC_60559_ATTRIBS_EXT__ 1
| #define __STDC_WANT_IEC_60559_BFP_EXT__ 1
| #define __STDC_WANT_IEC_60559_DFP_EXT__ 1
| #define __STDC_WANT_IEC_60559_FUNCS_EXT__ 1
| #define __STDC_WANT_IEC_60559_TYPES_EXT__ 1
| #define __STDC_WANT_LIB_EXT2__ 1
| #define __STDC_WANT_MATH_SPEC_FUNCS__ 1
| #define _TANDEM_SOURCE 1
| #define __EXTENSIONS__ 1
| #define HAVE_LANGINFO_CODESET 1
| #define HAVE_LC_MESSAGES 1
| #define HAVE_STRUCT_STAT_ST_BLKSIZE 1
| #define SIZEOF_VOID_P 8
| #define USE_PERSISTENT_MALLOC 1
| #define HAVE_ADDR_NO_RANDOMIZE 1
| #define HAVE_DLFCN_H 1
| #define LT_OBJDIR ".libs/"
| #define HAVE_FNMATCH_H 1
| #define HAVE_LIMITS_H 1
| #define HAVE_SYS_PARAM_H 1
| #define HAVE_SYS_SELECT_H 1
| #define HAVE_SYS_STATVFS_H 1
| #define HAVE_SYS_SYSMACROS_H 1
| #define HAVE_SYS_TIME_H 1
| #define HAVE_UCHAR_H 1
| #define HAVE_DIRENT_H 1
| #define HAVE_FDOPENDIR 1
| #define HAVE_FMOD 1
| #define HAVE_FNMATCH 1
| #define HAVE_GETDTABLESIZE 1
| #define HAVE_CLOCK_GETTIME 1
| #define HAVE_GETTIMEOFDAY 1
| #define HAVE_NANOSLEEP 1
| #define HAVE_SELECT 1
| #define HAVE_STATVFS 1
| #define HAVE_MBRTOC32 1
| #define HAVE_C32RTOMB 1
| /* end confdefs.h.  */
| /* Define GetSystemTimeAsFileTime to an innocuous variant, in case <limits.h> declares GetSystemTimeAsFileTime.
|    For example, HP-UX 11i <limits.h> declares gettimeofday.  */
| #define GetSystemTimeAsFileTime innocuous_GetSystemTimeAsFileTime
| 
| /* System header to define __stub macros and hopefully few prototypes,
|    which can conflict with char GetSystemTimeAsFileTime (); below.  */
| 
| #include <limits.h>
| #undef GetSystemTimeAsFileTime
| 
| /* Override any GCC internal prototype to avoid an error.
|    Use char because int might match the return type of a GCC
|    builtin and then its argument prototype would still apply.  */
| #ifdef __cplusplus
| extern "C"
| #endif
| char GetSystemTimeAsFileTime ();
| /* The GNU C library defines this for functions which it implements
|     to always fail with ENOSYS.  Some functions are actually named
|     something starting with __ and the normal name is an alias.  */
| #if defined __stub_GetSystemTimeAsFileTime || defined __stub___GetSystemTimeAsFileTime
| choke me
| #endif
| 
| int
| main (void)
| {
| return GetSystemTimeAsFileTime ();
|   ;
|   return 0;
| }
configure:17444: result: no
configure:17450: checking for strptime
configure:17450: gcc -o conftest -g -O2 -Wall   conftest.c  >&5
configure:17450: $? = 0
configure:17450: result: yes
configure:17458: checking for gcc options needed to detect all undeclared functions
configure:17480: gcc -c -g -O2 -Wall   conftest.c >&5
conftest.c: In function 'main':
conftest.c:72:8: error: 'strchr' undeclared (first use in this function)
   72 | (void) strchr;
      |        ^~~~~~
conftest.c:1:1: note: 'strchr' is defined in header '<string.h>'; this is probably fixable by adding '#include <string.h>'
    1 | /* confdefs.h */
conftest.c:72:8: note: each undeclared identifier is reported only once for each function it appears in
   72 | (void) strchr;
      |        ^~~~~~
configure:17480: $? = 1
configure: failed program was:
| /* confdefs.h */
| #define PACKAGE_NAME "GNU Awk Bundled Extensions"
| #define PACKAGE_TARNAME "gawk-extensions"
| #define PACKAGE_VERSION "5.4.1"
| #define PACKAGE_STRING "GNU Awk Bundled Extensions 5.4.1"
| #define PACKAGE_BUGREPORT "bug-gawk@gnu.org"
| #define PACKAGE_URL "https://www.gnu.org/software/gawk-extensions/"
| #define PACKAGE "gawk-extensions"
| #define VERSION "5.4.1"
| #define HAVE_STDIO_H 1
| #define HAVE_STDLIB_H 1
| #define HAVE_STRING_H 1
| #define HAVE_INTTYPES_H 1
| #define HAVE_STDINT_H 1
| #define HAVE_STRINGS_H 1
| #define HAVE_SYS_STAT_H 1
| #define HAVE_SYS_TYPES_H 1
| #define HAVE_UNISTD_H 1
| #define HAVE_WCHAR_H 1
| #define HAVE_SYS_TIME_H 1
| #define STDC_HEADERS 1
| #define _ALL_SOURCE 1
| #define _DARWIN_C_SOURCE 1
| #define _GNU_SOURCE 1
| #define _HPUX_ALT_XOPEN_SOCKET_API 1
| #define _NETBSD_SOURCE 1
| #define _OPENBSD_SOURCE 1
| #define _POSIX_PTHREAD_SEMANTICS 1
| #define __STDC_WANT_IEC_60559_ATTRIBS_EXT__ 1
| #define __STDC_WANT_IEC_60559_BFP_EXT__ 1
| #define __STDC_WANT_IEC_60559_DFP_EXT__ 1
| #define __STDC_WANT_IEC_60559_FUNCS_EXT__ 1
| #define __STDC_WANT_IEC_60559_TYPES_EXT__ 1
| #define __STDC_WANT_LIB_EXT2__ 1
| #define __STDC_WANT_MATH_SPEC_FUNCS__ 1
| #define _TANDEM_SOURCE 1
| #define __EXTENSIONS__ 1
| #define HAVE_LANGINFO_CODESET 1
| #define HAVE_LC_MESSAGES 1
| #define HAVE_STRUCT_STAT_ST_BLKSIZE 1
| #define SIZEOF_VOID_P 8
| #define USE_PERSISTENT_MALLOC 1
| #define HAVE_ADDR_NO_RANDOMIZE 1
| #define HAVE_DLFCN_H 1
| #define LT_OBJDIR ".libs/"
| #define HAVE_FNMATCH_H 1
| #define HAVE_LIMITS_H 1
| #define HAVE_SYS_PARAM_H 1
| #define HAVE_SYS_SELECT_H 1
| #define HAVE_SYS_STATVFS_H 1
| #define HAVE_SYS_SYSMACROS_H 1
| #define HAVE_SYS_TIME_H 1
| #define HAVE_UCHAR_H 1
| #define HAVE_DIRENT_H 1
| #define HAVE_FDOPENDIR 1
| #define HAVE_FMOD 1
| #define HAVE_FNMATCH 1
| #define HAVE_GETDTABLESIZE 1
| #define HAVE_CLOCK_GETTIME 1
| #define HAVE_GETTIMEOFDAY 1
| #define HAVE_NANOSLEEP 1
| #define HAVE_SELECT 1
| #define HAVE_STATVFS 1
| #define HAVE_MBRTOC32 1
| #define HAVE_C32RTOMB 1
| #define HAVE_STRPTIME 1
| /* end confdefs.h.  */
| 
| int
| main (void)
| {
| (void) strchr;
|   ;
|   return 0;
| }
configure:17507: gcc -c -g -O2 -Wall   conftest.c >&5
configure:17507: $? = 0
configure:17524: result: none needed
configure:17542: checking for dirfd
configure:17542: gcc -o conftest -g -O2 -Wall   conftest.c  >&5
configure:17542: $? = 0
configure:17542: result: yes
configure:17549: checking whether dirfd is declared
configure:17549: gcc -c -g -O2 -Wall   conftest.c >&5
configure:17549: $? = 0
configure:17549: result: yes
configure:17564: checking whether dirfd is a macro
configure:17589: result: no
configure:17601: checking how to get the file descriptor associated with an open DIR*
configure:17625: gcc -c -g -O2 -Wall -DDIR_FD_MEMBER_NAME=d_fd  conftest.c >&5
conftest.c: In function 'main':
conftest.c:76:40: error: invalid use of incomplete typedef 'DIR'
   76 | DIR *dir_p = opendir("."); (void) dir_p->DIR_FD_MEMBER_NAME;
      |                                        ^~
configure:17625: $? = 1
configure: failed program was:
| /* confdefs.h */
| #define PACKAGE_NAME "GNU Awk Bundled Extensions"
| #define PACKAGE_TARNAME "gawk-extensions"
| #define PACKAGE_VERSION "5.4.1"
| #define PACKAGE_STRING "GNU Awk Bundled Extensions 5.4.1"
| #define PACKAGE_BUGREPORT "bug-gawk@gnu.org"
| #define PACKAGE_URL "https://www.gnu.org/software/gawk-extensions/"
| #define PACKAGE "gawk-extensions"
| #define VERSION "5.4.1"
| #define HAVE_STDIO_H 1
| #define HAVE_STDLIB_H 1
| #define HAVE_STRING_H 1
| #define HAVE_INTTYPES_H 1
| #define HAVE_STDINT_H 1
| #define HAVE_STRINGS_H 1
| #define HAVE_SYS_STAT_H 1
| #define HAVE_SYS_TYPES_H 1
| #define HAVE_UNISTD_H 1
| #define HAVE_WCHAR_H 1
| #define HAVE_SYS_TIME_H 1
| #define STDC_HEADERS 1
| #define _ALL_SOURCE 1
| #define _DARWIN_C_SOURCE 1
| #define _GNU_SOURCE 1
| #define _HPUX_ALT_XOPEN_SOCKET_API 1
| #define _NETBSD_SOURCE 1
| #define _OPENBSD_SOURCE 1
| #define _POSIX_PTHREAD_SEMANTICS 1
| #define __STDC_WANT_IEC_60559_ATTRIBS_EXT__ 1
| #define __STDC_WANT_IEC_60559_BFP_EXT__ 1
| #define __STDC_WANT_IEC_60559_DFP_EXT__ 1
| #define __STDC_WANT_IEC_60559_FUNCS_EXT__ 1
| #define __STDC_WANT_IEC_60559_TYPES_EXT__ 1
| #define __STDC_WANT_LIB_EXT2__ 1
| #define __STDC_WANT_MATH_SPEC_FUNCS__ 1
| #define _TANDEM_SOURCE 1
| #define __EXTENSIONS__ 1
| #define HAVE_LANGINFO_CODESET 1
| #define HAVE_LC_MESSAGES 1
| #define HAVE_STRUCT_STAT_ST_BLKSIZE 1
| #define SIZEOF_VOID_P 8
| #define USE_PERSISTENT_MALLOC 1
| #define HAVE_ADDR_NO_RANDOMIZE 1
| #define HAVE_DLFCN_H 1
| #define LT_OBJDIR ".libs/"
| #define HAVE_FNMATCH_H 1
| #define HAVE_LIMITS_H 1
| #define HAVE_SYS_PARAM_H 1
| #define HAVE_SYS_SELECT_H 1
| #define HAVE_SYS_STATVFS_H 1
| #define HAVE_SYS_SYSMACROS_H 1
| #define HAVE_SYS_TIME_H 1
| #define HAVE_UCHAR_H 1
| #define HAVE_DIRENT_H 1
| #define HAVE_FDOPENDIR 1
| #define HAVE_FMOD 1
| #define HAVE_FNMATCH 1
| #define HAVE_GETDTABLESIZE 1
| #define HAVE_CLOCK_GETTIME 1
| #define HAVE_GETTIMEOFDAY 1
| #define HAVE_NANOSLEEP 1
| #define HAVE_SELECT 1
| #define HAVE_STATVFS 1
| #define HAVE_MBRTOC32 1
| #define HAVE_C32RTOMB 1
| #define HAVE_STRPTIME 1
| #define HAVE_DIRFD 1
| #define HAVE_DECL_DIRFD 1
| /* end confdefs.h.  */
| 
|            #include <sys/types.h>
|            #include <dirent.h>
| int
| main (void)
| {
| DIR *dir_p = opendir("."); (void) dir_p->DIR_FD_MEMBER_NAME;
|   ;
|   return 0;
| }
configure:17625: gcc -c -g -O2 -Wall -DDIR_FD_MEMBER_NAME=dd_fd  conftest.c >&5
conftest.c: In function 'main':
conftest.c:76:40: error: invalid use of incomplete typedef 'DIR'
   76 | DIR *dir_p = opendir("."); (void) dir_p->DIR_FD_MEMBER_NAME;
      |                                        ^~
configure:17625: $? = 1
configure: failed program was:
| /* confdefs.h */
| #define PACKAGE_NAME "GNU Awk Bundled Extensions"
| #define PACKAGE_TARNAME "gawk-extensions"
| #define PACKAGE_VERSION "5.4.1"
| #define PACKAGE_STRING "GNU Awk Bundled Extensions 5.4.1"
| #define PACKAGE_BUGREPORT "bug-gawk@gnu.org"
| #define PACKAGE_URL "https://www.gnu.org/software/gawk-extensions/"
| #define PACKAGE "gawk-extensions"
| #define VERSION "5.4.1"
| #define HAVE_STDIO_H 1
| #define HAVE_STDLIB_H 1
| #define HAVE_STRING_H 1
| #define HAVE_INTTYPES_H 1
| #define HAVE_STDINT_H 1
| #define HAVE_STRINGS_H 1
| #define HAVE_SYS_STAT_H 1
| #define HAVE_SYS_TYPES_H 1
| #define HAVE_UNISTD_H 1
| #define HAVE_WCHAR_H 1
| #define HAVE_SYS_TIME_H 1
| #define STDC_HEADERS 1
| #define _ALL_SOURCE 1
| #define _DARWIN_C_SOURCE 1
| #define _GNU_SOURCE 1
| #define _HPUX_ALT_XOPEN_SOCKET_API 1
| #define _NETBSD_SOURCE 1
| #define _OPENBSD_SOURCE 1
| #define _POSIX_PTHREAD_SEMANTICS 1
| #define __STDC_WANT_IEC_60559_ATTRIBS_EXT__ 1
| #define __STDC_WANT_IEC_60559_BFP_EXT__ 1
| #define __STDC_WANT_IEC_60559_DFP_EXT__ 1
| #define __STDC_WANT_IEC_60559_FUNCS_EXT__ 1
| #define __STDC_WANT_IEC_60559_TYPES_EXT__ 1
| #define __STDC_WANT_LIB_EXT2__ 1
| #define __STDC_WANT_MATH_SPEC_FUNCS__ 1
| #define _TANDEM_SOURCE 1
| #define __EXTENSIONS__ 1
| #define HAVE_LANGINFO_CODESET 1
| #define HAVE_LC_MESSAGES 1
| #define HAVE_STRUCT_STAT_ST_BLKSIZE 1
| #define SIZEOF_VOID_P 8
| #define USE_PERSISTENT_MALLOC 1
| #define HAVE_ADDR_NO_RANDOMIZE 1
| #define HAVE_DLFCN_H 1
| #define LT_OBJDIR ".libs/"
| #define HAVE_FNMATCH_H 1
| #define HAVE_LIMITS_H 1
| #define HAVE_SYS_PARAM_H 1
| #define HAVE_SYS_SELECT_H 1
| #define HAVE_SYS_STATVFS_H 1
| #define HAVE_SYS_SYSMACROS_H 1
| #define HAVE_SYS_TIME_H 1
| #define HAVE_UCHAR_H 1
| #define HAVE_DIRENT_H 1
| #define HAVE_FDOPENDIR 1
| #define HAVE_FMOD 1
| #define HAVE_FNMATCH 1
| #define HAVE_GETDTABLESIZE 1
| #define HAVE_CLOCK_GETTIME 1
| #define HAVE_GETTIMEOFDAY 1
| #define HAVE_NANOSLEEP 1
| #define HAVE_SELECT 1
| #define HAVE_STATVFS 1
| #define HAVE_MBRTOC32 1
| #define HAVE_C32RTOMB 1
| #define HAVE_STRPTIME 1
| #define HAVE_DIRFD 1
| #define HAVE_DECL_DIRFD 1
| /* end confdefs.h.  */
| 
|            #include <sys/types.h>
|            #include <dirent.h>
| int
| main (void)
| {
| DIR *dir_p = opendir("."); (void) dir_p->DIR_FD_MEMBER_NAME;
|   ;
|   return 0;
| }
configure:17640: result: no_such_member
configure:17650: checking for inline
configure:17667: gcc -c -g -O2 -Wall  conftest.c >&5
configure:17667: $? = 0
configure:17676: result: inline
configure:17810: checking that generated files are newer than configure
configure:17816: result: done
configure:17851: creating ./config.status

## ---------------------- ##
## Running config.status. ##
## ---------------------- ##

This file was extended by GNU Awk Bundled Extensions config.status 5.4.1, which was
generated by GNU Autoconf 2.71.  Invocation command line was

  CONFIG_FILES    = 
  CONFIG_HEADERS  = 
  CONFIG_LINKS    = 
  CONFIG_COMMANDS = 
  $ ./config.status 

on nobara-laptop

config.status:1167: creating Makefile
config.status:1167: creating po/Makefile.in
config.status:1167: creating config.h
config.status:1348: config.h is unchanged
config.status:1396: executing depfiles commands
config.status:1471: cd .       && sed -e '/# am--include-marker/d' Makefile         | make -f - am--depfiles
make: Nothing to be done for 'am--depfiles'.
config.status:1478: $? = 0
config.status:1396: executing po-directories commands
config.status:1396: executing libtool commands

## ---------------- ##
## Cache variables. ##
## ---------------- ##

ac_cv_build='x86_64-pc-linux-musl'
ac_cv_c_compiler_gnu='yes'
ac_cv_c_inline='inline'
ac_cv_c_undeclared_builtin_options='none needed'
ac_cv_env_CC_set=''
ac_cv_env_CC_value=''
ac_cv_env_CFLAGS_set=''
ac_cv_env_CFLAGS_value=''
ac_cv_env_CPPFLAGS_set=''
ac_cv_env_CPPFLAGS_value=''
ac_cv_env_CPP_set=''
ac_cv_env_CPP_value=''
ac_cv_env_LDFLAGS_set=''
ac_cv_env_LDFLAGS_value=''
ac_cv_env_LIBS_set=''
ac_cv_env_LIBS_value=''
ac_cv_env_LT_SYS_LIBRARY_PATH_set=''
ac_cv_env_LT_SYS_LIBRARY_PATH_value=''
ac_cv_env_build_alias_set=''
ac_cv_env_build_alias_value=''
ac_cv_env_host_alias_set=''
ac_cv_env_host_alias_value=''
ac_cv_env_target_alias_set=''
ac_cv_env_target_alias_value=''
ac_cv_func_GetSystemTimeAsFileTime='no'
ac_cv_func_c32rtomb='yes'
ac_cv_func_clock_gettime='yes'
ac_cv_func_dirfd='yes'
ac_cv_func_fdopendir='yes'
ac_cv_func_fmod='yes'
ac_cv_func_fnmatch='yes'
ac_cv_func_getdtablesize='yes'
ac_cv_func_gettimeofday='yes'
ac_cv_func_mbrtoc32='yes'
ac_cv_func_mmap='yes'
ac_cv_func_munmap='yes'
ac_cv_func_nanosleep='yes'
ac_cv_func_select='yes'
ac_cv_func_statvfs='yes'
ac_cv_func_strptime='yes'
ac_cv_have_decl_dirfd='yes'
ac_cv_header_dirent_dirent_h='yes'
ac_cv_header_dlfcn_h='yes'
ac_cv_header_fnmatch_h='yes'
ac_cv_header_inttypes_h='yes'
ac_cv_header_limits_h='yes'
ac_cv_header_minix_config_h='no'
ac_cv_header_stdint_h='yes'
ac_cv_header_stdio_h='yes'
ac_cv_header_stdlib_h='yes'
ac_cv_header_string_h='yes'
ac_cv_header_strings_h='yes'
ac_cv_header_sys_mkdev_h='no'
ac_cv_header_sys_param_h='yes'
ac_cv_header_sys_select_h='yes'
ac_cv_header_sys_stat_h='yes'
ac_cv_header_sys_statvfs_h='yes'
ac_cv_header_sys_sysmacros_h='yes'
ac_cv_header_sys_time_h='yes'
ac_cv_header_sys_types_h='yes'
ac_cv_header_uchar_h='yes'
ac_cv_header_unistd_h='yes'
ac_cv_header_wchar_h='yes'
ac_cv_host='x86_64-pc-linux-musl'
ac_cv_member_struct_stat_st_blksize='yes'
ac_cv_objext='o'
ac_cv_path_EGREP='/bin/grep -E'
ac_cv_path_FGREP='/bin/grep -F'
ac_cv_path_GMSGFMT='/usr/bin/msgfmt'
ac_cv_path_GREP='/bin/grep'
ac_cv_path_MSGFMT='/usr/bin/msgfmt'
ac_cv_path_MSGMERGE='/usr/bin/msgmerge'
ac_cv_path_SED='/bin/sed'
ac_cv_path_XGETTEXT='/usr/bin/xgettext'
ac_cv_path_lt_DD='/bin/dd'
ac_cv_path_mkdir='/bin/mkdir'
ac_cv_prog_AWK='awk'
ac_cv_prog_CPP='gcc -E'
ac_cv_prog_ac_ct_AR='ar'
ac_cv_prog_ac_ct_CC='gcc'
ac_cv_prog_ac_ct_FILECMD='file'
ac_cv_prog_ac_ct_OBJDUMP='objdump'
ac_cv_prog_ac_ct_RANLIB='ranlib'
ac_cv_prog_ac_ct_STRIP='strip'
ac_cv_prog_cc_c11=''
ac_cv_prog_cc_g='yes'
ac_cv_prog_cc_stdc=''
ac_cv_prog_make_make_set='yes'
ac_cv_safe_to_define___extensions__='yes'
ac_cv_search_fmod='none required'
ac_cv_search_opendir='none required'
ac_cv_should_define__xopen_source='no'
ac_cv_sizeof_void_p='8'
ac_cv_sys_file_offset_bits='no'
ac_cv_sys_largefile_CC='no'
ac_cv_zos_uss='no'
acl_cv_hardcode_direct='no'
acl_cv_hardcode_libdir_flag_spec='${wl}-rpath ${wl}$libdir'
acl_cv_hardcode_libdir_separator=''
acl_cv_hardcode_minus_L='no'
acl_cv_libdirstems='lib,lib,lib'
acl_cv_libext='a'
acl_cv_libname_spec='lib$name'
acl_cv_library_names_spec='$libname$shrext'
acl_cv_path_LD='/usr/x86_64-alpine-linux-musl/bin/ld'
acl_cv_prog_gnu_ld='yes'
acl_cv_rpath='done'
acl_cv_shlibext='so'
acl_cv_wl='-Wl,'
am_cv_CC_dependencies_compiler_type='gcc3'
am_cv_ar_interface='ar'
am_cv_langinfo_codeset='yes'
am_cv_make_support_nested_variables='yes'
am_cv_prog_cc_c_o='yes'
ax_cv_check_cflags__='yes'
gl_cv_elf='yes'
gl_cv_func_dirfd_macro='no'
gl_cv_host_cpu_c_abi_32bit='no'
gl_cv_sys_dir_fd_member_name='no_such_member'
gt_cv_func_CFLocaleCopyPreferredLanguages='no'
gt_cv_func_CFPreferencesCopyAppValue='no'
gt_cv_val_LC_MESSAGES='yes'
lt_cv_ar_at_file='@'
lt_cv_archive_cmds_need_lc='no'
lt_cv_deplibs_check_method='pass_all'
lt_cv_file_magic_cmd='$MAGIC_CMD'
lt_cv_file_magic_test_file=''
lt_cv_ld_reload_flag='-r'
lt_cv_nm_interface='BSD nm'
lt_cv_objdir='.libs'
lt_cv_path_LD='/usr/x86_64-alpine-linux-musl/bin/ld'
lt_cv_path_NM='/usr/bin/nm -B'
lt_cv_path_mainfest_tool='no'
lt_cv_prog_compiler_c_o='yes'
lt_cv_prog_compiler_pic='-fPIC -DPIC'
lt_cv_prog_compiler_pic_works='yes'
lt_cv_prog_compiler_rtti_exceptions='no'
lt_cv_prog_compiler_static_works='yes'
lt_cv_prog_gnu_ld='yes'
lt_cv_sharedlib_from_linklib_cmd='printf %s\n'
lt_cv_shlibpath_overrides_runpath='yes'
lt_cv_sys_global_symbol_pipe='/bin/sed -n -e '"'"'s/^.*[	 ]\([ABCDGIRSTW][ABCDGIRSTW]*\)[	 ][	 ]*\([_A-Za-z][_A-Za-z0-9]*\)$/\1 \2 \2/p'"'"' | /bin/sed '"'"'/ __gnu_lto/d'"'"
lt_cv_sys_global_symbol_to_c_name_address='/bin/sed -n -e '"'"'s/^: \(.*\) .*$/  {"\1", (void *) 0},/p'"'"' -e '"'"'s/^[ABCDGIRSTW][ABCDGIRSTW]* .* \(.*\)$/  {"\1", (void *) \&\1},/p'"'"
lt_cv_sys_global_symbol_to_c_name_address_lib_prefix='/bin/sed -n -e '"'"'s/^: \(.*\) .*$/  {"\1", (void *) 0},/p'"'"' -e '"'"'s/^[ABCDGIRSTW][ABCDGIRSTW]* .* \(lib.*\)$/  {"\1", (void *) \&\1},/p'"'"' -e '"'"'s/^[ABCDGIRSTW][ABCDGIRSTW]* .* \(.*\)$/  {"lib\1", (void *) \&\1},/p'"'"
lt_cv_sys_global_symbol_to_cdecl='/bin/sed -n -e '"'"'s/^T .* \(.*\)$/extern int \1();/p'"'"' -e '"'"'s/^[ABCDGIRSTW][ABCDGIRSTW]* .* \(.*\)$/extern char \1;/p'"'"
lt_cv_sys_global_symbol_to_import=''
lt_cv_sys_max_cmd_len='98304'
lt_cv_to_host_file_cmd='func_convert_file_noop'
lt_cv_to_tool_file_cmd='func_convert_file_noop'
lt_cv_truncate_bin='/bin/dd bs=4096 count=1'

## ----------------- ##
## Output variables. ##
## ----------------- ##

ACLOCAL='${SHELL} '\''/home/sonakrie/Work/testicular_linux/gawk/build-aux/missing'\'' aclocal-1.16'
AMDEPBACKSLASH='\'
AMDEP_FALSE='#'
AMDEP_TRUE=''
AMTAR='$${TAR-tar}'
AM_BACKSLASH='\'
AM_DEFAULT_V='$(AM_DEFAULT_VERBOSITY)'
AM_DEFAULT_VERBOSITY='1'
AM_V='$(V)'
AR='ar'
AS='as'
AUTOCONF='${SHELL} '\''/home/sonakrie/Work/testicular_linux/gawk/build-aux/missing'\'' autoconf'
AUTOHEADER='${SHELL} '\''/home/sonakrie/Work/testicular_linux/gawk/build-aux/missing'\'' autoheader'
AUTOMAKE='${SHELL} '\''/home/sonakrie/Work/testicular_linux/gawk/build-aux/missing'\'' automake-1.16'
AWK='awk'
CC='gcc'
CCDEPMODE='depmode=gcc3'
CFLAGS='-g -O2 -Wall'
CPP='gcc -E'
CPPFLAGS=''
CSCOPE='cscope'
CTAGS='ctags'
CYGPATH_W='echo'
DEFS='-DHAVE_CONFIG_H'
DEPDIR='.deps'
DLLTOOL='false'
DSYMUTIL=''
DUMPBIN=''
ECHO_C=''
ECHO_N='-n'
ECHO_T=''
EGREP='/bin/grep -E'
ETAGS='etags'
EXEEXT=''
FGREP='/bin/grep -F'
FILECMD='file'
GETTEXT_MACRO_VERSION='0.20'
GMSGFMT='/usr/bin/msgfmt'
GMSGFMT_015='/usr/bin/msgfmt'
GREP='/bin/grep'
HAVE_ADDR_NO_RANDOMIZE_FALSE='#'
HAVE_ADDR_NO_RANDOMIZE_TRUE=''
INSTALL_DATA='${INSTALL} -m 644'
INSTALL_PROGRAM='${INSTALL}'
INSTALL_SCRIPT='${INSTALL}'
INSTALL_STRIP_PROGRAM='$(install_sh) -c -s'
INTLLIBS=''
INTL_MACOSX_LIBS=''
LD='/usr/x86_64-alpine-linux-musl/bin/ld -m elf_x86_64'
LDFLAGS=''
LIBICONV='-liconv'
LIBINTL=''
LIBMPFR=''
LIBOBJS=''
LIBS=''
LIBTOOL='$(SHELL) $(top_builddir)/libtool'
LIPO=''
LN_S='ln -s'
LTLIBICONV='-liconv'
LTLIBINTL=''
LTLIBOBJS=''
LT_SYS_LIBRARY_PATH=''
MAKEINFO='${SHELL} '\''/home/sonakrie/Work/testicular_linux/gawk/build-aux/missing'\'' makeinfo'
MANIFEST_TOOL=':'
MKDIR_P='/bin/mkdir -p'
MSGFMT='/usr/bin/msgfmt'
MSGMERGE='/usr/bin/msgmerge'
MSGMERGE_FOR_MSGFMT_OPTION='--for-msgfmt'
NM='/usr/bin/nm -B'
NMEDIT=''
OBJDUMP='objdump'
OBJEXT='o'
OTOOL64=''
OTOOL=''
PACKAGE='gawk-extensions'
PACKAGE_BUGREPORT='bug-gawk@gnu.org'
PACKAGE_NAME='GNU Awk Bundled Extensions'
PACKAGE_STRING='GNU Awk Bundled Extensions 5.4.1'
PACKAGE_TARNAME='gawk-extensions'
PACKAGE_URL='https://www.gnu.org/software/gawk-extensions/'
PACKAGE_VERSION='5.4.1'
PATH_SEPARATOR=':'
POSUB=''
RANLIB='ranlib'
SED='/bin/sed'
SET_MAKE=''
SHELL='/bin/sh'
STRIP='strip'
USE_NLS='no'
USE_PAXCTL_FALSE=''
USE_PAXCTL_TRUE='#'
USE_PERSISTENT_MALLOC_FALSE='#'
USE_PERSISTENT_MALLOC_TRUE=''
VERSION='5.4.1'
XGETTEXT='/usr/bin/xgettext'
XGETTEXT_015='/usr/bin/xgettext'
XGETTEXT_EXTRA_OPTIONS=''
ac_ct_AR='ar'
ac_ct_CC='gcc'
ac_ct_DUMPBIN=''
am__EXEEXT_FALSE=''
am__EXEEXT_TRUE='#'
am__fastdepCC_FALSE='#'
am__fastdepCC_TRUE=''
am__include='include'
am__isrc=''
am__leading_dot='.'
am__nodep='_no'
am__quote=''
am__tar='$${TAR-tar} chof - "$$tardir"'
am__untar='$${TAR-tar} xf -'
bindir='${exec_prefix}/bin'
build='x86_64-pc-linux-musl'
build_alias=''
build_cpu='x86_64'
build_os='linux-musl'
build_vendor='pc'
datadir='${datarootdir}'
datarootdir='${prefix}/share'
docdir='${datarootdir}/doc/${PACKAGE_TARNAME}'
dvidir='${docdir}'
exec_prefix='${prefix}'
host='x86_64-pc-linux-musl'
host_alias=''
host_cpu='x86_64'
host_os='linux-musl'
host_vendor='pc'
htmldir='${docdir}'
includedir='${prefix}/include'
infodir='${datarootdir}/info'
install_sh='${SHELL} /home/sonakrie/Work/testicular_linux/gawk/build-aux/install-sh'
libdir='${exec_prefix}/lib'
libexecdir='${exec_prefix}/libexec'
localedir='${datarootdir}/locale'
localstatedir='${prefix}/var'
mandir='${datarootdir}/man'
mkdir_p='$(MKDIR_P)'
oldincludedir='/usr/include'
pdfdir='${docdir}'
pkgextensiondir='${libdir}/gawk'
prefix='/usr'
program_transform_name='s,x,x,'
psdir='${docdir}'
runstatedir='${localstatedir}/run'
sbindir='${exec_prefix}/sbin'
sharedstatedir='${prefix}/com'
sysconfdir='${prefix}/etc'
target_alias=''

## ----------- ##
## confdefs.h. ##
## ----------- ##

/* confdefs.h */
#define PACKAGE_NAME "GNU Awk Bundled Extensions"
#define PACKAGE_TARNAME "gawk-extensions"
#define PACKAGE_VERSION "5.4.1"
#define PACKAGE_STRING "GNU Awk Bundled Extensions 5.4.1"
#define PACKAGE_BUGREPORT "bug-gawk@gnu.org"
#define PACKAGE_URL "https://www.gnu.org/software/gawk-extensions/"
#define PACKAGE "gawk-extensions"
#define VERSION "5.4.1"
#define HAVE_STDIO_H 1
#define HAVE_STDLIB_H 1
#define HAVE_STRING_H 1
#define HAVE_INTTYPES_H 1
#define HAVE_STDINT_H 1
#define HAVE_STRINGS_H 1
#define HAVE_SYS_STAT_H 1
#define HAVE_SYS_TYPES_H 1
#define HAVE_UNISTD_H 1
#define HAVE_WCHAR_H 1
#define HAVE_SYS_TIME_H 1
#define STDC_HEADERS 1
#define _ALL_SOURCE 1
#define _DARWIN_C_SOURCE 1
#define _GNU_SOURCE 1
#define _HPUX_ALT_XOPEN_SOCKET_API 1
#define _NETBSD_SOURCE 1
#define _OPENBSD_SOURCE 1
#define _POSIX_PTHREAD_SEMANTICS 1
#define __STDC_WANT_IEC_60559_ATTRIBS_EXT__ 1
#define __STDC_WANT_IEC_60559_BFP_EXT__ 1
#define __STDC_WANT_IEC_60559_DFP_EXT__ 1
#define __STDC_WANT_IEC_60559_FUNCS_EXT__ 1
#define __STDC_WANT_IEC_60559_TYPES_EXT__ 1
#define __STDC_WANT_LIB_EXT2__ 1
#define __STDC_WANT_MATH_SPEC_FUNCS__ 1
#define _TANDEM_SOURCE 1
#define __EXTENSIONS__ 1
#define HAVE_LANGINFO_CODESET 1
#define HAVE_LC_MESSAGES 1
#define HAVE_STRUCT_STAT_ST_BLKSIZE 1
#define SIZEOF_VOID_P 8
#define USE_PERSISTENT_MALLOC 1
#define HAVE_ADDR_NO_RANDOMIZE 1
#define HAVE_DLFCN_H 1
#define LT_OBJDIR ".libs/"
#define HAVE_FNMATCH_H 1
#define HAVE_LIMITS_H 1
#define HAVE_SYS_PARAM_H 1
#define HAVE_SYS_SELECT_H 1
#define HAVE_SYS_STATVFS_H 1
#define HAVE_SYS_SYSMACROS_H 1
#define HAVE_SYS_TIME_H 1
#define HAVE_UCHAR_H 1
#define HAVE_DIRENT_H 1
#define HAVE_FDOPENDIR 1
#define HAVE_FMOD 1
#define HAVE_FNMATCH 1
#define HAVE_GETDTABLESIZE 1
#define HAVE_CLOCK_GETTIME 1
#define HAVE_GETTIMEOFDAY 1
#define HAVE_NANOSLEEP 1
#define HAVE_SELECT 1
#define HAVE_STATVFS 1
#define HAVE_MBRTOC32 1
#define HAVE_C32RTOMB 1
#define HAVE_STRPTIME 1
#define HAVE_DIRFD 1
#define HAVE_DECL_DIRFD 1

configure: exit 0
