This file contains any messages produced by compilers while
running configure, to aid debugging if configure makes a mistake.

It was created by less configure 1, which was
generated by GNU Autoconf 2.72.  Invocation command line was

  $ ./configure --prefix=/usr

## --------- ##
## Platform. ##
## --------- ##

hostname = nobara-laptop
uname -m = x86_64
uname -r = 7.1.4-200.nobara.fc44.x86_64
uname -s = Linux
uname -v = #1 SMP PREEMPT_DYNAMIC Mon Jul 20 03:39:43 UTC 2026

/usr/bin/uname -p = unknown
/bin/uname -X     = unknown

/bin/arch              = x86_64
/usr/bin/arch -k       = unknown
/usr/convex/getsysinfo = unknown
/usr/bin/hostinfo      = unknown
/bin/machine           = unknown
/usr/bin/oslevel       = unknown
/bin/universe          = unknown

PATH: /home/sonakrie/.local/bin/
PATH: /home/sonakrie/bin/
PATH: /usr/local/sbin/
PATH: /usr/local/bin/
PATH: /usr/sbin/
PATH: /usr/bin/
PATH: /sbin/
PATH: /bin/


## ----------- ##
## Core tests. ##
## ----------- ##

configure:2433: looking for aux files: install-sh
configure:2446:  trying ./
configure:2460:   ./install.sh found
configure:2655: checking for gcc
configure:2676: found /usr/bin/gcc
configure:2688: result: gcc
configure:3047: checking for C compiler version
configure:3056: gcc --version >&5
gcc (Alpine 15.2.0) 15.2.0
Copyright (C) 2025 Free Software Foundation, Inc.
This is free software; see the source for copying conditions.  There is NO
warranty; not even for MERCHANTABILITY or FITNESS FOR A PARTICULAR PURPOSE.

configure:3067: $? = 0
configure:3056: gcc -v >&5
Using built-in specs.
COLLECT_GCC=gcc
COLLECT_LTO_WRAPPER=/usr/libexec/gcc/x86_64-alpine-linux-musl/15.2.0/lto-wrapper
Target: x86_64-alpine-linux-musl
Configured with: /home/buildozer/aports/main/gcc/src/gcc-15.2.0/configure --prefix=/usr --mandir=/usr/share/man --infodir=/usr/share/info --build=x86_64-alpine-linux-musl --host=x86_64-alpine-linux-musl --target=x86_64-alpine-linux-musl --enable-checking=release --disable-cet --disable-fixed-point --disable-libstdcxx-pch --disable-multilib --disable-nls --disable-werror --disable-symvers --enable-__cxa_atexit --enable-default-pie --enable-default-ssp --enable-languages=c,c++,d,objc,go,fortran,ada --enable-link-serialization=2 --enable-linker-build-id --disable-libssp --enable-libsanitizer --enable-shared --enable-threads --enable-tls --with-bugurl=https://gitlab.alpinelinux.org/alpine/aports/-/issues --with-system-zlib --with-linker-hash-style=gnu --with-pkgversion='Alpine 15.2.0'
Thread model: posix
Supported LTO compression algorithms: zlib
gcc version 15.2.0 (Alpine 15.2.0) 
configure:3067: $? = 0
configure:3056: gcc -V >&5
gcc: error: unrecognized command-line option '-V'
gcc: fatal error: no input files
compilation terminated.
configure:3067: $? = 1
configure:3056: gcc -qversion >&5
gcc: error: unrecognized command-line option '-qversion'; did you mean '--version'?
gcc: fatal error: no input files
compilation terminated.
configure:3067: $? = 1
configure:3056: gcc -version >&5
gcc: error: unrecognized command-line option '-version'
gcc: fatal error: no input files
compilation terminated.
configure:3067: $? = 1
configure:3087: checking whether the C compiler works
configure:3109: gcc    conftest.c  >&5
configure:3113: $? = 0
configure:3164: result: yes
configure:3168: checking for C compiler default output file name
configure:3170: result: a.out
configure:3176: checking for suffix of executables
configure:3183: gcc -o conftest    conftest.c  >&5
configure:3187: $? = 0
configure:3211: result: 
configure:3235: checking whether we are cross compiling
configure:3243: gcc -o conftest    conftest.c  >&5
configure:3247: $? = 0
configure:3254: ./conftest
configure:3258: $? = 0
configure:3273: result: no
configure:3279: checking for suffix of object files
configure:3302: gcc -c   conftest.c >&5
configure:3306: $? = 0
configure:3330: result: o
configure:3334: checking whether the compiler supports GNU C
configure:3354: gcc -c   conftest.c >&5
configure:3354: $? = 0
configure:3366: result: yes
configure:3377: checking whether gcc accepts -g
configure:3398: gcc -c -g  conftest.c >&5
configure:3398: $? = 0
configure:3445: result: yes
configure:3465: checking for gcc option to enable C11 features
configure:3480: gcc  -c -g -O2  conftest.c >&5
configure:3480: $? = 0
configure:3499: result: none needed
configure:3618: checking for library containing strerror
configure:3654: gcc -o conftest -g -O2   conftest.c  >&5
configure:3654: $? = 0
configure:3676: result: none required
configure:3701: checking for a BSD-compatible install
configure:3775: result: /usr/bin/install -c
configure:3795: checking for gcc option to enable large file support
configure:3830: gcc -c -g -O2  conftest.c >&5
configure:3830: $? = 0
configure:3836: gcc -DFTYPE=ino_t -c -g -O2  conftest.c >&5
configure:3836: $? = 0
configure:3861: result: none needed
configure:3965: checking for tgoto in -ltinfo
configure:3994: gcc -o conftest -g -O2   conftest.c -ltinfo   >&5
configure:3994: $? = 0
configure:4006: result: yes
configure:4016: checking for tgoto in -ltinfow
configure:4045: gcc -o conftest -g -O2   conftest.c -ltinfow   >&5
/usr/lib/gcc/x86_64-alpine-linux-musl/15.2.0/../../../../x86_64-alpine-linux-musl/bin/ld: cannot find -ltinfow: No such file or directory
collect2: error: ld returned 1 exit status
configure:4045: $? = 1
configure: failed program was:
| /* confdefs.h */
| #define PACKAGE_NAME "less"
| #define PACKAGE_TARNAME "less"
| #define PACKAGE_VERSION "1"
| #define PACKAGE_STRING "less 1"
| #define PACKAGE_BUGREPORT ""
| #define PACKAGE_URL ""
| /* end confdefs.h.  */
| 
| /* Override any GCC internal prototype to avoid an error.
|    Use char because int might match the return type of a GCC
|    builtin and then its argument prototype would still apply.
|    The 'extern "C"' is for builds by C++ compilers;
|    although this is not generally supported in C code supporting it here
|    has little cost and some practical benefit (sr 110532).  */
| #ifdef __cplusplus
| extern "C"
| #endif
| char tgoto (void);
| int
| main (void)
| {
| return tgoto ();
|   ;
|   return 0;
| }
configure:4057: result: no
configure:4067: checking for initscr in -lxcurses
configure:4096: gcc -o conftest -g -O2   conftest.c -lxcurses   >&5
/usr/lib/gcc/x86_64-alpine-linux-musl/15.2.0/../../../../x86_64-alpine-linux-musl/bin/ld: cannot find -lxcurses: No such file or directory
collect2: error: ld returned 1 exit status
configure:4096: $? = 1
configure: failed program was:
| /* confdefs.h */
| #define PACKAGE_NAME "less"
| #define PACKAGE_TARNAME "less"
| #define PACKAGE_VERSION "1"
| #define PACKAGE_STRING "less 1"
| #define PACKAGE_BUGREPORT ""
| #define PACKAGE_URL ""
| /* end confdefs.h.  */
| 
| /* Override any GCC internal prototype to avoid an error.
|    Use char because int might match the return type of a GCC
|    builtin and then its argument prototype would still apply.
|    The 'extern "C"' is for builds by C++ compilers;
|    although this is not generally supported in C code supporting it here
|    has little cost and some practical benefit (sr 110532).  */
| #ifdef __cplusplus
| extern "C"
| #endif
| char initscr (void);
| int
| main (void)
| {
| return initscr ();
|   ;
|   return 0;
| }
configure:4108: result: no
configure:4118: checking for initscr in -lncursesw
configure:4147: gcc -o conftest -g -O2   conftest.c -lncursesw   >&5
configure:4147: $? = 0
configure:4159: result: yes
configure:4169: checking for initscr in -lncurses
configure:4198: gcc -o conftest -g -O2   conftest.c -lncurses   >&5
configure:4198: $? = 0
configure:4210: result: yes
configure:4220: checking for initscr in -lcurses
configure:4249: gcc -o conftest -g -O2   conftest.c -lcurses   >&5
configure:4249: $? = 0
configure:4261: result: yes
configure:4271: checking for tgetent in -ltermcap
configure:4300: gcc -o conftest -g -O2   conftest.c -ltermcap   >&5
/usr/lib/gcc/x86_64-alpine-linux-musl/15.2.0/../../../../x86_64-alpine-linux-musl/bin/ld: cannot find -ltermcap: No such file or directory
collect2: error: ld returned 1 exit status
configure:4300: $? = 1
configure: failed program was:
| /* confdefs.h */
| #define PACKAGE_NAME "less"
| #define PACKAGE_TARNAME "less"
| #define PACKAGE_VERSION "1"
| #define PACKAGE_STRING "less 1"
| #define PACKAGE_BUGREPORT ""
| #define PACKAGE_URL ""
| /* end confdefs.h.  */
| 
| /* Override any GCC internal prototype to avoid an error.
|    Use char because int might match the return type of a GCC
|    builtin and then its argument prototype would still apply.
|    The 'extern "C"' is for builds by C++ compilers;
|    although this is not generally supported in C code supporting it here
|    has little cost and some practical benefit (sr 110532).  */
| #ifdef __cplusplus
| extern "C"
| #endif
| char tgetent (void);
| int
| main (void)
| {
| return tgetent ();
|   ;
|   return 0;
| }
configure:4312: result: no
configure:4322: checking for tgetent in -ltermlib
configure:4351: gcc -o conftest -g -O2   conftest.c -ltermlib   >&5
/usr/lib/gcc/x86_64-alpine-linux-musl/15.2.0/../../../../x86_64-alpine-linux-musl/bin/ld: cannot find -ltermlib: No such file or directory
collect2: error: ld returned 1 exit status
configure:4351: $? = 1
configure: failed program was:
| /* confdefs.h */
| #define PACKAGE_NAME "less"
| #define PACKAGE_TARNAME "less"
| #define PACKAGE_VERSION "1"
| #define PACKAGE_STRING "less 1"
| #define PACKAGE_BUGREPORT ""
| #define PACKAGE_URL ""
| /* end confdefs.h.  */
| 
| /* Override any GCC internal prototype to avoid an error.
|    Use char because int might match the return type of a GCC
|    builtin and then its argument prototype would still apply.
|    The 'extern "C"' is for builds by C++ compilers;
|    although this is not generally supported in C code supporting it here
|    has little cost and some practical benefit (sr 110532).  */
| #ifdef __cplusplus
| extern "C"
| #endif
| char tgetent (void);
| int
| main (void)
| {
| return tgetent ();
|   ;
|   return 0;
| }
configure:4363: result: no
configure:4375: checking for library containing regcmp
configure:4411: gcc -o conftest -g -O2   conftest.c  >&5
/usr/lib/gcc/x86_64-alpine-linux-musl/15.2.0/../../../../x86_64-alpine-linux-musl/bin/ld: /tmp/ccCgNaBm.o: in function `main':
/home/sonakrie/Work/testicular_linux/less/conftest.c:23:(.text.startup+0x5): undefined reference to `regcmp'
collect2: error: ld returned 1 exit status
configure:4411: $? = 1
configure: failed program was:
| /* confdefs.h */
| #define PACKAGE_NAME "less"
| #define PACKAGE_TARNAME "less"
| #define PACKAGE_VERSION "1"
| #define PACKAGE_STRING "less 1"
| #define PACKAGE_BUGREPORT ""
| #define PACKAGE_URL ""
| /* end confdefs.h.  */
| 
| /* Override any GCC internal prototype to avoid an error.
|    Use char because int might match the return type of a GCC
|    builtin and then its argument prototype would still apply.
|    The 'extern "C"' is for builds by C++ compilers;
|    although this is not generally supported in C code supporting it here
|    has little cost and some practical benefit (sr 110532).  */
| #ifdef __cplusplus
| extern "C"
| #endif
| char regcmp (void);
| int
| main (void)
| {
| return regcmp ();
|   ;
|   return 0;
| }
configure:4411: gcc -o conftest -g -O2   conftest.c -lgen   >&5
/usr/lib/gcc/x86_64-alpine-linux-musl/15.2.0/../../../../x86_64-alpine-linux-musl/bin/ld: cannot find -lgen: No such file or directory
collect2: error: ld returned 1 exit status
configure:4411: $? = 1
configure: failed program was:
| /* confdefs.h */
| #define PACKAGE_NAME "less"
| #define PACKAGE_TARNAME "less"
| #define PACKAGE_VERSION "1"
| #define PACKAGE_STRING "less 1"
| #define PACKAGE_BUGREPORT ""
| #define PACKAGE_URL ""
| /* end confdefs.h.  */
| 
| /* Override any GCC internal prototype to avoid an error.
|    Use char because int might match the return type of a GCC
|    builtin and then its argument prototype would still apply.
|    The 'extern "C"' is for builds by C++ compilers;
|    although this is not generally supported in C code supporting it here
|    has little cost and some practical benefit (sr 110532).  */
| #ifdef __cplusplus
| extern "C"
| #endif
| char regcmp (void);
| int
| main (void)
| {
| return regcmp ();
|   ;
|   return 0;
| }
configure:4411: gcc -o conftest -g -O2   conftest.c -lintl   >&5
/usr/lib/gcc/x86_64-alpine-linux-musl/15.2.0/../../../../x86_64-alpine-linux-musl/bin/ld: cannot find -lintl: No such file or directory
collect2: error: ld returned 1 exit status
configure:4411: $? = 1
configure: failed program was:
| /* confdefs.h */
| #define PACKAGE_NAME "less"
| #define PACKAGE_TARNAME "less"
| #define PACKAGE_VERSION "1"
| #define PACKAGE_STRING "less 1"
| #define PACKAGE_BUGREPORT ""
| #define PACKAGE_URL ""
| /* end confdefs.h.  */
| 
| /* Override any GCC internal prototype to avoid an error.
|    Use char because int might match the return type of a GCC
|    builtin and then its argument prototype would still apply.
|    The 'extern "C"' is for builds by C++ compilers;
|    although this is not generally supported in C code supporting it here
|    has little cost and some practical benefit (sr 110532).  */
| #ifdef __cplusplus
| extern "C"
| #endif
| char regcmp (void);
| int
| main (void)
| {
| return regcmp ();
|   ;
|   return 0;
| }
configure:4411: gcc -o conftest -g -O2   conftest.c -lPW   >&5
/usr/lib/gcc/x86_64-alpine-linux-musl/15.2.0/../../../../x86_64-alpine-linux-musl/bin/ld: cannot find -lPW: No such file or directory
collect2: error: ld returned 1 exit status
configure:4411: $? = 1
configure: failed program was:
| /* confdefs.h */
| #define PACKAGE_NAME "less"
| #define PACKAGE_TARNAME "less"
| #define PACKAGE_VERSION "1"
| #define PACKAGE_STRING "less 1"
| #define PACKAGE_BUGREPORT ""
| #define PACKAGE_URL ""
| /* end confdefs.h.  */
| 
| /* Override any GCC internal prototype to avoid an error.
|    Use char because int might match the return type of a GCC
|    builtin and then its argument prototype would still apply.
|    The 'extern "C"' is for builds by C++ compilers;
|    although this is not generally supported in C code supporting it here
|    has little cost and some practical benefit (sr 110532).  */
| #ifdef __cplusplus
| extern "C"
| #endif
| char regcmp (void);
| int
| main (void)
| {
| return regcmp ();
|   ;
|   return 0;
| }
configure:4433: result: no
configure:4448: checking for stdio.h
configure:4448: gcc -c -g -O2  conftest.c >&5
configure:4448: $? = 0
configure:4448: result: yes
configure:4448: checking for stdlib.h
configure:4448: gcc -c -g -O2  conftest.c >&5
configure:4448: $? = 0
configure:4448: result: yes
configure:4448: checking for string.h
configure:4448: gcc -c -g -O2  conftest.c >&5
configure:4448: $? = 0
configure:4448: result: yes
configure:4448: checking for inttypes.h
configure:4448: gcc -c -g -O2  conftest.c >&5
configure:4448: $? = 0
configure:4448: result: yes
configure:4448: checking for stdint.h
configure:4448: gcc -c -g -O2  conftest.c >&5
configure:4448: $? = 0
configure:4448: result: yes
configure:4448: checking for strings.h
configure:4448: gcc -c -g -O2  conftest.c >&5
configure:4448: $? = 0
configure:4448: result: yes
configure:4448: checking for sys/stat.h
configure:4448: gcc -c -g -O2  conftest.c >&5
configure:4448: $? = 0
configure:4448: result: yes
configure:4448: checking for sys/types.h
configure:4448: gcc -c -g -O2  conftest.c >&5
configure:4448: $? = 0
configure:4448: result: yes
configure:4448: checking for unistd.h
configure:4448: gcc -c -g -O2  conftest.c >&5
configure:4448: $? = 0
configure:4448: result: yes
configure:4448: checking for ctype.h
configure:4448: gcc -c -g -O2  conftest.c >&5
configure:4448: $? = 0
configure:4448: result: yes
configure:4448: checking for errno.h
configure:4448: gcc -c -g -O2  conftest.c >&5
configure:4448: $? = 0
configure:4448: result: yes
configure:4448: checking for fcntl.h
configure:4448: gcc -c -g -O2  conftest.c >&5
configure:4448: $? = 0
configure:4448: result: yes
configure:4448: checking for limits.h
configure:4448: gcc -c -g -O2  conftest.c >&5
configure:4448: $? = 0
configure:4448: result: yes
configure:4448: checking for stdckdint.h
configure:4448: gcc -c -g -O2  conftest.c >&5
configure:4448: $? = 0
configure:4448: result: yes
configure:4448: checking for termcap.h
configure:4448: gcc -c -g -O2  conftest.c >&5
configure:4448: $? = 0
configure:4448: result: yes
configure:4448: checking for ncurses/termcap.h
configure:4448: gcc -c -g -O2  conftest.c >&5
conftest.c:52:10: fatal error: ncurses/termcap.h: No such file or directory
   52 | #include <ncurses/termcap.h>
      |          ^~~~~~~~~~~~~~~~~~~
compilation terminated.
configure:4448: $? = 1
configure: failed program was:
| /* confdefs.h */
| #define PACKAGE_NAME "less"
| #define PACKAGE_TARNAME "less"
| #define PACKAGE_VERSION "1"
| #define PACKAGE_STRING "less 1"
| #define PACKAGE_BUGREPORT ""
| #define PACKAGE_URL ""
| #define HAVE_STDIO_H 1
| #define HAVE_STDLIB_H 1
| #define HAVE_STRING_H 1
| #define HAVE_INTTYPES_H 1
| #define HAVE_STDINT_H 1
| #define HAVE_STRINGS_H 1
| #define HAVE_SYS_STAT_H 1
| #define HAVE_SYS_TYPES_H 1
| #define HAVE_UNISTD_H 1
| #define HAVE_CTYPE_H 1
| #define HAVE_ERRNO_H 1
| #define HAVE_FCNTL_H 1
| #define HAVE_LIMITS_H 1
| #define HAVE_STDCKDINT_H 1
| #define HAVE_TERMCAP_H 1
| /* end confdefs.h.  */
| #include <stddef.h>
| #ifdef HAVE_STDIO_H
| # include <stdio.h>
| #endif
| #ifdef HAVE_STDLIB_H
| # include <stdlib.h>
| #endif
| #ifdef HAVE_STRING_H
| # include <string.h>
| #endif
| #ifdef HAVE_INTTYPES_H
| # include <inttypes.h>
| #endif
| #ifdef HAVE_STDINT_H
| # include <stdint.h>
| #endif
| #ifdef HAVE_STRINGS_H
| # include <strings.h>
| #endif
| #ifdef HAVE_SYS_TYPES_H
| # include <sys/types.h>
| #endif
| #ifdef HAVE_SYS_STAT_H
| # include <sys/stat.h>
| #endif
| #ifdef HAVE_UNISTD_H
| # include <unistd.h>
| #endif
| #include <ncurses/termcap.h>
configure:4448: result: no
configure:4448: checking for ncursesw/termcap.h
configure:4448: gcc -c -g -O2  conftest.c >&5
conftest.c:52:10: fatal error: ncursesw/termcap.h: No such file or directory
   52 | #include <ncursesw/termcap.h>
      |          ^~~~~~~~~~~~~~~~~~~~
compilation terminated.
configure:4448: $? = 1
configure: failed program was:
| /* confdefs.h */
| #define PACKAGE_NAME "less"
| #define PACKAGE_TARNAME "less"
| #define PACKAGE_VERSION "1"
| #define PACKAGE_STRING "less 1"
| #define PACKAGE_BUGREPORT ""
| #define PACKAGE_URL ""
| #define HAVE_STDIO_H 1
| #define HAVE_STDLIB_H 1
| #define HAVE_STRING_H 1
| #define HAVE_INTTYPES_H 1
| #define HAVE_STDINT_H 1
| #define HAVE_STRINGS_H 1
| #define HAVE_SYS_STAT_H 1
| #define HAVE_SYS_TYPES_H 1
| #define HAVE_UNISTD_H 1
| #define HAVE_CTYPE_H 1
| #define HAVE_ERRNO_H 1
| #define HAVE_FCNTL_H 1
| #define HAVE_LIMITS_H 1
| #define HAVE_STDCKDINT_H 1
| #define HAVE_TERMCAP_H 1
| /* end confdefs.h.  */
| #include <stddef.h>
| #ifdef HAVE_STDIO_H
| # include <stdio.h>
| #endif
| #ifdef HAVE_STDLIB_H
| # include <stdlib.h>
| #endif
| #ifdef HAVE_STRING_H
| # include <string.h>
| #endif
| #ifdef HAVE_INTTYPES_H
| # include <inttypes.h>
| #endif
| #ifdef HAVE_STDINT_H
| # include <stdint.h>
| #endif
| #ifdef HAVE_STRINGS_H
| # include <strings.h>
| #endif
| #ifdef HAVE_SYS_TYPES_H
| # include <sys/types.h>
| #endif
| #ifdef HAVE_SYS_STAT_H
| # include <sys/stat.h>
| #endif
| #ifdef HAVE_UNISTD_H
| # include <unistd.h>
| #endif
| #include <ncursesw/termcap.h>
configure:4448: result: no
configure:4448: checking for termio.h
configure:4448: gcc -c -g -O2  conftest.c >&5
conftest.c:52:10: fatal error: termio.h: No such file or directory
   52 | #include <termio.h>
      |          ^~~~~~~~~~
compilation terminated.
configure:4448: $? = 1
configure: failed program was:
| /* confdefs.h */
| #define PACKAGE_NAME "less"
| #define PACKAGE_TARNAME "less"
| #define PACKAGE_VERSION "1"
| #define PACKAGE_STRING "less 1"
| #define PACKAGE_BUGREPORT ""
| #define PACKAGE_URL ""
| #define HAVE_STDIO_H 1
| #define HAVE_STDLIB_H 1
| #define HAVE_STRING_H 1
| #define HAVE_INTTYPES_H 1
| #define HAVE_STDINT_H 1
| #define HAVE_STRINGS_H 1
| #define HAVE_SYS_STAT_H 1
| #define HAVE_SYS_TYPES_H 1
| #define HAVE_UNISTD_H 1
| #define HAVE_CTYPE_H 1
| #define HAVE_ERRNO_H 1
| #define HAVE_FCNTL_H 1
| #define HAVE_LIMITS_H 1
| #define HAVE_STDCKDINT_H 1
| #define HAVE_TERMCAP_H 1
| /* end confdefs.h.  */
| #include <stddef.h>
| #ifdef HAVE_STDIO_H
| # include <stdio.h>
| #endif
| #ifdef HAVE_STDLIB_H
| # include <stdlib.h>
| #endif
| #ifdef HAVE_STRING_H
| # include <string.h>
| #endif
| #ifdef HAVE_INTTYPES_H
| # include <inttypes.h>
| #endif
| #ifdef HAVE_STDINT_H
| # include <stdint.h>
| #endif
| #ifdef HAVE_STRINGS_H
| # include <strings.h>
| #endif
| #ifdef HAVE_SYS_TYPES_H
| # include <sys/types.h>
| #endif
| #ifdef HAVE_SYS_STAT_H
| # include <sys/stat.h>
| #endif
| #ifdef HAVE_UNISTD_H
| # include <unistd.h>
| #endif
| #include <termio.h>
configure:4448: result: no
configure:4448: checking for termios.h
configure:4448: gcc -c -g -O2  conftest.c >&5
configure:4448: $? = 0
configure:4448: result: yes
configure:4448: checking for time.h
configure:4448: gcc -c -g -O2  conftest.c >&5
configure:4448: $? = 0
configure:4448: result: yes
configure:4448: checking for values.h
configure:4448: gcc -c -g -O2  conftest.c >&5
configure:4448: $? = 0
configure:4448: result: yes
configure:4448: checking for sys/ioctl.h
configure:4448: gcc -c -g -O2  conftest.c >&5
configure:4448: $? = 0
configure:4448: result: yes
configure:4448: checking for sys/stream.h
configure:4448: gcc -c -g -O2  conftest.c >&5
conftest.c:56:10: fatal error: sys/stream.h: No such file or directory
   56 | #include <sys/stream.h>
      |          ^~~~~~~~~~~~~~
compilation terminated.
configure:4448: $? = 1
configure: failed program was:
| /* confdefs.h */
| #define PACKAGE_NAME "less"
| #define PACKAGE_TARNAME "less"
| #define PACKAGE_VERSION "1"
| #define PACKAGE_STRING "less 1"
| #define PACKAGE_BUGREPORT ""
| #define PACKAGE_URL ""
| #define HAVE_STDIO_H 1
| #define HAVE_STDLIB_H 1
| #define HAVE_STRING_H 1
| #define HAVE_INTTYPES_H 1
| #define HAVE_STDINT_H 1
| #define HAVE_STRINGS_H 1
| #define HAVE_SYS_STAT_H 1
| #define HAVE_SYS_TYPES_H 1
| #define HAVE_UNISTD_H 1
| #define HAVE_CTYPE_H 1
| #define HAVE_ERRNO_H 1
| #define HAVE_FCNTL_H 1
| #define HAVE_LIMITS_H 1
| #define HAVE_STDCKDINT_H 1
| #define HAVE_TERMCAP_H 1
| #define HAVE_TERMIOS_H 1
| #define HAVE_TIME_H 1
| #define HAVE_VALUES_H 1
| #define HAVE_SYS_IOCTL_H 1
| /* end confdefs.h.  */
| #include <stddef.h>
| #ifdef HAVE_STDIO_H
| # include <stdio.h>
| #endif
| #ifdef HAVE_STDLIB_H
| # include <stdlib.h>
| #endif
| #ifdef HAVE_STRING_H
| # include <string.h>
| #endif
| #ifdef HAVE_INTTYPES_H
| # include <inttypes.h>
| #endif
| #ifdef HAVE_STDINT_H
| # include <stdint.h>
| #endif
| #ifdef HAVE_STRINGS_H
| # include <strings.h>
| #endif
| #ifdef HAVE_SYS_TYPES_H
| # include <sys/types.h>
| #endif
| #ifdef HAVE_SYS_STAT_H
| # include <sys/stat.h>
| #endif
| #ifdef HAVE_UNISTD_H
| # include <unistd.h>
| #endif
| #include <sys/stream.h>
configure:4448: result: no
configure:4448: checking for sys/wait.h
configure:4448: gcc -c -g -O2  conftest.c >&5
configure:4448: $? = 0
configure:4448: result: yes
configure:4491: checking whether stat file-mode macros are broken
configure:4519: gcc -c -g -O2  conftest.c >&5
configure:4519: $? = 0
configure:4529: result: no
configure:4537: checking for an ANSI C-conforming const
configure:4604: gcc -c -g -O2  conftest.c >&5
configure:4604: $? = 0
configure:4614: result: yes
configure:4622: checking for off_t
configure:4622: gcc -c -g -O2  conftest.c >&5
configure:4622: $? = 0
configure:4622: gcc -c -g -O2  conftest.c >&5
conftest.c: In function 'main':
conftest.c:61:20: error: expected expression before ')' token
   61 | if (sizeof ((off_t)))
      |                    ^
configure:4622: $? = 1
configure: failed program was:
| /* confdefs.h */
| #define PACKAGE_NAME "less"
| #define PACKAGE_TARNAME "less"
| #define PACKAGE_VERSION "1"
| #define PACKAGE_STRING "less 1"
| #define PACKAGE_BUGREPORT ""
| #define PACKAGE_URL ""
| #define HAVE_STDIO_H 1
| #define HAVE_STDLIB_H 1
| #define HAVE_STRING_H 1
| #define HAVE_INTTYPES_H 1
| #define HAVE_STDINT_H 1
| #define HAVE_STRINGS_H 1
| #define HAVE_SYS_STAT_H 1
| #define HAVE_SYS_TYPES_H 1
| #define HAVE_UNISTD_H 1
| #define HAVE_CTYPE_H 1
| #define HAVE_ERRNO_H 1
| #define HAVE_FCNTL_H 1
| #define HAVE_LIMITS_H 1
| #define HAVE_STDCKDINT_H 1
| #define HAVE_TERMCAP_H 1
| #define HAVE_TERMIOS_H 1
| #define HAVE_TIME_H 1
| #define HAVE_VALUES_H 1
| #define HAVE_SYS_IOCTL_H 1
| #define HAVE_SYS_WAIT_H 1
| #define STDC_HEADERS 1
| /* end confdefs.h.  */
| #include <stddef.h>
| #ifdef HAVE_STDIO_H
| # include <stdio.h>
| #endif
| #ifdef HAVE_STDLIB_H
| # include <stdlib.h>
| #endif
| #ifdef HAVE_STRING_H
| # include <string.h>
| #endif
| #ifdef HAVE_INTTYPES_H
| # include <inttypes.h>
| #endif
| #ifdef HAVE_STDINT_H
| # include <stdint.h>
| #endif
| #ifdef HAVE_STRINGS_H
| # include <strings.h>
| #endif
| #ifdef HAVE_SYS_TYPES_H
| # include <sys/types.h>
| #endif
| #ifdef HAVE_SYS_STAT_H
| # include <sys/stat.h>
| #endif
| #ifdef HAVE_UNISTD_H
| # include <unistd.h>
| #endif
| int
| main (void)
| {
| if (sizeof ((off_t)))
| 	    return 0;
|   ;
|   return 0;
| }
configure:4622: result: yes
configure:4633: checking for size_t
configure:4633: gcc -c -g -O2  conftest.c >&5
configure:4633: $? = 0
configure:4633: gcc -c -g -O2  conftest.c >&5
conftest.c: In function 'main':
conftest.c:61:21: error: expected expression before ')' token
   61 | if (sizeof ((size_t)))
      |                     ^
configure:4633: $? = 1
configure: failed program was:
| /* confdefs.h */
| #define PACKAGE_NAME "less"
| #define PACKAGE_TARNAME "less"
| #define PACKAGE_VERSION "1"
| #define PACKAGE_STRING "less 1"
| #define PACKAGE_BUGREPORT ""
| #define PACKAGE_URL ""
| #define HAVE_STDIO_H 1
| #define HAVE_STDLIB_H 1
| #define HAVE_STRING_H 1
| #define HAVE_INTTYPES_H 1
| #define HAVE_STDINT_H 1
| #define HAVE_STRINGS_H 1
| #define HAVE_SYS_STAT_H 1
| #define HAVE_SYS_TYPES_H 1
| #define HAVE_UNISTD_H 1
| #define HAVE_CTYPE_H 1
| #define HAVE_ERRNO_H 1
| #define HAVE_FCNTL_H 1
| #define HAVE_LIMITS_H 1
| #define HAVE_STDCKDINT_H 1
| #define HAVE_TERMCAP_H 1
| #define HAVE_TERMIOS_H 1
| #define HAVE_TIME_H 1
| #define HAVE_VALUES_H 1
| #define HAVE_SYS_IOCTL_H 1
| #define HAVE_SYS_WAIT_H 1
| #define STDC_HEADERS 1
| /* end confdefs.h.  */
| #include <stddef.h>
| #ifdef HAVE_STDIO_H
| # include <stdio.h>
| #endif
| #ifdef HAVE_STDLIB_H
| # include <stdlib.h>
| #endif
| #ifdef HAVE_STRING_H
| # include <string.h>
| #endif
| #ifdef HAVE_INTTYPES_H
| # include <inttypes.h>
| #endif
| #ifdef HAVE_STDINT_H
| # include <stdint.h>
| #endif
| #ifdef HAVE_STRINGS_H
| # include <strings.h>
| #endif
| #ifdef HAVE_SYS_TYPES_H
| # include <sys/types.h>
| #endif
| #ifdef HAVE_SYS_STAT_H
| # include <sys/stat.h>
| #endif
| #ifdef HAVE_UNISTD_H
| # include <unistd.h>
| #endif
| int
| main (void)
| {
| if (sizeof ((size_t)))
| 	    return 0;
|   ;
|   return 0;
| }
configure:4633: result: yes
configure:4646: checking for working terminal libraries
configure:4726: gcc -o conftest -g -O2   conftest.c  -ltinfo >&5
configure:4726: $? = 0
configure:4965: result: using -ltinfo
configure:4970: checking for terminfo
configure:4985: gcc -o conftest -g -O2   conftest.c  -ltinfo >&5
configure:4985: $? = 0
configure:5008: gcc -c -g -O2  conftest.c >&5
configure:5008: $? = 0
configure:5027: gcc -c -g -O2  conftest.c >&5
configure:5027: $? = 0
configure:5046: gcc -c -g -O2  conftest.c >&5
configure:5046: $? = 0
configure:5055: result: yes
configure:5098: checking for void
configure:5111: gcc -c -g -O2  conftest.c >&5
configure:5111: $? = 0
configure:5113: result: yes
configure:5122: checking for const
configure:5135: gcc -c -g -O2  conftest.c >&5
configure:5135: $? = 0
configure:5137: result: yes
configure:5146: checking for time_t
configure:5159: gcc -c -g -O2  conftest.c >&5
configure:5159: $? = 0
configure:5161: result: yes
configure:5170: checking for st_ino in struct stat
configure:5184: gcc -c -g -O2  conftest.c >&5
configure:5184: $? = 0
configure:5186: result: yes
configure:5197: checking for ANSI function prototypes
configure:5210: gcc -c -g -O2  conftest.c >&5
configure:5210: $? = 0
configure:5212: result: yes
configure:5223: checking for fchmod
configure:5223: gcc -o conftest -g -O2   conftest.c  -ltinfo >&5
configure:5223: $? = 0
configure:5223: result: yes
configure:5229: checking for fsync
configure:5229: gcc -o conftest -g -O2   conftest.c  -ltinfo >&5
configure:5229: $? = 0
configure:5229: result: yes
configure:5235: checking for nanosleep
configure:5235: gcc -o conftest -g -O2   conftest.c  -ltinfo >&5
configure:5235: $? = 0
configure:5235: result: yes
configure:5241: checking for poll
configure:5241: gcc -o conftest -g -O2   conftest.c  -ltinfo >&5
configure:5241: $? = 0
configure:5241: result: yes
configure:5247: checking for popen
configure:5247: gcc -o conftest -g -O2   conftest.c  -ltinfo >&5
configure:5247: $? = 0
configure:5247: result: yes
configure:5253: checking for realpath
configure:5253: gcc -o conftest -g -O2   conftest.c  -ltinfo >&5
configure:5253: $? = 0
configure:5253: result: yes
configure:5259: checking for _setjmp
configure:5259: gcc -o conftest -g -O2   conftest.c  -ltinfo >&5
configure:5259: $? = 0
configure:5259: result: yes
configure:5265: checking for sigprocmask
configure:5265: gcc -o conftest -g -O2   conftest.c  -ltinfo >&5
configure:5265: $? = 0
configure:5265: result: yes
configure:5271: checking for sigsetmask
configure:5271: gcc -o conftest -g -O2   conftest.c  -ltinfo >&5
/usr/lib/gcc/x86_64-alpine-linux-musl/15.2.0/../../../../x86_64-alpine-linux-musl/bin/ld: /tmp/ccEDFGAc.o: in function `main':
/home/sonakrie/Work/testicular_linux/less/conftest.c:74:(.text.startup+0x5): undefined reference to `sigsetmask'
collect2: error: ld returned 1 exit status
configure:5271: $? = 1
configure: failed program was:
| /* confdefs.h */
| #define PACKAGE_NAME "less"
| #define PACKAGE_TARNAME "less"
| #define PACKAGE_VERSION "1"
| #define PACKAGE_STRING "less 1"
| #define PACKAGE_BUGREPORT ""
| #define PACKAGE_URL ""
| #define HAVE_STDIO_H 1
| #define HAVE_STDLIB_H 1
| #define HAVE_STRING_H 1
| #define HAVE_INTTYPES_H 1
| #define HAVE_STDINT_H 1
| #define HAVE_STRINGS_H 1
| #define HAVE_SYS_STAT_H 1
| #define HAVE_SYS_TYPES_H 1
| #define HAVE_UNISTD_H 1
| #define HAVE_CTYPE_H 1
| #define HAVE_ERRNO_H 1
| #define HAVE_FCNTL_H 1
| #define HAVE_LIMITS_H 1
| #define HAVE_STDCKDINT_H 1
| #define HAVE_TERMCAP_H 1
| #define HAVE_TERMIOS_H 1
| #define HAVE_TIME_H 1
| #define HAVE_VALUES_H 1
| #define HAVE_SYS_IOCTL_H 1
| #define HAVE_SYS_WAIT_H 1
| #define STDC_HEADERS 1
| #define HAVE_TPARM2 1
| #define HAVE_TPARM8 1
| #define HAVE_TPARM9 1
| #define HAVE_TERMINFO 1
| #define HAVE_VOID 1
| #define HAVE_CONST 1
| #define HAVE_TIME_T 1
| #define HAVE_STAT_INO 1
| #define HAVE_ANSI_PROTOS 1
| #define HAVE_FCHMOD 1
| #define HAVE_FSYNC 1
| #define HAVE_NANOSLEEP 1
| #define HAVE_POLL 1
| #define HAVE_POPEN 1
| #define HAVE_REALPATH 1
| #define HAVE__SETJMP 1
| #define HAVE_SIGPROCMASK 1
| /* end confdefs.h.  */
| /* Define sigsetmask to an innocuous variant, in case <limits.h> declares sigsetmask.
|    For example, HP-UX 11i <limits.h> declares gettimeofday.  */
| #define sigsetmask innocuous_sigsetmask
| 
| /* System header to define __stub macros and hopefully few prototypes,
|    which can conflict with char sigsetmask (void); below.  */
| 
| #include <limits.h>
| #undef sigsetmask
| 
| /* Override any GCC internal prototype to avoid an error.
|    Use char because int might match the return type of a GCC
|    builtin and then its argument prototype would still apply.  */
| #ifdef __cplusplus
| extern "C"
| #endif
| char sigsetmask (void);
| /* The GNU C library defines this for functions which it implements
|     to always fail with ENOSYS.  Some functions are actually named
|     something starting with __ and the normal name is an alias.  */
| #if defined __stub_sigsetmask || defined __stub___sigsetmask
| choke me
| #endif
| 
| int
| main (void)
| {
| return sigsetmask ();
|   ;
|   return 0;
| }
configure:5271: result: no
configure:5277: checking for snprintf
configure:5277: gcc -o conftest -g -O2   conftest.c  -ltinfo >&5
conftest.c:63:6: warning: conflicting types for built-in function 'snprintf'; expected 'int(char *, long unsigned int,  const char *, ...)' [-Wbuiltin-declaration-mismatch]
   63 | char snprintf (void);
      |      ^~~~~~~~
conftest.c:55:1: note: 'snprintf' is declared in header '<stdio.h>'
   54 | #include <limits.h>
   55 | #undef snprintf
configure:5277: $? = 0
configure:5277: result: yes
configure:5283: checking for stat
configure:5283: gcc -o conftest -g -O2   conftest.c  -ltinfo >&5
configure:5283: $? = 0
configure:5283: result: yes
configure:5289: checking for strsignal
configure:5289: gcc -o conftest -g -O2   conftest.c  -ltinfo >&5
configure:5289: $? = 0
configure:5289: result: yes
configure:5295: checking for system
configure:5295: gcc -o conftest -g -O2   conftest.c  -ltinfo >&5
configure:5295: $? = 0
configure:5295: result: yes
configure:5301: checking for ttyname
configure:5301: gcc -o conftest -g -O2   conftest.c  -ltinfo >&5
configure:5301: $? = 0
configure:5301: result: yes
configure:5307: checking for usleep
configure:5307: gcc -o conftest -g -O2   conftest.c  -ltinfo >&5
configure:5307: $? = 0
configure:5307: result: yes
configure:5314: checking for gcc options needed to detect all undeclared functions
configure:5336: gcc -c -g -O2   conftest.c >&5
conftest.c: In function 'main':
conftest.c:57:8: error: 'strchr' undeclared (first use in this function)
   57 | (void) strchr;
      |        ^~~~~~
conftest.c:1:1: note: 'strchr' is defined in header '<string.h>'; this is probably fixable by adding '#include <string.h>'
    1 | /* confdefs.h */
conftest.c:57:8: note: each undeclared identifier is reported only once for each function it appears in
   57 | (void) strchr;
      |        ^~~~~~
configure:5336: $? = 1
configure: failed program was:
| /* confdefs.h */
| #define PACKAGE_NAME "less"
| #define PACKAGE_TARNAME "less"
| #define PACKAGE_VERSION "1"
| #define PACKAGE_STRING "less 1"
| #define PACKAGE_BUGREPORT ""
| #define PACKAGE_URL ""
| #define HAVE_STDIO_H 1
| #define HAVE_STDLIB_H 1
| #define HAVE_STRING_H 1
| #define HAVE_INTTYPES_H 1
| #define HAVE_STDINT_H 1
| #define HAVE_STRINGS_H 1
| #define HAVE_SYS_STAT_H 1
| #define HAVE_SYS_TYPES_H 1
| #define HAVE_UNISTD_H 1
| #define HAVE_CTYPE_H 1
| #define HAVE_ERRNO_H 1
| #define HAVE_FCNTL_H 1
| #define HAVE_LIMITS_H 1
| #define HAVE_STDCKDINT_H 1
| #define HAVE_TERMCAP_H 1
| #define HAVE_TERMIOS_H 1
| #define HAVE_TIME_H 1
| #define HAVE_VALUES_H 1
| #define HAVE_SYS_IOCTL_H 1
| #define HAVE_SYS_WAIT_H 1
| #define STDC_HEADERS 1
| #define HAVE_TPARM2 1
| #define HAVE_TPARM8 1
| #define HAVE_TPARM9 1
| #define HAVE_TERMINFO 1
| #define HAVE_VOID 1
| #define HAVE_CONST 1
| #define HAVE_TIME_T 1
| #define HAVE_STAT_INO 1
| #define HAVE_ANSI_PROTOS 1
| #define HAVE_FCHMOD 1
| #define HAVE_FSYNC 1
| #define HAVE_NANOSLEEP 1
| #define HAVE_POLL 1
| #define HAVE_POPEN 1
| #define HAVE_REALPATH 1
| #define HAVE__SETJMP 1
| #define HAVE_SIGPROCMASK 1
| #define HAVE_SNPRINTF 1
| #define HAVE_STAT 1
| #define HAVE_STRSIGNAL 1
| #define HAVE_SYSTEM 1
| #define HAVE_TTYNAME 1
| #define HAVE_USLEEP 1
| /* end confdefs.h.  */
| 
| int
| main (void)
| {
| (void) strchr;
|   ;
|   return 0;
| }
configure:5363: gcc -c -g -O2   conftest.c >&5
configure:5363: $? = 0
configure:5383: result: none needed
configure:5397: checking whether sigsetjmp is declared
configure:5397: gcc -c -g -O2   conftest.c >&5
configure:5397: $? = 0
configure:5397: result: yes
configure:5406: checking for memcpy
configure:5422: gcc -o conftest -g -O2   conftest.c  -ltinfo >&5
configure:5422: $? = 0
configure:5424: result: yes
configure:5435: checking for strchr
configure:5451: gcc -o conftest -g -O2   conftest.c  -ltinfo >&5
configure:5451: $? = 0
configure:5453: result: yes
configure:5464: checking for strstr
configure:5480: gcc -o conftest -g -O2   conftest.c  -ltinfo >&5
configure:5480: $? = 0
configure:5482: result: yes
configure:5494: checking for tcgetattr
configure:5494: gcc -o conftest -g -O2   conftest.c  -ltinfo >&5
configure:5494: $? = 0
configure:5494: result: yes
configure:5502: checking for fileno
configure:5518: gcc -o conftest -g -O2   conftest.c  -ltinfo >&5
configure:5518: $? = 0
configure:5520: result: yes
configure:5531: checking for strerror
configure:5553: gcc -o conftest -g -O2   conftest.c  -ltinfo >&5
configure:5553: $? = 0
configure:5555: result: yes
configure:5566: checking for sys_errlist
configure:5579: gcc -o conftest -g -O2   conftest.c  -ltinfo >&5
configure:5579: $? = 0
configure:5581: result: yes
configure:5592: checking for sigset_t
configure:5592: gcc -c -g -O2  conftest.c >&5
configure:5592: $? = 0
configure:5592: gcc -c -g -O2  conftest.c >&5
conftest.c: In function 'main':
conftest.c:66:23: error: expected expression before ')' token
   66 | if (sizeof ((sigset_t)))
      |                       ^
configure:5592: $? = 1
configure: failed program was:
| /* confdefs.h */
| #define PACKAGE_NAME "less"
| #define PACKAGE_TARNAME "less"
| #define PACKAGE_VERSION "1"
| #define PACKAGE_STRING "less 1"
| #define PACKAGE_BUGREPORT ""
| #define PACKAGE_URL ""
| #define HAVE_STDIO_H 1
| #define HAVE_STDLIB_H 1
| #define HAVE_STRING_H 1
| #define HAVE_INTTYPES_H 1
| #define HAVE_STDINT_H 1
| #define HAVE_STRINGS_H 1
| #define HAVE_SYS_STAT_H 1
| #define HAVE_SYS_TYPES_H 1
| #define HAVE_UNISTD_H 1
| #define HAVE_CTYPE_H 1
| #define HAVE_ERRNO_H 1
| #define HAVE_FCNTL_H 1
| #define HAVE_LIMITS_H 1
| #define HAVE_STDCKDINT_H 1
| #define HAVE_TERMCAP_H 1
| #define HAVE_TERMIOS_H 1
| #define HAVE_TIME_H 1
| #define HAVE_VALUES_H 1
| #define HAVE_SYS_IOCTL_H 1
| #define HAVE_SYS_WAIT_H 1
| #define STDC_HEADERS 1
| #define HAVE_TPARM2 1
| #define HAVE_TPARM8 1
| #define HAVE_TPARM9 1
| #define HAVE_TERMINFO 1
| #define HAVE_VOID 1
| #define HAVE_CONST 1
| #define HAVE_TIME_T 1
| #define HAVE_STAT_INO 1
| #define HAVE_ANSI_PROTOS 1
| #define HAVE_FCHMOD 1
| #define HAVE_FSYNC 1
| #define HAVE_NANOSLEEP 1
| #define HAVE_POLL 1
| #define HAVE_POPEN 1
| #define HAVE_REALPATH 1
| #define HAVE__SETJMP 1
| #define HAVE_SIGPROCMASK 1
| #define HAVE_SNPRINTF 1
| #define HAVE_STAT 1
| #define HAVE_STRSIGNAL 1
| #define HAVE_SYSTEM 1
| #define HAVE_TTYNAME 1
| #define HAVE_USLEEP 1
| #define HAVE_SIGSETJMP 1
| #define HAVE_MEMCPY 1
| #define HAVE_STRCHR 1
| #define HAVE_STRSTR 1
| #define HAVE_TERMIOS_FUNCS 1
| #define HAVE_FILENO 1
| #define HAVE_STRERROR 1
| #define HAVE_SYS_ERRLIST 1
| /* end confdefs.h.  */
| #include <signal.h>
| 
| int
| main (void)
| {
| if (sizeof ((sigset_t)))
| 	    return 0;
|   ;
|   return 0;
| }
configure:5592: result: yes
configure:5603: checking for sigemptyset
configure:5618: gcc -o conftest -g -O2   conftest.c  -ltinfo >&5
configure:5618: $? = 0
configure:5620: result: yes
configure:5632: checking for errno
configure:5648: gcc -o conftest -g -O2   conftest.c  -ltinfo >&5
configure:5648: $? = 0
configure:5650: result: yes - in errno.h
configure:5688: checking for settable errno
configure:5706: gcc -o conftest -g -O2   conftest.c  -ltinfo >&5
configure:5706: $? = 0
configure:5708: result: yes
configure:5716: checking for locale
configure:5731: gcc -o conftest -g -O2   conftest.c  -ltinfo >&5
configure:5731: $? = 0
configure:5733: result: yes
configure:5744: checking for ctype functions
configure:5760: gcc -o conftest -g -O2   conftest.c  -ltinfo >&5
configure:5760: $? = 0
configure:5762: result: yes
configure:5775: checking termcap for ospeed
configure:5795: gcc -o conftest -g -O2   conftest.c  -ltinfo >&5
configure:5795: $? = 0
configure:5797: result: yes - in termcap.h
configure:5872: checking for POSIX regcomp
configure:5893: gcc -o conftest -g -O2   conftest.c  -ltinfo >&5
configure:5893: $? = 0
configure:5893: ./conftest
configure:5893: $? = 0
configure:5906: result: yes
configure:6183: result: regular expression library:  posix
configure:6323: creating ./config.status

## ---------------------- ##
## Running config.status. ##
## ---------------------- ##

This file was extended by less config.status 1, which was
generated by GNU Autoconf 2.72.  Invocation command line was

  CONFIG_FILES    = 
  CONFIG_HEADERS  = 
  CONFIG_LINKS    = 
  CONFIG_COMMANDS = 
  $ ./config.status 

on nobara-laptop

config.status:849: creating Makefile
config.status:849: creating defines.h

## ---------------- ##
## Cache variables. ##
## ---------------- ##

ac_cv_c_compiler_gnu='yes'
ac_cv_c_const='yes'
ac_cv_c_undeclared_builtin_options='none needed'
ac_cv_env_CC_set=''
ac_cv_env_CC_value=''
ac_cv_env_CFLAGS_set=''
ac_cv_env_CFLAGS_value=''
ac_cv_env_CPPFLAGS_set=''
ac_cv_env_CPPFLAGS_value=''
ac_cv_env_LDFLAGS_set=''
ac_cv_env_LDFLAGS_value=''
ac_cv_env_LIBS_set=''
ac_cv_env_LIBS_value=''
ac_cv_env_build_alias_set=''
ac_cv_env_build_alias_value=''
ac_cv_env_host_alias_set=''
ac_cv_env_host_alias_value=''
ac_cv_env_target_alias_set=''
ac_cv_env_target_alias_value=''
ac_cv_func__setjmp='yes'
ac_cv_func_fchmod='yes'
ac_cv_func_fsync='yes'
ac_cv_func_nanosleep='yes'
ac_cv_func_poll='yes'
ac_cv_func_popen='yes'
ac_cv_func_realpath='yes'
ac_cv_func_sigprocmask='yes'
ac_cv_func_sigsetmask='no'
ac_cv_func_snprintf='yes'
ac_cv_func_stat='yes'
ac_cv_func_strsignal='yes'
ac_cv_func_system='yes'
ac_cv_func_tcgetattr='yes'
ac_cv_func_ttyname='yes'
ac_cv_func_usleep='yes'
ac_cv_have_decl_sigsetjmp='yes'
ac_cv_header_ctype_h='yes'
ac_cv_header_errno_h='yes'
ac_cv_header_fcntl_h='yes'
ac_cv_header_inttypes_h='yes'
ac_cv_header_limits_h='yes'
ac_cv_header_ncurses_termcap_h='no'
ac_cv_header_ncursesw_termcap_h='no'
ac_cv_header_stat_broken='no'
ac_cv_header_stdckdint_h='yes'
ac_cv_header_stdint_h='yes'
ac_cv_header_stdio_h='yes'
ac_cv_header_stdlib_h='yes'
ac_cv_header_string_h='yes'
ac_cv_header_strings_h='yes'
ac_cv_header_sys_ioctl_h='yes'
ac_cv_header_sys_stat_h='yes'
ac_cv_header_sys_stream_h='no'
ac_cv_header_sys_types_h='yes'
ac_cv_header_sys_wait_h='yes'
ac_cv_header_termcap_h='yes'
ac_cv_header_termio_h='no'
ac_cv_header_termios_h='yes'
ac_cv_header_time_h='yes'
ac_cv_header_unistd_h='yes'
ac_cv_header_values_h='yes'
ac_cv_lib_curses_initscr='yes'
ac_cv_lib_ncurses_initscr='yes'
ac_cv_lib_ncursesw_initscr='yes'
ac_cv_lib_termcap_tgetent='no'
ac_cv_lib_termlib_tgetent='no'
ac_cv_lib_tinfo_tgoto='yes'
ac_cv_lib_tinfow_tgoto='no'
ac_cv_lib_xcurses_initscr='no'
ac_cv_objext='o'
ac_cv_path_install='/usr/bin/install -c'
ac_cv_prog_ac_ct_CC='gcc'
ac_cv_prog_cc_c11=''
ac_cv_prog_cc_g='yes'
ac_cv_prog_cc_stdc=''
ac_cv_search_regcmp='no'
ac_cv_search_strerror='none required'
ac_cv_sys_largefile_opts='none needed'
ac_cv_type_off_t='yes'
ac_cv_type_sigset_t='yes'
ac_cv_type_size_t='yes'

## ----------------- ##
## Output variables. ##
## ----------------- ##

CC='gcc'
CFLAGS='-g -O2'
CPPFLAGS=''
DEFS='-DHAVE_CONFIG_H'
ECHO_C=''
ECHO_N='-n'
ECHO_T=''
EXEEXT=''
INSTALL_DATA='${INSTALL} -m 644'
INSTALL_PROGRAM='${INSTALL}'
INSTALL_SCRIPT='${INSTALL}'
LDFLAGS=''
LIBOBJS=''
LIBS=' -ltinfo'
LTLIBOBJS=''
OBJEXT='o'
PACKAGE_BUGREPORT=''
PACKAGE_NAME='less'
PACKAGE_STRING='less 1'
PACKAGE_TARNAME='less'
PACKAGE_URL=''
PACKAGE_VERSION='1'
PATH_SEPARATOR=':'
REGEX_O=''
SECURE_COMPILE='0'
SHELL='/bin/sh'
ac_ct_CC='gcc'
bindir='${exec_prefix}/bin'
build_alias=''
datadir='${datarootdir}'
datarootdir='${prefix}/share'
docdir='${datarootdir}/doc/${PACKAGE_TARNAME}'
dvidir='${docdir}'
exec_prefix='${prefix}'
host_alias=''
htmldir='${docdir}'
includedir='${prefix}/include'
infodir='${datarootdir}/info'
libdir='${exec_prefix}/lib'
libexecdir='${exec_prefix}/libexec'
localedir='${datarootdir}/locale'
localstatedir='${prefix}/var'
mandir='${datarootdir}/man'
oldincludedir='/usr/include'
pdfdir='${docdir}'
prefix='/usr'
program_transform_name='s,x,x,'
psdir='${docdir}'
runstatedir='${localstatedir}/run'
sbindir='${exec_prefix}/sbin'
sharedstatedir='${prefix}/com'
sysconfdir='${prefix}/etc'
target_alias=''

## ----------- ##
## confdefs.h. ##
## ----------- ##

/* confdefs.h */
#define PACKAGE_NAME "less"
#define PACKAGE_TARNAME "less"
#define PACKAGE_VERSION "1"
#define PACKAGE_STRING "less 1"
#define PACKAGE_BUGREPORT ""
#define PACKAGE_URL ""
#define HAVE_STDIO_H 1
#define HAVE_STDLIB_H 1
#define HAVE_STRING_H 1
#define HAVE_INTTYPES_H 1
#define HAVE_STDINT_H 1
#define HAVE_STRINGS_H 1
#define HAVE_SYS_STAT_H 1
#define HAVE_SYS_TYPES_H 1
#define HAVE_UNISTD_H 1
#define HAVE_CTYPE_H 1
#define HAVE_ERRNO_H 1
#define HAVE_FCNTL_H 1
#define HAVE_LIMITS_H 1
#define HAVE_STDCKDINT_H 1
#define HAVE_TERMCAP_H 1
#define HAVE_TERMIOS_H 1
#define HAVE_TIME_H 1
#define HAVE_VALUES_H 1
#define HAVE_SYS_IOCTL_H 1
#define HAVE_SYS_WAIT_H 1
#define STDC_HEADERS 1
#define HAVE_TPARM2 1
#define HAVE_TPARM8 1
#define HAVE_TPARM9 1
#define HAVE_TERMINFO 1
#define HAVE_VOID 1
#define HAVE_CONST 1
#define HAVE_TIME_T 1
#define HAVE_STAT_INO 1
#define HAVE_ANSI_PROTOS 1
#define HAVE_FCHMOD 1
#define HAVE_FSYNC 1
#define HAVE_NANOSLEEP 1
#define HAVE_POLL 1
#define HAVE_POPEN 1
#define HAVE_REALPATH 1
#define HAVE__SETJMP 1
#define HAVE_SIGPROCMASK 1
#define HAVE_SNPRINTF 1
#define HAVE_STAT 1
#define HAVE_STRSIGNAL 1
#define HAVE_SYSTEM 1
#define HAVE_TTYNAME 1
#define HAVE_USLEEP 1
#define HAVE_SIGSETJMP 1
#define HAVE_MEMCPY 1
#define HAVE_STRCHR 1
#define HAVE_STRSTR 1
#define HAVE_TERMIOS_FUNCS 1
#define HAVE_FILENO 1
#define HAVE_STRERROR 1
#define HAVE_SYS_ERRLIST 1
#define HAVE_SIGSET_T 1
#define HAVE_SIGEMPTYSET 1
#define HAVE_ERRNO 1
#define HAVE_SETTABLE_ERRNO 1
#define HAVE_LOCALE 1
#define HAVE_UPPER_LOWER 1
#define HAVE_OSPEED 1
#define SECURE_COMPILE 0
#define HAVE_POSIX_REGCOMP 1
#define EDIT_PGM "vi"

configure: exit 0
