This file contains any messages produced by compilers while
running configure, to aid debugging if configure makes a mistake.

It was created by configure, which was
generated by GNU Autoconf 2.52.20260412.  Invocation command line was

  $ ./configure --mandir=/usr/share/man --prefix=/usr --without-tests --with-pkg-config-libdir=/usr/lib/pkgconfig --with-cxx-shared --enable-pc-files --with-shared make

## ---------- ##
## Platform.  ##
## ---------- ##

hostname = localhost
uname -m = x86_64
uname -r = 7.1.6-gentoo-dist-bin
uname -s = Linux
uname -v = #1 SMP PREEMPT_DYNAMIC Mon Aug  3 10:43:38 -00 2026

/usr/bin/uname -p = unknown
/bin/uname -X     = unknown

/bin/arch              = x86_64
/usr/bin/arch -k       = unknown
/usr/convex/getsysinfo = unknown
hostinfo               = unknown
/bin/machine           = unknown
/usr/bin/oslevel       = unknown
/bin/universe          = unknown

PATH = /usr/local/sbin:/usr/local/bin:/usr/sbin:/usr/bin:/sbin:/bin

## ------------ ##
## Core tests.  ##
## ------------ ##

configure:1183: PATH=".;."; conftest.sh
./configure: line 1184: conftest.sh: not found
configure:1186: $? = 127
configure:1203: checking for ggrep
configure:1229: result: no
configure:1203: checking for grep
configure:1218: found /bin/grep
configure:1226: result: grep
configure:1237: checking for egrep
configure:1293: result: grep -E
configure:1304: result: Configuring NCURSES 6.6 ABI 6 (Thu Aug  6 22:03:42 CEST 2026)
configure:1308: checking for package version
configure:1329: result: 6.6
configure:1332: checking for package patch date
configure:1349: result: 20260516
configure:1360: testing ABI VERSION 5:0:10 ...
configure:1364: testing VERSION_MAJOR 6 ...
configure:1368: testing VERSION_MINOR 6 ...
configure:1372: testing VERSION_PATCH 20260516 ...
configure:1515: checking build system type
configure:1528: error: /bin/sh ./config.sub make failed.

## ----------------- ##
## Cache variables.  ##
## ----------------- ##

ac_cv_build=''
ac_cv_build_alias='make'
ac_cv_env_CC_set='set'
ac_cv_env_CC_value='cc'
ac_cv_env_CFLAGS_set='set'
ac_cv_env_CFLAGS_value='-Os -fstack-clash-protection -Wformat -Werror=format-security -fno-plt'
ac_cv_env_CPPFLAGS_set=''
ac_cv_env_CPPFLAGS_value=''
ac_cv_env_CPP_set=''
ac_cv_env_CPP_value=''
ac_cv_env_CXXCPP_set=''
ac_cv_env_CXXCPP_value=''
ac_cv_env_CXXFLAGS_set='set'
ac_cv_env_CXXFLAGS_value='-Os -fstack-clash-protection -Wformat -Werror=format-security -D_GLIBCXX_ASSERTIONS=1 -D_LIBCPP_ENABLE_THREAD_SAFETY_ANNOTATIONS=1 -D_LIBCPP_HARDENING_MODE=_LIBCPP_HARDENING_MODE_FAST -fno-plt'
ac_cv_env_CXX_set='set'
ac_cv_env_CXX_value='c++'
ac_cv_env_LDFLAGS_set='set'
ac_cv_env_LDFLAGS_value='-Wl,--as-needed,-O1,--sort-common -Wl,-z,pack-relative-relocs'
ac_cv_env_build_alias_set='set'
ac_cv_env_build_alias_value='make'
ac_cv_env_host_alias_set='set'
ac_cv_env_host_alias_value='make'
ac_cv_env_target_alias_set='set'
ac_cv_env_target_alias_value='make'
ac_cv_path_EGREP='grep -E'
ac_cv_prog_GREP='grep'
cf_cv_abi_default='6'
cf_cv_abi_version='6'
cf_cv_rel_version='6.6'
cf_cv_timestamp='Thu Aug  6 22:03:42 CEST 2026'

## ------------ ##
## confdefs.h.  ##
## ------------ ##

#define PACKAGE "ncurses"
#define NCURSES_VERSION "6.6"
#define NCURSES_PATCHDATE 20260516


configure: exit 1
