This file contains any messages produced by compilers while
running configure, to aid debugging if configure makes a mistake.

It was created by libffi configure 3.8.0, which was
generated by GNU Autoconf 2.71.  Invocation command line was

  $ .././configure --srcdir=.. --enable-builddir=x86_64-pc-linux-musl --prefix=/home/bloink/Work/unnamedlinuxdistro/fs

## --------- ##
## Platform. ##
## --------- ##

hostname = aerynos
uname -m = x86_64
uname -r = 7.1.8-50.stable
uname -s = Linux
uname -v = #1 SMP PREEMPT_DYNAMIC 2026-08-15

/usr/bin/uname -p = unknown
/bin/uname -X     = unknown

/bin/arch              = x86_64
/usr/bin/arch -k       = unknown
/usr/convex/getsysinfo = unknown
/usr/bin/hostinfo      = unknown
/bin/machine           = unknown
/usr/bin/oslevel       = unknown
/bin/universe          = unknown

PATH: /usr/bin/
PATH: /home/bloink/.npm-global/bin/
PATH: /usr/local/sbin/
PATH: /usr/local/bin/
PATH: /usr/sbin/
PATH: /usr/bin/
PATH: /sbin/
PATH: /bin/


## ----------- ##
## Core tests. ##
## ----------- ##

configure:3080: looking for aux files: ltmain.sh compile missing install-sh config.guess config.sub
configure:3093:  trying ../
configure:3122:   ../ltmain.sh found
configure:3122:   ../compile found
configure:3122:   ../missing found
configure:3104:   ../install-sh found
configure:3122:   ../config.guess found
configure:3122:   ../config.sub found
configure:3251: checking build system type
configure:3266: result: x86_64-pc-linux-musl
configure:3286: checking host system type
configure:3300: result: x86_64-pc-linux-musl
configure:3320: checking target system type
configure:3334: result: x86_64-pc-linux-musl
configure:3432: checking for gsed
configure:3468: result: sed
configure:3497: checking for a BSD-compatible install
configure:3570: result: /usr/bin/install -c
configure:3581: checking whether build environment is sane
configure:3636: result: yes
configure:3791: checking for a race-free mkdir -p
configure:3835: result: /bin/mkdir -p
configure:3842: checking for gawk
configure:3863: found /usr/bin/gawk
configure:3874: result: gawk
configure:3885: checking whether make sets $(MAKE)
configure:3908: result: yes
configure:3938: checking whether make supports nested variables
configure:3956: result: yes
configure:4165: checking for gcc
configure:4186: found /usr/bin/gcc
configure:4197: result: gcc
configure:4550: checking for C compiler version
configure:4559: gcc --version >&5
gcc (Alpine 15.2.0) 15.2.0
Copyright (C) 2025 Free Software Foundation, Inc.
This is free software; see the source for copying conditions.  There is NO
warranty; not even for MERCHANTABILITY or FITNESS FOR A PARTICULAR PURPOSE.

configure:4570: $? = 0
configure:4559: gcc -v >&5
Using built-in specs.
COLLECT_GCC=gcc
COLLECT_LTO_WRAPPER=/usr/libexec/gcc/x86_64-alpine-linux-musl/15.2.0/lto-wrapper
Target: x86_64-alpine-linux-musl
Configured with: /home/buildozer/aports/main/gcc/src/gcc-15.2.0/configure --prefix=/usr --mandir=/usr/share/man --infodir=/usr/share/info --build=x86_64-alpine-linux-musl --host=x86_64-alpine-linux-musl --target=x86_64-alpine-linux-musl --enable-checking=release --disable-cet --disable-fixed-point --disable-libstdcxx-pch --disable-multilib --disable-nls --disable-werror --disable-symvers --enable-__cxa_atexit --enable-default-pie --enable-default-ssp --enable-languages=c,c++,d,objc,go,fortran,ada --enable-link-serialization=2 --enable-linker-build-id --disable-libssp --enable-libsanitizer --enable-shared --enable-threads --enable-tls --with-bugurl=https://gitlab.alpinelinux.org/alpine/aports/-/issues --with-system-zlib --with-linker-hash-style=gnu --with-pkgversion='Alpine 15.2.0'
Thread model: posix
Supported LTO compression algorithms: zlib
gcc version 15.2.0 (Alpine 15.2.0) 
configure:4570: $? = 0
configure:4559: gcc -V >&5
gcc: error: unrecognized command-line option '-V'
gcc: fatal error: no input files
compilation terminated.
configure:4570: $? = 1
configure:4559: gcc -qversion >&5
gcc: error: unrecognized command-line option '-qversion'; did you mean '--version'?
gcc: fatal error: no input files
compilation terminated.
configure:4570: $? = 1
configure:4559: gcc -version >&5
gcc: error: unrecognized command-line option '-version'
gcc: fatal error: no input files
compilation terminated.
configure:4570: $? = 1
configure:4590: checking whether the C compiler works
configure:4612: gcc    conftest.c  >&5
configure:4616: $? = 0
configure:4666: result: yes
configure:4669: checking for C compiler default output file name
configure:4671: result: a.out
configure:4677: checking for suffix of executables
configure:4684: gcc -o conftest    conftest.c  >&5
configure:4688: $? = 0
configure:4711: result: 
configure:4733: checking whether we are cross compiling
configure:4741: gcc -o conftest    conftest.c  >&5
configure:4745: $? = 0
configure:4752: ./conftest
configure:4756: $? = 0
configure:4771: result: no
configure:4776: checking for suffix of object files
configure:4799: gcc -c   conftest.c >&5
configure:4803: $? = 0
configure:4825: result: o
configure:4829: checking whether the compiler supports GNU C
configure:4849: gcc -c   conftest.c >&5
configure:4849: $? = 0
configure:4859: result: yes
configure:4870: checking whether gcc accepts -g
configure:4891: gcc -c -g  conftest.c >&5
configure:4891: $? = 0
configure:4935: result: yes
configure:4955: checking for gcc option to enable C11 features
configure:4970: gcc  -c -g -O2  conftest.c >&5
conftest.c: In function 'e':
conftest.c:25:14: warning: old-style function definition [-Wold-style-definition]
   25 | static char *e (p, i)
      |              ^
configure:4970: $? = 0
configure:4988: result: none needed
configure:5104: checking whether gcc understands -c and -o together
configure:5127: gcc -c conftest.c -o conftest2.o
configure:5130: $? = 0
configure:5127: gcc -c conftest.c -o conftest2.o
configure:5130: $? = 0
configure:5142: result: yes
configure:5162: checking whether make supports the include directive
configure:5177: make -f confmf.GNU && cat confinc.out
this is the am__doit target
configure:5180: $? = 0
configure:5199: result: yes (GNU style)
configure:5225: checking dependency style of gcc
configure:5337: result: gcc3
configure:5421: checking for g++
configure:5442: found /usr/bin/g++
configure:5453: result: g++
configure:5480: checking for C++ compiler version
configure:5489: g++ --version >&5
g++ (Alpine 15.2.0) 15.2.0
Copyright (C) 2025 Free Software Foundation, Inc.
This is free software; see the source for copying conditions.  There is NO
warranty; not even for MERCHANTABILITY or FITNESS FOR A PARTICULAR PURPOSE.

configure:5500: $? = 0
configure:5489: g++ -v >&5
Using built-in specs.
COLLECT_GCC=g++
COLLECT_LTO_WRAPPER=/usr/libexec/gcc/x86_64-alpine-linux-musl/15.2.0/lto-wrapper
Target: x86_64-alpine-linux-musl
Configured with: /home/buildozer/aports/main/gcc/src/gcc-15.2.0/configure --prefix=/usr --mandir=/usr/share/man --infodir=/usr/share/info --build=x86_64-alpine-linux-musl --host=x86_64-alpine-linux-musl --target=x86_64-alpine-linux-musl --enable-checking=release --disable-cet --disable-fixed-point --disable-libstdcxx-pch --disable-multilib --disable-nls --disable-werror --disable-symvers --enable-__cxa_atexit --enable-default-pie --enable-default-ssp --enable-languages=c,c++,d,objc,go,fortran,ada --enable-link-serialization=2 --enable-linker-build-id --disable-libssp --enable-libsanitizer --enable-shared --enable-threads --enable-tls --with-bugurl=https://gitlab.alpinelinux.org/alpine/aports/-/issues --with-system-zlib --with-linker-hash-style=gnu --with-pkgversion='Alpine 15.2.0'
Thread model: posix
Supported LTO compression algorithms: zlib
gcc version 15.2.0 (Alpine 15.2.0) 
configure:5500: $? = 0
configure:5489: g++ -V >&5
g++: error: unrecognized command-line option '-V'
g++: fatal error: no input files
compilation terminated.
configure:5500: $? = 1
configure:5489: g++ -qversion >&5
g++: error: unrecognized command-line option '-qversion'; did you mean '--version'?
g++: fatal error: no input files
compilation terminated.
configure:5500: $? = 1
configure:5504: checking whether the compiler supports GNU C++
configure:5524: g++ -c   conftest.cpp >&5
configure:5524: $? = 0
configure:5534: result: yes
configure:5545: checking whether g++ accepts -g
configure:5566: g++ -c -g  conftest.cpp >&5
configure:5566: $? = 0
configure:5610: result: yes
configure:5630: checking for g++ option to enable C++11 features
configure:5645: g++  -c -g -O2  conftest.cpp >&5
conftest.cpp: In function 'int main(int, char**)':
conftest.cpp:177:25: warning: empty parentheses were disambiguated as a function declaration [-Wvexing-parse]
  177 |   cxx11test::delegate d2();
      |                         ^~
conftest.cpp:177:25: note: remove parentheses to default-initialize a variable
  177 |   cxx11test::delegate d2();
      |                         ^~
      |                         --
conftest.cpp:177:25: note: or replace parentheses with braces to value-initialize a variable
configure:5645: $? = 0
configure:5663: result: none needed
configure:5729: checking dependency style of g++
configure:5841: result: gcc3
configure:5871: checking dependency style of gcc
configure:5981: result: gcc3
configure:5997: checking for grep that handles long lines and -e
configure:6061: result: /bin/grep
configure:6066: checking for egrep
configure:6134: result: /bin/grep -E
configure:6186: checking how to print strings
configure:6213: result: printf
configure:6234: checking for a sed that does not truncate output
configure:6304: result: /bin/sed
configure:6322: checking for fgrep
configure:6390: result: /bin/grep -F
configure:6426: checking for ld used by gcc
configure:6494: result: /usr/x86_64-alpine-linux-musl/bin/ld
configure:6501: checking if the linker (/usr/x86_64-alpine-linux-musl/bin/ld) is GNU ld
configure:6517: result: yes
configure:6529: checking for BSD- or MS-compatible name lister (nm)
configure:6584: result: /usr/bin/nm -B
configure:6724: checking the name lister (/usr/bin/nm -B) interface
configure:6732: gcc -c   conftest.c >&5
configure:6735: /usr/bin/nm -B "conftest.o"
configure:6738: output
0000000000000000 B some_variable
configure:6745: result: BSD nm
configure:6748: checking whether ln -s works
configure:6752: result: yes
configure:6760: checking the maximum length of command line arguments
configure:6892: result: 98304
configure:6940: checking how to convert x86_64-pc-linux-musl file names to x86_64-pc-linux-musl format
configure:6981: result: func_convert_file_noop
configure:6988: checking how to convert x86_64-pc-linux-musl file names to toolchain format
configure:7009: result: func_convert_file_noop
configure:7016: checking for /usr/x86_64-alpine-linux-musl/bin/ld option to reload object files
configure:7024: result: -r
configure:7103: checking for file
configure:7124: found /usr/bin/file
configure:7135: result: file
configure:7211: checking for objdump
configure:7232: found /usr/bin/objdump
configure:7243: result: objdump
configure:7275: checking how to recognize dependent libraries
configure:7476: result: pass_all
configure:7566: checking for dlltool
configure:7601: result: no
configure:7631: checking how to associate runtime and link libraries
configure:7659: result: printf %s\n
configure:7725: checking for ar
configure:7746: found /usr/bin/ar
configure:7757: result: ar
configure:7810: checking for archiver @FILE support
configure:7828: gcc -c   conftest.c >&5
configure:7828: $? = 0
configure:7832: ar cr libconftest.a @conftest.lst >&5
configure:7835: $? = 0
configure:7840: ar cr libconftest.a @conftest.lst >&5
ar: conftest.o: No such file or directory
configure:7843: $? = 1
configure:7855: result: @
configure:7918: checking for strip
configure:7939: found /usr/bin/strip
configure:7950: result: strip
configure:8027: checking for ranlib
configure:8048: found /usr/bin/ranlib
configure:8059: result: ranlib
configure:8161: checking command to parse /usr/bin/nm -B output from gcc object
configure:8315: gcc -c   conftest.c >&5
configure:8318: $? = 0
configure:8322: /usr/bin/nm -B conftest.o | /bin/sed -n -e 's/^.*[	 ]\([ABCDGIRSTW][ABCDGIRSTW]*\)[	 ][	 ]*\([_A-Za-z][_A-Za-z0-9]*\)$/\1 \2 \2/p' | /bin/sed '/ __gnu_lto/d' > conftest.nm
configure:8388: gcc -o conftest    conftest.c conftstm.o >&5
configure:8391: $? = 0
configure:8429: result: ok
configure:8476: checking for sysroot
configure:8507: result: no
configure:8514: checking for a working dd
configure:8558: result: /bin/dd
configure:8562: checking how to truncate binary pipes
configure:8578: result: /bin/dd bs=4096 count=1
configure:8715: gcc -c   conftest.c >&5
configure:8718: $? = 0
configure:8915: checking for mt
configure:8950: result: no
configure:8970: checking if : is a manifest tool
configure:8977: : '-?'
configure:8985: result: no
configure:9710: checking for stdio.h
configure:9710: gcc -c   conftest.c >&5
configure:9710: $? = 0
configure:9710: result: yes
configure:9710: checking for stdlib.h
configure:9710: gcc -c   conftest.c >&5
configure:9710: $? = 0
configure:9710: result: yes
configure:9710: checking for string.h
configure:9710: gcc -c   conftest.c >&5
configure:9710: $? = 0
configure:9710: result: yes
configure:9710: checking for inttypes.h
configure:9710: gcc -c   conftest.c >&5
configure:9710: $? = 0
configure:9710: result: yes
configure:9710: checking for stdint.h
configure:9710: gcc -c   conftest.c >&5
configure:9710: $? = 0
configure:9710: result: yes
configure:9710: checking for strings.h
configure:9710: gcc -c   conftest.c >&5
configure:9710: $? = 0
configure:9710: result: yes
configure:9710: checking for sys/stat.h
configure:9710: gcc -c   conftest.c >&5
configure:9710: $? = 0
configure:9710: result: yes
configure:9710: checking for sys/types.h
configure:9710: gcc -c   conftest.c >&5
configure:9710: $? = 0
configure:9710: result: yes
configure:9710: checking for unistd.h
configure:9710: gcc -c   conftest.c >&5
configure:9710: $? = 0
configure:9710: result: yes
configure:9735: checking for dlfcn.h
configure:9735: gcc -c   conftest.c >&5
configure:9735: $? = 0
configure:9735: result: yes
configure:10005: checking for objdir
configure:10021: result: .libs
configure:10285: checking if gcc supports -fno-rtti -fno-exceptions
configure:10304: gcc -c   -fno-rtti -fno-exceptions conftest.c >&5
cc1: warning: command-line option '-fno-rtti' is valid for C++/D/ObjC++ but not for C
configure:10308: $? = 0
configure:10321: result: no
configure:10685: checking for gcc option to produce PIC
configure:10693: result: -fPIC -DPIC
configure:10701: checking if gcc PIC flag -fPIC -DPIC works
configure:10720: gcc -c   -fPIC -DPIC -DPIC conftest.c >&5
configure:10724: $? = 0
configure:10737: result: yes
configure:10766: checking if gcc static flag -static works
configure:10795: result: yes
configure:10810: checking if gcc supports -c -o file.o
configure:10832: gcc -c   -o out/conftest2.o conftest.c >&5
configure:10836: $? = 0
configure:10858: result: yes
configure:10866: checking if gcc supports -c -o file.o
configure:10914: result: yes
configure:10947: checking whether the gcc linker (/usr/x86_64-alpine-linux-musl/bin/ld -m elf_x86_64) supports shared libraries
configure:12221: result: yes
configure:12258: checking whether -lc should be explicitly linked in
configure:12267: gcc -c   conftest.c >&5
configure:12270: $? = 0
configure:12285: gcc -shared  -fPIC -DPIC conftest.o  -v -Wl,-soname -Wl,conftest -o conftest 2\>\&1 \| /bin/grep  -lc  \>/dev/null 2\>\&1
configure:12288: $? = 0
configure:12302: result: no
configure:12462: checking dynamic linker characteristics
configure:13044: gcc -o conftest    -Wl,-rpath -Wl,/foo conftest.c  >&5
configure:13044: $? = 0
configure:13295: result: GNU/Linux ld.so
configure:13417: checking how to hardcode library paths into programs
configure:13442: result: immediate
configure:13994: checking whether stripping libraries is possible
configure:14003: result: yes
configure:14045: checking if libtool supports shared libraries
configure:14047: result: yes
configure:14050: checking whether to build shared libraries
configure:14075: result: yes
configure:14078: checking whether to build static libraries
configure:14082: result: yes
configure:14105: checking how to run the C++ preprocessor
configure:14127: g++ -E  conftest.cpp
configure:14127: $? = 0
configure:14142: g++ -E  conftest.cpp
conftest.cpp:23:10: fatal error: ac_nonexistent.h: No such file or directory
   23 | #include <ac_nonexistent.h>
      |          ^~~~~~~~~~~~~~~~~~
compilation terminated.
configure:14142: $? = 1
configure: failed program was:
| /* confdefs.h */
| #define PACKAGE_NAME "libffi"
| #define PACKAGE_TARNAME "libffi"
| #define PACKAGE_VERSION "3.8.0"
| #define PACKAGE_STRING "libffi 3.8.0"
| #define PACKAGE_BUGREPORT "http://github.com/libffi/libffi/issues"
| #define PACKAGE_URL ""
| #define PACKAGE "libffi"
| #define VERSION "3.8.0"
| #define HAVE_STDIO_H 1
| #define HAVE_STDLIB_H 1
| #define HAVE_STRING_H 1
| #define HAVE_INTTYPES_H 1
| #define HAVE_STDINT_H 1
| #define HAVE_STRINGS_H 1
| #define HAVE_SYS_STAT_H 1
| #define HAVE_SYS_TYPES_H 1
| #define HAVE_UNISTD_H 1
| #define STDC_HEADERS 1
| #define HAVE_DLFCN_H 1
| #define LT_OBJDIR ".libs/"
| /* end confdefs.h.  */
| #include <ac_nonexistent.h>
configure:14169: result: g++ -E
configure:14183: g++ -E  conftest.cpp
configure:14183: $? = 0
configure:14198: g++ -E  conftest.cpp
conftest.cpp:23:10: fatal error: ac_nonexistent.h: No such file or directory
   23 | #include <ac_nonexistent.h>
      |          ^~~~~~~~~~~~~~~~~~
compilation terminated.
configure:14198: $? = 1
configure: failed program was:
| /* confdefs.h */
| #define PACKAGE_NAME "libffi"
| #define PACKAGE_TARNAME "libffi"
| #define PACKAGE_VERSION "3.8.0"
| #define PACKAGE_STRING "libffi 3.8.0"
| #define PACKAGE_BUGREPORT "http://github.com/libffi/libffi/issues"
| #define PACKAGE_URL ""
| #define PACKAGE "libffi"
| #define VERSION "3.8.0"
| #define HAVE_STDIO_H 1
| #define HAVE_STDLIB_H 1
| #define HAVE_STRING_H 1
| #define HAVE_INTTYPES_H 1
| #define HAVE_STDINT_H 1
| #define HAVE_STRINGS_H 1
| #define HAVE_SYS_STAT_H 1
| #define HAVE_SYS_TYPES_H 1
| #define HAVE_UNISTD_H 1
| #define STDC_HEADERS 1
| #define HAVE_DLFCN_H 1
| #define LT_OBJDIR ".libs/"
| /* end confdefs.h.  */
| #include <ac_nonexistent.h>
configure:14363: checking for ld used by g++
configure:14431: result: /usr/x86_64-alpine-linux-musl/bin/ld -m elf_x86_64
configure:14438: checking if the linker (/usr/x86_64-alpine-linux-musl/bin/ld -m elf_x86_64) is GNU ld
configure:14454: result: yes
configure:14509: checking whether the g++ linker (/usr/x86_64-alpine-linux-musl/bin/ld -m elf_x86_64) supports shared libraries
configure:15587: result: yes
configure:15623: g++ -c -g -O2  conftest.cpp >&5
configure:15626: $? = 0
configure:16107: checking for g++ option to produce PIC
configure:16115: result: -fPIC -DPIC
configure:16123: checking if g++ PIC flag -fPIC -DPIC works
configure:16142: g++ -c -g -O2  -fPIC -DPIC -DPIC conftest.cpp >&5
configure:16146: $? = 0
configure:16159: result: yes
configure:16182: checking if g++ static flag -static works
configure:16211: result: yes
configure:16223: checking if g++ supports -c -o file.o
configure:16245: g++ -c -g -O2  -o out/conftest2.o conftest.cpp >&5
configure:16249: $? = 0
configure:16271: result: yes
configure:16276: checking if g++ supports -c -o file.o
configure:16324: result: yes
configure:16354: checking whether the g++ linker (/usr/x86_64-alpine-linux-musl/bin/ld -m elf_x86_64) supports shared libraries
configure:16397: result: yes
configure:16539: checking dynamic linker characteristics
configure:17299: result: GNU/Linux ld.so
configure:17364: checking how to hardcode library paths into programs
configure:17389: result: immediate
configure:17506: checking for readelf
configure:17527: found /usr/bin/readelf
configure:17538: result: readelf
configure:17568: checking size of size_t
configure:17574: gcc -o conftest    conftest.c  >&5
configure:17574: $? = 0
configure:17574: ./conftest
configure:17574: $? = 0
configure:17589: result: 8
configure:17598: checking for C compiler vendor
configure:17657: gcc -c   conftest.c >&5
conftest.c: In function 'main':
conftest.c:30:7: error: 'thisisanerror' undeclared (first use in this function)
   30 |       thisisanerror;
      |       ^~~~~~~~~~~~~
conftest.c:30:7: note: each undeclared identifier is reported only once for each function it appears in
configure:17657: $? = 1
configure: failed program was:
| /* confdefs.h */
| #define PACKAGE_NAME "libffi"
| #define PACKAGE_TARNAME "libffi"
| #define PACKAGE_VERSION "3.8.0"
| #define PACKAGE_STRING "libffi 3.8.0"
| #define PACKAGE_BUGREPORT "http://github.com/libffi/libffi/issues"
| #define PACKAGE_URL ""
| #define PACKAGE "libffi"
| #define VERSION "3.8.0"
| #define HAVE_STDIO_H 1
| #define HAVE_STDLIB_H 1
| #define HAVE_STRING_H 1
| #define HAVE_INTTYPES_H 1
| #define HAVE_STDINT_H 1
| #define HAVE_STRINGS_H 1
| #define HAVE_SYS_STAT_H 1
| #define HAVE_SYS_TYPES_H 1
| #define HAVE_UNISTD_H 1
| #define STDC_HEADERS 1
| #define HAVE_DLFCN_H 1
| #define LT_OBJDIR ".libs/"
| #define SIZEOF_SIZE_T 8
| /* end confdefs.h.  */
| 
| int
| main (void)
| {
| 
| #if !(defined(__ICC) || defined(__ECC) || defined(__INTEL_COMPILER))
|       thisisanerror;
| #endif
| 
|   ;
|   return 0;
| }
configure:17657: gcc -c   conftest.c >&5
conftest.c: In function 'main':
conftest.c:30:7: error: 'thisisanerror' undeclared (first use in this function)
   30 |       thisisanerror;
      |       ^~~~~~~~~~~~~
conftest.c:30:7: note: each undeclared identifier is reported only once for each function it appears in
configure:17657: $? = 1
configure: failed program was:
| /* confdefs.h */
| #define PACKAGE_NAME "libffi"
| #define PACKAGE_TARNAME "libffi"
| #define PACKAGE_VERSION "3.8.0"
| #define PACKAGE_STRING "libffi 3.8.0"
| #define PACKAGE_BUGREPORT "http://github.com/libffi/libffi/issues"
| #define PACKAGE_URL ""
| #define PACKAGE "libffi"
| #define VERSION "3.8.0"
| #define HAVE_STDIO_H 1
| #define HAVE_STDLIB_H 1
| #define HAVE_STRING_H 1
| #define HAVE_INTTYPES_H 1
| #define HAVE_STDINT_H 1
| #define HAVE_STRINGS_H 1
| #define HAVE_SYS_STAT_H 1
| #define HAVE_SYS_TYPES_H 1
| #define HAVE_UNISTD_H 1
| #define STDC_HEADERS 1
| #define HAVE_DLFCN_H 1
| #define LT_OBJDIR ".libs/"
| #define SIZEOF_SIZE_T 8
| /* end confdefs.h.  */
| 
| int
| main (void)
| {
| 
| #if !(defined(__xlc__) || defined(__xlC__) || defined(__IBMC__) || defined(__IBMCPP__) || defined(__ibmxl__))
|       thisisanerror;
| #endif
| 
|   ;
|   return 0;
| }
configure:17657: gcc -c   conftest.c >&5
conftest.c: In function 'main':
conftest.c:30:7: error: 'thisisanerror' undeclared (first use in this function)
   30 |       thisisanerror;
      |       ^~~~~~~~~~~~~
conftest.c:30:7: note: each undeclared identifier is reported only once for each function it appears in
configure:17657: $? = 1
configure: failed program was:
| /* confdefs.h */
| #define PACKAGE_NAME "libffi"
| #define PACKAGE_TARNAME "libffi"
| #define PACKAGE_VERSION "3.8.0"
| #define PACKAGE_STRING "libffi 3.8.0"
| #define PACKAGE_BUGREPORT "http://github.com/libffi/libffi/issues"
| #define PACKAGE_URL ""
| #define PACKAGE "libffi"
| #define VERSION "3.8.0"
| #define HAVE_STDIO_H 1
| #define HAVE_STDLIB_H 1
| #define HAVE_STRING_H 1
| #define HAVE_INTTYPES_H 1
| #define HAVE_STDINT_H 1
| #define HAVE_STRINGS_H 1
| #define HAVE_SYS_STAT_H 1
| #define HAVE_SYS_TYPES_H 1
| #define HAVE_UNISTD_H 1
| #define STDC_HEADERS 1
| #define HAVE_DLFCN_H 1
| #define LT_OBJDIR ".libs/"
| #define SIZEOF_SIZE_T 8
| /* end confdefs.h.  */
| 
| int
| main (void)
| {
| 
| #if !(defined(__PATHCC__) || defined(__PATHSCALE__))
|       thisisanerror;
| #endif
| 
|   ;
|   return 0;
| }
configure:17657: gcc -c   conftest.c >&5
conftest.c: In function 'main':
conftest.c:30:7: error: 'thisisanerror' undeclared (first use in this function)
   30 |       thisisanerror;
      |       ^~~~~~~~~~~~~
conftest.c:30:7: note: each undeclared identifier is reported only once for each function it appears in
configure:17657: $? = 1
configure: failed program was:
| /* confdefs.h */
| #define PACKAGE_NAME "libffi"
| #define PACKAGE_TARNAME "libffi"
| #define PACKAGE_VERSION "3.8.0"
| #define PACKAGE_STRING "libffi 3.8.0"
| #define PACKAGE_BUGREPORT "http://github.com/libffi/libffi/issues"
| #define PACKAGE_URL ""
| #define PACKAGE "libffi"
| #define VERSION "3.8.0"
| #define HAVE_STDIO_H 1
| #define HAVE_STDLIB_H 1
| #define HAVE_STRING_H 1
| #define HAVE_INTTYPES_H 1
| #define HAVE_STDINT_H 1
| #define HAVE_STRINGS_H 1
| #define HAVE_SYS_STAT_H 1
| #define HAVE_SYS_TYPES_H 1
| #define HAVE_UNISTD_H 1
| #define STDC_HEADERS 1
| #define HAVE_DLFCN_H 1
| #define LT_OBJDIR ".libs/"
| #define SIZEOF_SIZE_T 8
| /* end confdefs.h.  */
| 
| int
| main (void)
| {
| 
| #if !(defined(__clang__))
|       thisisanerror;
| #endif
| 
|   ;
|   return 0;
| }
configure:17657: gcc -c   conftest.c >&5
conftest.c: In function 'main':
conftest.c:30:7: error: 'thisisanerror' undeclared (first use in this function)
   30 |       thisisanerror;
      |       ^~~~~~~~~~~~~
conftest.c:30:7: note: each undeclared identifier is reported only once for each function it appears in
configure:17657: $? = 1
configure: failed program was:
| /* confdefs.h */
| #define PACKAGE_NAME "libffi"
| #define PACKAGE_TARNAME "libffi"
| #define PACKAGE_VERSION "3.8.0"
| #define PACKAGE_STRING "libffi 3.8.0"
| #define PACKAGE_BUGREPORT "http://github.com/libffi/libffi/issues"
| #define PACKAGE_URL ""
| #define PACKAGE "libffi"
| #define VERSION "3.8.0"
| #define HAVE_STDIO_H 1
| #define HAVE_STDLIB_H 1
| #define HAVE_STRING_H 1
| #define HAVE_INTTYPES_H 1
| #define HAVE_STDINT_H 1
| #define HAVE_STRINGS_H 1
| #define HAVE_SYS_STAT_H 1
| #define HAVE_SYS_TYPES_H 1
| #define HAVE_UNISTD_H 1
| #define STDC_HEADERS 1
| #define HAVE_DLFCN_H 1
| #define LT_OBJDIR ".libs/"
| #define SIZEOF_SIZE_T 8
| /* end confdefs.h.  */
| 
| int
| main (void)
| {
| 
| #if !(defined(_CRAYC))
|       thisisanerror;
| #endif
| 
|   ;
|   return 0;
| }
configure:17657: gcc -c   conftest.c >&5
conftest.c: In function 'main':
conftest.c:30:7: error: 'thisisanerror' undeclared (first use in this function)
   30 |       thisisanerror;
      |       ^~~~~~~~~~~~~
conftest.c:30:7: note: each undeclared identifier is reported only once for each function it appears in
configure:17657: $? = 1
configure: failed program was:
| /* confdefs.h */
| #define PACKAGE_NAME "libffi"
| #define PACKAGE_TARNAME "libffi"
| #define PACKAGE_VERSION "3.8.0"
| #define PACKAGE_STRING "libffi 3.8.0"
| #define PACKAGE_BUGREPORT "http://github.com/libffi/libffi/issues"
| #define PACKAGE_URL ""
| #define PACKAGE "libffi"
| #define VERSION "3.8.0"
| #define HAVE_STDIO_H 1
| #define HAVE_STDLIB_H 1
| #define HAVE_STRING_H 1
| #define HAVE_INTTYPES_H 1
| #define HAVE_STDINT_H 1
| #define HAVE_STRINGS_H 1
| #define HAVE_SYS_STAT_H 1
| #define HAVE_SYS_TYPES_H 1
| #define HAVE_UNISTD_H 1
| #define STDC_HEADERS 1
| #define HAVE_DLFCN_H 1
| #define LT_OBJDIR ".libs/"
| #define SIZEOF_SIZE_T 8
| /* end confdefs.h.  */
| 
| int
| main (void)
| {
| 
| #if !(defined(__FUJITSU))
|       thisisanerror;
| #endif
| 
|   ;
|   return 0;
| }
configure:17657: gcc -c   conftest.c >&5
conftest.c: In function 'main':
conftest.c:30:7: error: 'thisisanerror' undeclared (first use in this function)
   30 |       thisisanerror;
      |       ^~~~~~~~~~~~~
conftest.c:30:7: note: each undeclared identifier is reported only once for each function it appears in
configure:17657: $? = 1
configure: failed program was:
| /* confdefs.h */
| #define PACKAGE_NAME "libffi"
| #define PACKAGE_TARNAME "libffi"
| #define PACKAGE_VERSION "3.8.0"
| #define PACKAGE_STRING "libffi 3.8.0"
| #define PACKAGE_BUGREPORT "http://github.com/libffi/libffi/issues"
| #define PACKAGE_URL ""
| #define PACKAGE "libffi"
| #define VERSION "3.8.0"
| #define HAVE_STDIO_H 1
| #define HAVE_STDLIB_H 1
| #define HAVE_STRING_H 1
| #define HAVE_INTTYPES_H 1
| #define HAVE_STDINT_H 1
| #define HAVE_STRINGS_H 1
| #define HAVE_SYS_STAT_H 1
| #define HAVE_SYS_TYPES_H 1
| #define HAVE_UNISTD_H 1
| #define STDC_HEADERS 1
| #define HAVE_DLFCN_H 1
| #define LT_OBJDIR ".libs/"
| #define SIZEOF_SIZE_T 8
| /* end confdefs.h.  */
| 
| int
| main (void)
| {
| 
| #if !(defined(SDCC) || defined(__SDCC))
|       thisisanerror;
| #endif
| 
|   ;
|   return 0;
| }
configure:17657: gcc -c   conftest.c >&5
conftest.c: In function 'main':
conftest.c:30:7: error: 'thisisanerror' undeclared (first use in this function)
   30 |       thisisanerror;
      |       ^~~~~~~~~~~~~
conftest.c:30:7: note: each undeclared identifier is reported only once for each function it appears in
configure:17657: $? = 1
configure: failed program was:
| /* confdefs.h */
| #define PACKAGE_NAME "libffi"
| #define PACKAGE_TARNAME "libffi"
| #define PACKAGE_VERSION "3.8.0"
| #define PACKAGE_STRING "libffi 3.8.0"
| #define PACKAGE_BUGREPORT "http://github.com/libffi/libffi/issues"
| #define PACKAGE_URL ""
| #define PACKAGE "libffi"
| #define VERSION "3.8.0"
| #define HAVE_STDIO_H 1
| #define HAVE_STDLIB_H 1
| #define HAVE_STRING_H 1
| #define HAVE_INTTYPES_H 1
| #define HAVE_STDINT_H 1
| #define HAVE_STRINGS_H 1
| #define HAVE_SYS_STAT_H 1
| #define HAVE_SYS_TYPES_H 1
| #define HAVE_UNISTD_H 1
| #define STDC_HEADERS 1
| #define HAVE_DLFCN_H 1
| #define LT_OBJDIR ".libs/"
| #define SIZEOF_SIZE_T 8
| /* end confdefs.h.  */
| 
| int
| main (void)
| {
| 
| #if !(defined(_SX))
|       thisisanerror;
| #endif
| 
|   ;
|   return 0;
| }
configure:17657: gcc -c   conftest.c >&5
conftest.c: In function 'main':
conftest.c:30:7: error: 'thisisanerror' undeclared (first use in this function)
   30 |       thisisanerror;
      |       ^~~~~~~~~~~~~
conftest.c:30:7: note: each undeclared identifier is reported only once for each function it appears in
configure:17657: $? = 1
configure: failed program was:
| /* confdefs.h */
| #define PACKAGE_NAME "libffi"
| #define PACKAGE_TARNAME "libffi"
| #define PACKAGE_VERSION "3.8.0"
| #define PACKAGE_STRING "libffi 3.8.0"
| #define PACKAGE_BUGREPORT "http://github.com/libffi/libffi/issues"
| #define PACKAGE_URL ""
| #define PACKAGE "libffi"
| #define VERSION "3.8.0"
| #define HAVE_STDIO_H 1
| #define HAVE_STDLIB_H 1
| #define HAVE_STRING_H 1
| #define HAVE_INTTYPES_H 1
| #define HAVE_STDINT_H 1
| #define HAVE_STRINGS_H 1
| #define HAVE_SYS_STAT_H 1
| #define HAVE_SYS_TYPES_H 1
| #define HAVE_UNISTD_H 1
| #define STDC_HEADERS 1
| #define HAVE_DLFCN_H 1
| #define LT_OBJDIR ".libs/"
| #define SIZEOF_SIZE_T 8
| /* end confdefs.h.  */
| 
| int
| main (void)
| {
| 
| #if !(defined(__NVCOMPILER))
|       thisisanerror;
| #endif
| 
|   ;
|   return 0;
| }
configure:17657: gcc -c   conftest.c >&5
conftest.c: In function 'main':
conftest.c:30:7: error: 'thisisanerror' undeclared (first use in this function)
   30 |       thisisanerror;
      |       ^~~~~~~~~~~~~
conftest.c:30:7: note: each undeclared identifier is reported only once for each function it appears in
configure:17657: $? = 1
configure: failed program was:
| /* confdefs.h */
| #define PACKAGE_NAME "libffi"
| #define PACKAGE_TARNAME "libffi"
| #define PACKAGE_VERSION "3.8.0"
| #define PACKAGE_STRING "libffi 3.8.0"
| #define PACKAGE_BUGREPORT "http://github.com/libffi/libffi/issues"
| #define PACKAGE_URL ""
| #define PACKAGE "libffi"
| #define VERSION "3.8.0"
| #define HAVE_STDIO_H 1
| #define HAVE_STDLIB_H 1
| #define HAVE_STRING_H 1
| #define HAVE_INTTYPES_H 1
| #define HAVE_STDINT_H 1
| #define HAVE_STRINGS_H 1
| #define HAVE_SYS_STAT_H 1
| #define HAVE_SYS_TYPES_H 1
| #define HAVE_UNISTD_H 1
| #define STDC_HEADERS 1
| #define HAVE_DLFCN_H 1
| #define LT_OBJDIR ".libs/"
| #define SIZEOF_SIZE_T 8
| /* end confdefs.h.  */
| 
| int
| main (void)
| {
| 
| #if !(defined(__PGI))
|       thisisanerror;
| #endif
| 
|   ;
|   return 0;
| }
configure:17657: gcc -c   conftest.c >&5
configure:17657: $? = 0
configure:17667: result: gnu
configure:17982: checking whether the C compiler accepts -fstrict-aliasing
configure:18005: gcc -c  -O3 -fomit-frame-pointer  -fstrict-aliasing -Werror  conftest.c >&5
configure:18005: $? = 0
configure:18014: result: yes
configure:18025: checking whether the C compiler accepts -ffast-math
configure:18048: gcc -c  -O3 -fomit-frame-pointer -fstrict-aliasing  -ffast-math -Werror  conftest.c >&5
configure:18048: $? = 0
configure:18057: result: yes
configure:18082: checking for gcc architecture flag
configure:18084: result: 
configure:18107: checking for x86 cpuid 0 output
configure:18141: gcc -o conftest  -O3 -fomit-frame-pointer -fstrict-aliasing -ffast-math   conftest.c  >&5
configure:18141: $? = 0
configure:18141: ./conftest
configure:18141: $? = 0
configure:18152: result: 1b:756e6547:6c65746e:49656e69
configure:18169: checking for x86 cpuid 1 output
configure:18203: gcc -o conftest  -O3 -fomit-frame-pointer -fstrict-aliasing -ffast-math   conftest.c  >&5
configure:18203: $? = 0
configure:18203: ./conftest
configure:18203: $? = 0
configure:18214: result: 806c1:2100800:7ffafbbf:bfebfbff
configure:18425: checking whether the C compiler accepts -march=core2
configure:18448: gcc -c  -O3 -fomit-frame-pointer -fstrict-aliasing -ffast-math  -march=core2 -Werror  conftest.c >&5
configure:18448: $? = 0
configure:18458: result: yes
configure:18480: checking for gcc architecture flag
configure:18482: result: -march=core2
configure:18510: checking whether the C compiler accepts  -O3 -fomit-frame-pointer -fstrict-aliasing -ffast-math -march=core2
configure:18533: gcc -c  -O3 -fomit-frame-pointer -fstrict-aliasing -ffast-math -march=core2   -O3 -fomit-frame-pointer -fstrict-aliasing -ffast-math -march=core2 -Werror  conftest.c >&5
configure:18533: $? = 0
configure:18543: result: yes
configure:18576: checking CFLAGS for most reasonable warnings
configure:18663: : CFLAGS="$CFLAGS"
configure:18666: $? = 0
configure:18689: result: -Wall
configure:18712: checking whether to enable maintainer-specific portions of Makefiles
configure:18722: result: no
configure:18736: checking for sys/memfd.h
configure:18736: gcc -c -Wall  -O3 -fomit-frame-pointer -fstrict-aliasing -ffast-math -march=core2 -fexceptions  conftest.c >&5
conftest.c:52:10: fatal error: sys/memfd.h: No such file or directory
   52 | #include <sys/memfd.h>
      |          ^~~~~~~~~~~~~
compilation terminated.
configure:18736: $? = 1
configure: failed program was:
| /* confdefs.h */
| #define PACKAGE_NAME "libffi"
| #define PACKAGE_TARNAME "libffi"
| #define PACKAGE_VERSION "3.8.0"
| #define PACKAGE_STRING "libffi 3.8.0"
| #define PACKAGE_BUGREPORT "http://github.com/libffi/libffi/issues"
| #define PACKAGE_URL ""
| #define PACKAGE "libffi"
| #define VERSION "3.8.0"
| #define HAVE_STDIO_H 1
| #define HAVE_STDLIB_H 1
| #define HAVE_STRING_H 1
| #define HAVE_INTTYPES_H 1
| #define HAVE_STDINT_H 1
| #define HAVE_STRINGS_H 1
| #define HAVE_SYS_STAT_H 1
| #define HAVE_SYS_TYPES_H 1
| #define HAVE_UNISTD_H 1
| #define STDC_HEADERS 1
| #define HAVE_DLFCN_H 1
| #define LT_OBJDIR ".libs/"
| #define SIZEOF_SIZE_T 8
| /* end confdefs.h.  */
| #include <stddef.h>
| #ifdef HAVE_STDIO_H
| # include <stdio.h>
| #endif
| #ifdef HAVE_STDLIB_H
| # include <stdlib.h>
| #endif
| #ifdef HAVE_STRING_H
| # include <string.h>
| #endif
| #ifdef HAVE_INTTYPES_H
| # include <inttypes.h>
| #endif
| #ifdef HAVE_STDINT_H
| # include <stdint.h>
| #endif
| #ifdef HAVE_STRINGS_H
| # include <strings.h>
| #endif
| #ifdef HAVE_SYS_TYPES_H
| # include <sys/types.h>
| #endif
| #ifdef HAVE_SYS_STAT_H
| # include <sys/stat.h>
| #endif
| #ifdef HAVE_UNISTD_H
| # include <unistd.h>
| #endif
| #include <sys/memfd.h>
configure:18736: result: no
configure:18743: checking for memfd_create
configure:18743: gcc -o conftest -Wall  -O3 -fomit-frame-pointer -fstrict-aliasing -ffast-math -march=core2 -fexceptions   conftest.c  >&5
configure:18743: $? = 0
configure:18743: result: yes
configure:18773: checking for memcpy
configure:18773: gcc -o conftest -Wall  -O3 -fomit-frame-pointer -fstrict-aliasing -ffast-math -march=core2 -fexceptions   conftest.c  >&5
conftest.c:41:6: warning: conflicting types for built-in function 'memcpy'; expected 'void *(void *, const void *, long unsigned int)' [-Wbuiltin-declaration-mismatch]
   41 | char memcpy ();
      |      ^~~~~~
conftest.c:33:1: note: 'memcpy' is declared in header '<string.h>'
   32 | #include <limits.h>
   33 | #undef memcpy
configure:18773: $? = 0
configure:18773: result: yes
configure:18780: checking for alloca.h
configure:18780: gcc -c -Wall  -O3 -fomit-frame-pointer -fstrict-aliasing -ffast-math -march=core2 -fexceptions  conftest.c >&5
configure:18780: $? = 0
configure:18780: result: yes
configure:18792: checking size of double
configure:18798: gcc -o conftest -Wall  -O3 -fomit-frame-pointer -fstrict-aliasing -ffast-math -march=core2 -fexceptions   conftest.c  >&5
configure:18798: $? = 0
configure:18798: ./conftest
configure:18798: $? = 0
configure:18813: result: 8
configure:18825: checking size of long double
configure:18831: gcc -o conftest -Wall  -O3 -fomit-frame-pointer -fstrict-aliasing -ffast-math -march=core2 -fexceptions   conftest.c  >&5
configure:18831: $? = 0
configure:18831: ./conftest
configure:18831: $? = 0
configure:18846: result: 16
configure:18877: checking for __int128_t
configure:18877: gcc -c -Wall  -O3 -fomit-frame-pointer -fstrict-aliasing -ffast-math -march=core2 -fexceptions  conftest.c >&5
configure:18877: $? = 0
configure:18877: gcc -c -Wall  -O3 -fomit-frame-pointer -fstrict-aliasing -ffast-math -march=core2 -fexceptions  conftest.c >&5
conftest.c: In function 'main':
conftest.c:61:25: error: expected expression before ')' token
   61 | if (sizeof ((__int128_t)))
      |                         ^
configure:18877: $? = 1
configure: failed program was:
| /* confdefs.h */
| #define PACKAGE_NAME "libffi"
| #define PACKAGE_TARNAME "libffi"
| #define PACKAGE_VERSION "3.8.0"
| #define PACKAGE_STRING "libffi 3.8.0"
| #define PACKAGE_BUGREPORT "http://github.com/libffi/libffi/issues"
| #define PACKAGE_URL ""
| #define PACKAGE "libffi"
| #define VERSION "3.8.0"
| #define HAVE_STDIO_H 1
| #define HAVE_STDLIB_H 1
| #define HAVE_STRING_H 1
| #define HAVE_INTTYPES_H 1
| #define HAVE_STDINT_H 1
| #define HAVE_STRINGS_H 1
| #define HAVE_SYS_STAT_H 1
| #define HAVE_SYS_TYPES_H 1
| #define HAVE_UNISTD_H 1
| #define STDC_HEADERS 1
| #define HAVE_DLFCN_H 1
| #define LT_OBJDIR ".libs/"
| #define SIZEOF_SIZE_T 8
| #define HAVE_MEMFD_CREATE 1
| #define HAVE_MEMCPY 1
| #define HAVE_ALLOCA_H 1
| #define SIZEOF_DOUBLE 8
| #define SIZEOF_LONG_DOUBLE 16
| #define HAVE_LONG_DOUBLE 1
| /* end confdefs.h.  */
| #include <stddef.h>
| #ifdef HAVE_STDIO_H
| # include <stdio.h>
| #endif
| #ifdef HAVE_STDLIB_H
| # include <stdlib.h>
| #endif
| #ifdef HAVE_STRING_H
| # include <string.h>
| #endif
| #ifdef HAVE_INTTYPES_H
| # include <inttypes.h>
| #endif
| #ifdef HAVE_STDINT_H
| # include <stdint.h>
| #endif
| #ifdef HAVE_STRINGS_H
| # include <strings.h>
| #endif
| #ifdef HAVE_SYS_TYPES_H
| # include <sys/types.h>
| #endif
| #ifdef HAVE_SYS_STAT_H
| # include <sys/stat.h>
| #endif
| #ifdef HAVE_UNISTD_H
| # include <unistd.h>
| #endif
| int
| main (void)
| {
| if (sizeof ((__int128_t)))
| 	    return 0;
|   ;
|   return 0;
| }
configure:18877: result: yes
configure:18886: checking whether byte ordering is bigendian
configure:18902: gcc -c -Wall  -O3 -fomit-frame-pointer -fstrict-aliasing -ffast-math -march=core2 -fexceptions  conftest.c >&5
conftest.c:32:16: error: unknown type name 'not'
   32 |                not a universal capable compiler
      |                ^~~
conftest.c:32:22: error: expected '=', ',', ';', 'asm' or '__attribute__' before 'universal'
   32 |                not a universal capable compiler
      |                      ^~~~~~~~~
conftest.c:32:22: error: unknown type name 'universal'
configure:18902: $? = 1
configure: failed program was:
| /* confdefs.h */
| #define PACKAGE_NAME "libffi"
| #define PACKAGE_TARNAME "libffi"
| #define PACKAGE_VERSION "3.8.0"
| #define PACKAGE_STRING "libffi 3.8.0"
| #define PACKAGE_BUGREPORT "http://github.com/libffi/libffi/issues"
| #define PACKAGE_URL ""
| #define PACKAGE "libffi"
| #define VERSION "3.8.0"
| #define HAVE_STDIO_H 1
| #define HAVE_STDLIB_H 1
| #define HAVE_STRING_H 1
| #define HAVE_INTTYPES_H 1
| #define HAVE_STDINT_H 1
| #define HAVE_STRINGS_H 1
| #define HAVE_SYS_STAT_H 1
| #define HAVE_SYS_TYPES_H 1
| #define HAVE_UNISTD_H 1
| #define STDC_HEADERS 1
| #define HAVE_DLFCN_H 1
| #define LT_OBJDIR ".libs/"
| #define SIZEOF_SIZE_T 8
| #define HAVE_MEMFD_CREATE 1
| #define HAVE_MEMCPY 1
| #define HAVE_ALLOCA_H 1
| #define SIZEOF_DOUBLE 8
| #define SIZEOF_LONG_DOUBLE 16
| #define HAVE_LONG_DOUBLE 1
| #define HAVE_INT128 1
| /* end confdefs.h.  */
| #ifndef __APPLE_CC__
| 	       not a universal capable compiler
| 	     #endif
| 	     typedef int dummy;
| 
configure:18948: gcc -c -Wall  -O3 -fomit-frame-pointer -fstrict-aliasing -ffast-math -march=core2 -fexceptions  conftest.c >&5
configure:18948: $? = 0
configure:18967: gcc -c -Wall  -O3 -fomit-frame-pointer -fstrict-aliasing -ffast-math -march=core2 -fexceptions  conftest.c >&5
conftest.c: In function 'main':
conftest.c:38:18: error: unknown type name 'not'; did you mean 'ino_t'?
   38 |                  not big endian
      |                  ^~~
      |                  ino_t
conftest.c:38:26: error: expected '=', ',', ';', 'asm' or '__attribute__' before 'endian'
   38 |                  not big endian
      |                          ^~~~~~
configure:18967: $? = 1
configure: failed program was:
| /* confdefs.h */
| #define PACKAGE_NAME "libffi"
| #define PACKAGE_TARNAME "libffi"
| #define PACKAGE_VERSION "3.8.0"
| #define PACKAGE_STRING "libffi 3.8.0"
| #define PACKAGE_BUGREPORT "http://github.com/libffi/libffi/issues"
| #define PACKAGE_URL ""
| #define PACKAGE "libffi"
| #define VERSION "3.8.0"
| #define HAVE_STDIO_H 1
| #define HAVE_STDLIB_H 1
| #define HAVE_STRING_H 1
| #define HAVE_INTTYPES_H 1
| #define HAVE_STDINT_H 1
| #define HAVE_STRINGS_H 1
| #define HAVE_SYS_STAT_H 1
| #define HAVE_SYS_TYPES_H 1
| #define HAVE_UNISTD_H 1
| #define STDC_HEADERS 1
| #define HAVE_DLFCN_H 1
| #define LT_OBJDIR ".libs/"
| #define SIZEOF_SIZE_T 8
| #define HAVE_MEMFD_CREATE 1
| #define HAVE_MEMCPY 1
| #define HAVE_ALLOCA_H 1
| #define SIZEOF_DOUBLE 8
| #define SIZEOF_LONG_DOUBLE 16
| #define HAVE_LONG_DOUBLE 1
| #define HAVE_INT128 1
| /* end confdefs.h.  */
| #include <sys/types.h>
| 		#include <sys/param.h>
| 
| int
| main (void)
| {
| #if BYTE_ORDER != BIG_ENDIAN
| 		 not big endian
| 		#endif
| 
|   ;
|   return 0;
| }
configure:19101: result: no
configure:19121: checking assembler .cfi pseudo-op support
configure:19147: gcc -c -Wall  -O3 -fomit-frame-pointer -fstrict-aliasing -ffast-math -march=core2 -fexceptions  conftest.c >&5
configure:19147: $? = 0
configure:19162: result: yes
configure:19256: checking assembler supports pc related relocs
configure:19270: result: yes
configure:19319: checking whether compiler supports pointer authentication
configure:19348: gcc -c -Wall  -O3 -fomit-frame-pointer -fstrict-aliasing -ffast-math -march=core2 -fexceptions  conftest.c >&5
conftest.c: In function 'main':
conftest.c:45:3: error: #error Pointer authentication not supported
   45 | # error Pointer authentication not supported
      |   ^~~~~
configure:19348: $? = 1
configure: failed program was:
| /* confdefs.h */
| #define PACKAGE_NAME "libffi"
| #define PACKAGE_TARNAME "libffi"
| #define PACKAGE_VERSION "3.8.0"
| #define PACKAGE_STRING "libffi 3.8.0"
| #define PACKAGE_BUGREPORT "http://github.com/libffi/libffi/issues"
| #define PACKAGE_URL ""
| #define PACKAGE "libffi"
| #define VERSION "3.8.0"
| #define HAVE_STDIO_H 1
| #define HAVE_STDLIB_H 1
| #define HAVE_STRING_H 1
| #define HAVE_INTTYPES_H 1
| #define HAVE_STDINT_H 1
| #define HAVE_STRINGS_H 1
| #define HAVE_SYS_STAT_H 1
| #define HAVE_SYS_TYPES_H 1
| #define HAVE_UNISTD_H 1
| #define STDC_HEADERS 1
| #define HAVE_DLFCN_H 1
| #define LT_OBJDIR ".libs/"
| #define SIZEOF_SIZE_T 8
| #define HAVE_MEMFD_CREATE 1
| #define HAVE_MEMCPY 1
| #define HAVE_ALLOCA_H 1
| #define SIZEOF_DOUBLE 8
| #define SIZEOF_LONG_DOUBLE 16
| #define HAVE_LONG_DOUBLE 1
| #define HAVE_INT128 1
| #define HAVE_AS_CFI_PSEUDO_OP 1
| #define HAVE_AS_X86_PCREL 1
| /* end confdefs.h.  */
| 
| int
| main (void)
| {
| 
| #ifdef __clang__
| # if __has_feature(ptrauth_calls)
| #  define HAVE_ARM64E_PTRAUTH 1
| # endif
| #endif
| 
| #ifndef HAVE_ARM64E_PTRAUTH
| # error Pointer authentication not supported
| #endif
| 
|   ;
|   return 0;
| }
configure:19357: result: no
configure:19383: checking for _ prefix in compiled symbols
configure:19394: gcc -c -Wall  -O3 -fomit-frame-pointer -fstrict-aliasing -ffast-math -march=core2 -fexceptions  conftest.c >&5
conftest.c: In function 'main':
conftest.c:2:12: warning: statement with no effect [-Wunused-value]
    2 | int main(){nm_test_func;return 0;}
      |            ^~~~~~~~~~~~
configure:19397: $? = 0
configure:19401: /usr/bin/nm -B conftest.o \| /bin/sed -n -e 's/^.*[	 ]\([ABCDGIRSTW][ABCDGIRSTW]*\)[	 ][	 ]*\([_A-Za-z][_A-Za-z0-9]*\)$/\1 \2 \2/p' | /bin/sed '/ __gnu_lto/d' \> conftest.nm
configure:19404: $? = 0
configure:19426: result: no
configure:19462: checking toolchain supports unwind section type
configure:19492: result: yes
configure:19502: checking whether the C compiler accepts -fno-lto
configure:19525: gcc -c -Wall  -O3 -fomit-frame-pointer -fstrict-aliasing -ffast-math -march=core2 -fexceptions  -fno-lto -Werror  conftest.c >&5
configure:19525: $? = 0
configure:19534: result: yes
configure:19544: checking whether .eh_frame section should be read-only
configure:19561: result: yes
configure:19576: checking for __attribute__((visibility("hidden")))
configure:19586: gcc -Werror -S conftest.c -o conftest.s 1>&5
configure:19589: $? = 0
configure:19598: result: yes
configure:19941: checking for shared libgcc
configure:19956: gcc -o conftest  -lgcc_s   conftest.c  >&5
configure:19956: $? = 0
configure:19996: result: yes
configure:20084: versioning on shared library symbols is gnu
configure:20205: checking that generated files are newer than configure
configure:20211: result: done
configure:20279: creating ./config.status

## ---------------------- ##
## Running config.status. ##
## ---------------------- ##

This file was extended by libffi config.status 3.8.0, which was
generated by GNU Autoconf 2.71.  Invocation command line was

  CONFIG_FILES    = 
  CONFIG_HEADERS  = 
  CONFIG_LINKS    = 
  CONFIG_COMMANDS = 
  $ ./config.status 

on aerynos

config.status:1226: creating include/Makefile
config.status:1226: creating include/ffi.h
config.status:1226: creating Makefile
config.status:1226: creating testsuite/Makefile
config.status:1226: creating man/Makefile
config.status:1226: creating doc/Makefile
config.status:1226: creating libffi.pc
config.status:1226: creating fficonfig.h
config.status:1440: executing buildir commands
config.status:1470: create top_srcdir/Makefile guessed from local Makefile
config.status:1585: build in x86_64-pc-linux-musl (HOST=)
config.status:1440: executing depfiles commands
config.status:1659: cd .       && sed -e '/# am--include-marker/d' Makefile         | make -f - am--depfiles
config.status:1666: $? = 0
config.status:1440: executing libtool commands
config.status:1440: executing include commands
config.status:1440: executing src commands

## ---------------- ##
## Cache variables. ##
## ---------------- ##

ac_cv_build='x86_64-pc-linux-musl'
ac_cv_c_bigendian='no'
ac_cv_c_compiler_gnu='yes'
ac_cv_cflags_warn_all='-Wall'
ac_cv_cxx_compiler_gnu='yes'
ac_cv_env_CCASFLAGS_set=''
ac_cv_env_CCASFLAGS_value=''
ac_cv_env_CCAS_set=''
ac_cv_env_CCAS_value=''
ac_cv_env_CPPFLAGS_set=''
ac_cv_env_CPPFLAGS_value=''
ac_cv_env_CXXCPP_set=''
ac_cv_env_CXXCPP_value=''
ac_cv_env_LT_SYS_LIBRARY_PATH_set=''
ac_cv_env_LT_SYS_LIBRARY_PATH_value=''
ac_cv_env_WASM64_MEMORY64_set=''
ac_cv_env_WASM64_MEMORY64_value=''
ac_cv_env_build_alias_set=''
ac_cv_env_build_alias_value=''
ac_cv_env_host_alias_set=''
ac_cv_env_host_alias_value=''
ac_cv_env_target_alias_set=''
ac_cv_env_target_alias_value=''
ac_cv_func_memcpy='yes'
ac_cv_func_memfd_create='yes'
ac_cv_header_alloca_h='yes'
ac_cv_header_dlfcn_h='yes'
ac_cv_header_inttypes_h='yes'
ac_cv_header_stdint_h='yes'
ac_cv_header_stdio_h='yes'
ac_cv_header_stdlib_h='yes'
ac_cv_header_string_h='yes'
ac_cv_header_strings_h='yes'
ac_cv_header_sys_memfd_h='no'
ac_cv_header_sys_stat_h='yes'
ac_cv_header_sys_types_h='yes'
ac_cv_header_unistd_h='yes'
ac_cv_host='x86_64-pc-linux-musl'
ac_cv_objext='o'
ac_cv_path_EGREP='/bin/grep -E'
ac_cv_path_FGREP='/bin/grep -F'
ac_cv_path_GREP='/bin/grep'
ac_cv_path_SED='/bin/sed'
ac_cv_path_ax_enable_builddir_sed='sed'
ac_cv_path_install='/usr/bin/install -c'
ac_cv_path_lt_DD='/bin/dd'
ac_cv_path_mkdir='/bin/mkdir'
ac_cv_prog_AWK='gawk'
ac_cv_prog_CXXCPP='g++ -E'
ac_cv_prog_ac_ct_AR='ar'
ac_cv_prog_ac_ct_CC='gcc'
ac_cv_prog_ac_ct_CXX='g++'
ac_cv_prog_ac_ct_FILECMD='file'
ac_cv_prog_ac_ct_OBJDUMP='objdump'
ac_cv_prog_ac_ct_RANLIB='ranlib'
ac_cv_prog_ac_ct_READELF='readelf'
ac_cv_prog_ac_ct_STRIP='strip'
ac_cv_prog_cc_c11=''
ac_cv_prog_cc_g='yes'
ac_cv_prog_cc_stdc=''
ac_cv_prog_cxx_cxx11=''
ac_cv_prog_cxx_g='yes'
ac_cv_prog_cxx_stdcxx=''
ac_cv_prog_make_make_set='yes'
ac_cv_sizeof_double='8'
ac_cv_sizeof_long_double='16'
ac_cv_sizeof_size_t='8'
ac_cv_target='x86_64-pc-linux-musl'
ac_cv_type___int128_t='yes'
am_cv_CCAS_dependencies_compiler_type='gcc3'
am_cv_CC_dependencies_compiler_type='gcc3'
am_cv_CXX_dependencies_compiler_type='gcc3'
am_cv_make_support_nested_variables='yes'
am_cv_prog_cc_c_o='yes'
ax_cv_c_compiler_vendor='gnu'
ax_cv_check_cflags____O3__fomit_frame_pointer__fstrict_aliasing__ffast_math__march_core2='yes'
ax_cv_check_cflags___ffast_math='yes'
ax_cv_check_cflags___fno_lto='yes'
ax_cv_check_cflags___fstrict_aliasing='yes'
ax_cv_check_cflags___march_core2='yes'
ax_cv_gcc_archflag='-march=core2'
ax_cv_gcc_x86_cpuid_0='1b:756e6547:6c65746e:49656e69'
ax_cv_gcc_x86_cpuid_1='806c1:2100800:7ffafbbf:bfebfbff'
gcc_cv_as_cfi_pseudo_op='yes'
libffi_cv_as_ptrauth='no'
libffi_cv_as_x86_64_unwind_section_type='yes'
libffi_cv_as_x86_pcrel='yes'
libffi_cv_hidden_visibility_attribute='yes'
libffi_cv_no_lto='-fno-lto'
libffi_cv_ro_eh_frame='yes'
lt_cv_ar_at_file='@'
lt_cv_archive_cmds_need_lc='no'
lt_cv_deplibs_check_method='pass_all'
lt_cv_file_magic_cmd='$MAGIC_CMD'
lt_cv_file_magic_test_file=''
lt_cv_ld_reload_flag='-r'
lt_cv_nm_interface='BSD nm'
lt_cv_objdir='.libs'
lt_cv_path_LD='/usr/x86_64-alpine-linux-musl/bin/ld'
lt_cv_path_LDCXX='/usr/x86_64-alpine-linux-musl/bin/ld -m elf_x86_64'
lt_cv_path_NM='/usr/bin/nm -B'
lt_cv_path_mainfest_tool='no'
lt_cv_prog_compiler_c_o='yes'
lt_cv_prog_compiler_c_o_CXX='yes'
lt_cv_prog_compiler_pic='-fPIC -DPIC'
lt_cv_prog_compiler_pic_CXX='-fPIC -DPIC'
lt_cv_prog_compiler_pic_works='yes'
lt_cv_prog_compiler_pic_works_CXX='yes'
lt_cv_prog_compiler_rtti_exceptions='no'
lt_cv_prog_compiler_static_works='yes'
lt_cv_prog_compiler_static_works_CXX='yes'
lt_cv_prog_gnu_ld='yes'
lt_cv_prog_gnu_ldcxx='yes'
lt_cv_sharedlib_from_linklib_cmd='printf %s\n'
lt_cv_shlibpath_overrides_runpath='yes'
lt_cv_sys_global_symbol_pipe='/bin/sed -n -e '"'"'s/^.*[	 ]\([ABCDGIRSTW][ABCDGIRSTW]*\)[	 ][	 ]*\([_A-Za-z][_A-Za-z0-9]*\)$/\1 \2 \2/p'"'"' | /bin/sed '"'"'/ __gnu_lto/d'"'"
lt_cv_sys_global_symbol_to_c_name_address='/bin/sed -n -e '"'"'s/^: \(.*\) .*$/  {"\1", (void *) 0},/p'"'"' -e '"'"'s/^[ABCDGIRSTW][ABCDGIRSTW]* .* \(.*\)$/  {"\1", (void *) \&\1},/p'"'"
lt_cv_sys_global_symbol_to_c_name_address_lib_prefix='/bin/sed -n -e '"'"'s/^: \(.*\) .*$/  {"\1", (void *) 0},/p'"'"' -e '"'"'s/^[ABCDGIRSTW][ABCDGIRSTW]* .* \(lib.*\)$/  {"\1", (void *) \&\1},/p'"'"' -e '"'"'s/^[ABCDGIRSTW][ABCDGIRSTW]* .* \(.*\)$/  {"lib\1", (void *) \&\1},/p'"'"
lt_cv_sys_global_symbol_to_cdecl='/bin/sed -n -e '"'"'s/^T .* \(.*\)$/extern int \1();/p'"'"' -e '"'"'s/^[ABCDGIRSTW][ABCDGIRSTW]* .* \(.*\)$/extern char \1;/p'"'"
lt_cv_sys_global_symbol_to_import=''
lt_cv_sys_max_cmd_len='98304'
lt_cv_sys_symbol_underscore='no'
lt_cv_to_host_file_cmd='func_convert_file_noop'
lt_cv_to_tool_file_cmd='func_convert_file_noop'
lt_cv_truncate_bin='/bin/dd bs=4096 count=1'

## ----------------- ##
## Output variables. ##
## ----------------- ##

ACLOCAL='${SHELL} '\''/home/bloink/Work/unnamedlinuxdistro/libffi/missing'\'' aclocal-1.16'
AMDEPBACKSLASH='\'
AMDEP_FALSE='#'
AMDEP_TRUE=''
AMTAR='$${TAR-tar}'
AM_BACKSLASH='\'
AM_DEFAULT_V='$(AM_DEFAULT_VERBOSITY)'
AM_DEFAULT_VERBOSITY='1'
AM_LTLDFLAGS=''
AM_RUNTESTFLAGS=''
AM_V='$(V)'
AR='ar'
AUTOCONF='${SHELL} '\''/home/bloink/Work/unnamedlinuxdistro/libffi/missing'\'' autoconf'
AUTOHEADER='${SHELL} '\''/home/bloink/Work/unnamedlinuxdistro/libffi/missing'\'' autoheader'
AUTOMAKE='${SHELL} '\''/home/bloink/Work/unnamedlinuxdistro/libffi/missing'\'' automake-1.16'
AWK='gawk'
BUILD_DOCS_FALSE='#'
BUILD_DOCS_TRUE=''
CC='gcc'
CCAS='gcc'
CCASDEPMODE='depmode=gcc3'
CCASFLAGS=''
CCDEPMODE='depmode=gcc3'
CFLAGS='-Wall  -O3 -fomit-frame-pointer -fstrict-aliasing -ffast-math -march=core2 -fexceptions'
CPPFLAGS=''
CSCOPE='cscope'
CTAGS='ctags'
CXX='g++'
CXXCPP='g++ -E'
CXXDEPMODE='depmode=gcc3'
CXXFLAGS='-g -O2'
CYGPATH_W='echo'
DEFS='-DHAVE_CONFIG_H'
DEPDIR='.deps'
DLLTOOL='false'
DSYMUTIL=''
DUMPBIN=''
ECHO_C=''
ECHO_N='-n'
ECHO_T=''
EGREP='/bin/grep -E'
ETAGS='etags'
EXEEXT=''
FFI_DEBUG_FALSE=''
FFI_DEBUG_TRUE='#'
FFI_EXEC_TRAMPOLINE_TABLE='0'
FFI_EXEC_TRAMPOLINE_TABLE_FALSE=''
FFI_EXEC_TRAMPOLINE_TABLE_TRUE='#'
FFI_VERSION_NUMBER='30800'
FFI_VERSION_STRING='3.8.0'
FGREP='/bin/grep -F'
FILECMD='file'
GREP='/bin/grep'
HAVE_LONG_DOUBLE='1'
HAVE_LONG_DOUBLE_VARIANT='0'
INSTALL_DATA='${INSTALL} -m 644'
INSTALL_PROGRAM='${INSTALL}'
INSTALL_SCRIPT='${INSTALL}'
INSTALL_STRIP_PROGRAM='$(install_sh) -c -s'
LD='/usr/x86_64-alpine-linux-musl/bin/ld -m elf_x86_64'
LDFLAGS=''
LIBFFI_BUILD_VERSIONED_SHLIB_FALSE='#'
LIBFFI_BUILD_VERSIONED_SHLIB_GNU_FALSE='#'
LIBFFI_BUILD_VERSIONED_SHLIB_GNU_TRUE=''
LIBFFI_BUILD_VERSIONED_SHLIB_SUN_FALSE=''
LIBFFI_BUILD_VERSIONED_SHLIB_SUN_TRUE='#'
LIBFFI_BUILD_VERSIONED_SHLIB_TRUE=''
LIBOBJS=''
LIBS=''
LIBTOOL='$(SHELL) $(top_builddir)/libtool'
LIPO=''
LN_S='ln -s'
LTLIBOBJS=''
LT_SYS_LIBRARY_PATH=''
MAINT='#'
MAINTAINER_MODE_FALSE=''
MAINTAINER_MODE_TRUE='#'
MAKEINFO='${SHELL} '\''/home/bloink/Work/unnamedlinuxdistro/libffi/missing'\'' makeinfo'
MANIFEST_TOOL=':'
MKDIR_P='/bin/mkdir -p'
NM='/usr/bin/nm -B'
NMEDIT=''
OBJDUMP='objdump'
OBJEXT='o'
OPT_LDFLAGS='-Wl,-O1 '
OTOOL64=''
OTOOL=''
PACKAGE='libffi'
PACKAGE_BUGREPORT='http://github.com/libffi/libffi/issues'
PACKAGE_NAME='libffi'
PACKAGE_STRING='libffi 3.8.0'
PACKAGE_TARNAME='libffi'
PACKAGE_URL=''
PACKAGE_VERSION='3.8.0'
PATH_SEPARATOR=':'
PRTDIAG=''
RANLIB='ranlib'
READELF='readelf'
SECTION_LDFLAGS=''
SED='/bin/sed'
SET_MAKE=''
SHELL='/bin/sh'
STRIP='strip'
TARGET='X86_64'
TARGETDIR='x86'
TARGET_OBJ=' src/x86/ffi64.lo src/x86/unix64.lo src/x86/ffiw64.lo src/x86/win64.lo'
TESTSUBDIR_FALSE='#'
TESTSUBDIR_TRUE=''
VERSION='3.8.0'
WASM64_MEMORY64=''
ac_ct_AR='ar'
ac_ct_CC='gcc'
ac_ct_CXX='g++'
ac_ct_DUMPBIN=''
ac_ct_READELF='readelf'
am__EXEEXT_FALSE=''
am__EXEEXT_TRUE='#'
am__fastdepCCAS_FALSE='#'
am__fastdepCCAS_TRUE=''
am__fastdepCC_FALSE='#'
am__fastdepCC_TRUE=''
am__fastdepCXX_FALSE='#'
am__fastdepCXX_TRUE=''
am__include='include'
am__isrc=' -I$(srcdir)'
am__leading_dot='.'
am__nodep='_no'
am__quote=''
am__tar='$${TAR-tar} chof - "$$tardir"'
am__untar='$${TAR-tar} xf -'
ax_enable_builddir_sed='sed'
bindir='${exec_prefix}/bin'
build='x86_64-pc-linux-musl'
build_alias=''
build_cpu='x86_64'
build_os='linux-musl'
build_vendor='pc'
datadir='${datarootdir}'
datarootdir='${prefix}/share'
docdir='${datarootdir}/doc/${PACKAGE_TARNAME}'
dvidir='${docdir}'
exec_prefix='${prefix}'
host='x86_64-pc-linux-musl'
host_alias=''
host_cpu='x86_64'
host_os='linux-musl'
host_vendor='pc'
htmldir='${docdir}'
includedir='${prefix}/include'
infodir='${datarootdir}/info'
install_sh='${SHELL} /home/bloink/Work/unnamedlinuxdistro/libffi/install-sh'
libdir='${exec_prefix}/lib'
libexecdir='${exec_prefix}/libexec'
localedir='${datarootdir}/locale'
localstatedir='${prefix}/var'
mandir='${datarootdir}/man'
mkdir_p='$(MKDIR_P)'
oldincludedir='/usr/include'
pdfdir='${docdir}'
prefix='/home/bloink/Work/unnamedlinuxdistro/fs'
program_transform_name='s,x,x,'
psdir='${docdir}'
runstatedir='${localstatedir}/run'
sbindir='${exec_prefix}/sbin'
sharedstatedir='${prefix}/com'
sys_symbol_underscore='no'
sysconfdir='${prefix}/etc'
target='x86_64-pc-linux-musl'
target_alias=''
target_cpu='x86_64'
target_os='linux-musl'
target_vendor='pc'
tmake_file=''
toolexecdir='${libdir}/gcc-lib/$(target_alias)'
toolexeclibdir='${libdir}/../lib'

## ----------- ##
## confdefs.h. ##
## ----------- ##

/* confdefs.h */
#define PACKAGE_NAME "libffi"
#define PACKAGE_TARNAME "libffi"
#define PACKAGE_VERSION "3.8.0"
#define PACKAGE_STRING "libffi 3.8.0"
#define PACKAGE_BUGREPORT "http://github.com/libffi/libffi/issues"
#define PACKAGE_URL ""
#define PACKAGE "libffi"
#define VERSION "3.8.0"
#define HAVE_STDIO_H 1
#define HAVE_STDLIB_H 1
#define HAVE_STRING_H 1
#define HAVE_INTTYPES_H 1
#define HAVE_STDINT_H 1
#define HAVE_STRINGS_H 1
#define HAVE_SYS_STAT_H 1
#define HAVE_SYS_TYPES_H 1
#define HAVE_UNISTD_H 1
#define STDC_HEADERS 1
#define HAVE_DLFCN_H 1
#define LT_OBJDIR ".libs/"
#define SIZEOF_SIZE_T 8
#define HAVE_MEMFD_CREATE 1
#define HAVE_MEMCPY 1
#define HAVE_ALLOCA_H 1
#define SIZEOF_DOUBLE 8
#define SIZEOF_LONG_DOUBLE 16
#define HAVE_LONG_DOUBLE 1
#define HAVE_INT128 1
#define HAVE_AS_CFI_PSEUDO_OP 1
#define HAVE_AS_X86_PCREL 1
#define HAVE_AS_X86_64_UNWIND_SECTION_TYPE 1
#define HAVE_RO_EH_FRAME 1
#define EH_FRAME_FLAGS "a"
#define HAVE_HIDDEN_VISIBILITY_ATTRIBUTE 1
#define FFI_EXEC_STATIC_TRAMP 1
#define LIBFFI_GNU_SYMBOL_VERSIONING 1

configure: exit 0

## ---------------- ##
## Cache variables. ##
## ---------------- ##

ac_cv_build='x86_64-pc-linux-musl'
ac_cv_env_CCASFLAGS_set=''
ac_cv_env_CCASFLAGS_value=''
ac_cv_env_CCAS_set=''
ac_cv_env_CCAS_value=''
ac_cv_env_CPPFLAGS_set=''
ac_cv_env_CPPFLAGS_value=''
ac_cv_env_CXXCPP_set=''
ac_cv_env_CXXCPP_value=''
ac_cv_env_LT_SYS_LIBRARY_PATH_set=''
ac_cv_env_LT_SYS_LIBRARY_PATH_value=''
ac_cv_env_WASM64_MEMORY64_set=''
ac_cv_env_WASM64_MEMORY64_value=''
ac_cv_env_build_alias_set=''
ac_cv_env_build_alias_value=''
ac_cv_env_host_alias_set=''
ac_cv_env_host_alias_value=''
ac_cv_env_target_alias_set=''
ac_cv_env_target_alias_value=''
ac_cv_host='x86_64-pc-linux-musl'
ac_cv_target='x86_64-pc-linux-musl'

## ----------------- ##
## Output variables. ##
## ----------------- ##

ACLOCAL=''
AMDEPBACKSLASH=''
AMDEP_FALSE=''
AMDEP_TRUE=''
AMTAR=''
AM_BACKSLASH=''
AM_DEFAULT_V=''
AM_DEFAULT_VERBOSITY=''
AM_LTLDFLAGS=''
AM_RUNTESTFLAGS=''
AM_V=''
AR=''
AUTOCONF=''
AUTOHEADER=''
AUTOMAKE=''
AWK=''
BUILD_DOCS_FALSE=''
BUILD_DOCS_TRUE=''
CC=''
CCAS=''
CCASDEPMODE=''
CCASFLAGS=''
CCDEPMODE=''
CFLAGS=''
CPPFLAGS=''
CSCOPE=''
CTAGS=''
CXX=''
CXXCPP=''
CXXDEPMODE=''
CXXFLAGS=''
CYGPATH_W=''
DEFS=''
DEPDIR=''
DLLTOOL=''
DSYMUTIL=''
DUMPBIN=''
ECHO_C=''
ECHO_N='-n'
ECHO_T=''
EGREP=''
ETAGS=''
EXEEXT=''
FFI_DEBUG_FALSE=''
FFI_DEBUG_TRUE=''
FFI_EXEC_TRAMPOLINE_TABLE=''
FFI_EXEC_TRAMPOLINE_TABLE_FALSE=''
FFI_EXEC_TRAMPOLINE_TABLE_TRUE=''
FFI_VERSION_NUMBER='30800'
FFI_VERSION_STRING='3.8.0'
FGREP=''
FILECMD=''
GREP=''
HAVE_LONG_DOUBLE=''
HAVE_LONG_DOUBLE_VARIANT=''
INSTALL_DATA=''
INSTALL_PROGRAM=''
INSTALL_SCRIPT=''
INSTALL_STRIP_PROGRAM=''
LD=''
LDFLAGS=''
LIBFFI_BUILD_VERSIONED_SHLIB_FALSE=''
LIBFFI_BUILD_VERSIONED_SHLIB_GNU_FALSE=''
LIBFFI_BUILD_VERSIONED_SHLIB_GNU_TRUE=''
LIBFFI_BUILD_VERSIONED_SHLIB_SUN_FALSE=''
LIBFFI_BUILD_VERSIONED_SHLIB_SUN_TRUE=''
LIBFFI_BUILD_VERSIONED_SHLIB_TRUE=''
LIBOBJS=''
LIBS=''
LIBTOOL=''
LIPO=''
LN_S=''
LTLIBOBJS=''
LT_SYS_LIBRARY_PATH=''
MAINT=''
MAINTAINER_MODE_FALSE=''
MAINTAINER_MODE_TRUE=''
MAKEINFO=''
MANIFEST_TOOL=''
MKDIR_P=''
NM=''
NMEDIT=''
OBJDUMP=''
OBJEXT=''
OPT_LDFLAGS=''
OTOOL64=''
OTOOL=''
PACKAGE=''
PACKAGE_BUGREPORT='http://github.com/libffi/libffi/issues'
PACKAGE_NAME='libffi'
PACKAGE_STRING='libffi 3.8.0'
PACKAGE_TARNAME='libffi'
PACKAGE_URL=''
PACKAGE_VERSION='3.8.0'
PATH_SEPARATOR=':'
PRTDIAG=''
RANLIB=''
READELF=''
SECTION_LDFLAGS=''
SED=''
SET_MAKE=''
SHELL='/bin/sh'
STRIP=''
TARGET='x86_64-pc-linux-musl'
TARGETDIR=''
TARGET_OBJ=''
TESTSUBDIR_FALSE=''
TESTSUBDIR_TRUE=''
VERSION=''
WASM64_MEMORY64=''
ac_ct_AR=''
ac_ct_CC=''
ac_ct_CXX=''
ac_ct_DUMPBIN=''
ac_ct_READELF=''
am__EXEEXT_FALSE=''
am__EXEEXT_TRUE=''
am__fastdepCCAS_FALSE=''
am__fastdepCCAS_TRUE=''
am__fastdepCC_FALSE=''
am__fastdepCC_TRUE=''
am__fastdepCXX_FALSE=''
am__fastdepCXX_TRUE=''
am__include=''
am__isrc=''
am__leading_dot=''
am__nodep=''
am__quote=''
am__tar=''
am__untar=''
ax_enable_builddir_sed=''
bindir='${exec_prefix}/bin'
build='x86_64-pc-linux-musl'
build_alias=''
build_cpu='x86_64'
build_os='linux-musl'
build_vendor='pc'
datadir='${datarootdir}'
datarootdir='${prefix}/share'
docdir='${datarootdir}/doc/${PACKAGE_TARNAME}'
dvidir='${docdir}'
exec_prefix='NONE'
host='x86_64-pc-linux-musl'
host_alias=''
host_cpu='x86_64'
host_os='linux-musl'
host_vendor='pc'
htmldir='${docdir}'
includedir='${prefix}/include'
infodir='${datarootdir}/info'
install_sh=''
libdir='${exec_prefix}/lib'
libexecdir='${exec_prefix}/libexec'
localedir='${datarootdir}/locale'
localstatedir='${prefix}/var'
mandir='${datarootdir}/man'
mkdir_p=''
oldincludedir='/usr/include'
pdfdir='${docdir}'
prefix='/home/bloink/Work/unnamedlinuxdistro/fs'
program_transform_name='s,x,x,'
psdir='${docdir}'
runstatedir='${localstatedir}/run'
sbindir='${exec_prefix}/sbin'
sharedstatedir='${prefix}/com'
sys_symbol_underscore=''
sysconfdir='${prefix}/etc'
target='x86_64-pc-linux-musl'
target_alias=''
target_cpu='x86_64'
target_os='linux-musl'
target_vendor='pc'
tmake_file=''
toolexecdir=''
toolexeclibdir=''

configure: exit 0
